main.c:102:5:main	16	static
main.c:472:6:SystemClock_Config	88	static
main.c:523:13:MX_ADC1_Init	24	static
main.c:573:13:MX_ADC2_Init	24	static
main.c:623:13:MX_DAC_Init	16	static
main.c:668:13:MX_SPI2_Init	8	static
main.c:706:13:MX_SPI3_Init	8	static
main.c:744:13:MX_TIM1_Init	32	static
main.c:794:13:MX_TIM3_Init	32	static
main.c:841:13:MX_TIM5_Init	32	static
main.c:895:13:MX_TIM7_Init	16	static
main.c:932:13:MX_DMA_Init	16	static
main.c:954:13:MX_GPIO_Init	48	static
main.c:1016:6:HAL_TIM_PeriodElapsedCallback	16	static
main.c:1032:6:Error_Handler	4	static,ignoring_inline_asm
