main.c:103:5:main	16	static
main.c:473:6:SystemClock_Config	88	static
main.c:524:13:MX_ADC1_Init	24	static
main.c:574:13:MX_ADC2_Init	24	static
main.c:624:13:MX_DAC_Init	16	static
main.c:669:13:MX_SPI2_Init	8	static
main.c:707:13:MX_SPI3_Init	8	static
main.c:745:13:MX_TIM1_Init	32	static
main.c:795:13:MX_TIM3_Init	32	static
main.c:842:13:MX_TIM5_Init	32	static
main.c:896:13:MX_TIM7_Init	16	static
main.c:933:13:MX_DMA_Init	16	static
main.c:958:13:MX_GPIO_Init	48	static
main.c:1024:6:HAL_TIM_PeriodElapsedCallback	16	static
main.c:1039:6:Error_Handler	4	static,ignoring_inline_asm
