Archive member included to satisfy reference by file (symbol)

c:/st/stm32cubeide_1.6.1/stm32cubeide/plugins/com.st.stm32cube.ide.mcu.externaltools.gnu-tools-for-stm32.9-2020-q2-update.win32_2.0.0.202105311346/tools/bin/../lib/gcc/arm-none-eabi/9.3.1/../../../../arm-none-eabi/lib/thumb/v7e-m+fp/hard\libc_nano.a(lib_a-errno.o)
                              ./Core/Src/syscalls.o (__errno)
c:/st/stm32cubeide_1.6.1/stm32cubeide/plugins/com.st.stm32cube.ide.mcu.externaltools.gnu-tools-for-stm32.9-2020-q2-update.win32_2.0.0.202105311346/tools/bin/../lib/gcc/arm-none-eabi/9.3.1/../../../../arm-none-eabi/lib/thumb/v7e-m+fp/hard\libc_nano.a(lib_a-exit.o)
                              c:/st/stm32cubeide_1.6.1/stm32cubeide/plugins/com.st.stm32cube.ide.mcu.externaltools.gnu-tools-for-stm32.9-2020-q2-update.win32_2.0.0.202105311346/tools/bin/../lib/gcc/arm-none-eabi/9.3.1/../../../../arm-none-eabi/lib/thumb/v7e-m+fp/hard/crt0.o (exit)
c:/st/stm32cubeide_1.6.1/stm32cubeide/plugins/com.st.stm32cube.ide.mcu.externaltools.gnu-tools-for-stm32.9-2020-q2-update.win32_2.0.0.202105311346/tools/bin/../lib/gcc/arm-none-eabi/9.3.1/../../../../arm-none-eabi/lib/thumb/v7e-m+fp/hard\libc_nano.a(lib_a-impure.o)
                              c:/st/stm32cubeide_1.6.1/stm32cubeide/plugins/com.st.stm32cube.ide.mcu.externaltools.gnu-tools-for-stm32.9-2020-q2-update.win32_2.0.0.202105311346/tools/bin/../lib/gcc/arm-none-eabi/9.3.1/../../../../arm-none-eabi/lib/thumb/v7e-m+fp/hard\libc_nano.a(lib_a-exit.o) (_global_impure_ptr)
c:/st/stm32cubeide_1.6.1/stm32cubeide/plugins/com.st.stm32cube.ide.mcu.externaltools.gnu-tools-for-stm32.9-2020-q2-update.win32_2.0.0.202105311346/tools/bin/../lib/gcc/arm-none-eabi/9.3.1/../../../../arm-none-eabi/lib/thumb/v7e-m+fp/hard\libc_nano.a(lib_a-init.o)
                              c:/st/stm32cubeide_1.6.1/stm32cubeide/plugins/com.st.stm32cube.ide.mcu.externaltools.gnu-tools-for-stm32.9-2020-q2-update.win32_2.0.0.202105311346/tools/bin/../lib/gcc/arm-none-eabi/9.3.1/../../../../arm-none-eabi/lib/thumb/v7e-m+fp/hard/crt0.o (__libc_init_array)
c:/st/stm32cubeide_1.6.1/stm32cubeide/plugins/com.st.stm32cube.ide.mcu.externaltools.gnu-tools-for-stm32.9-2020-q2-update.win32_2.0.0.202105311346/tools/bin/../lib/gcc/arm-none-eabi/9.3.1/../../../../arm-none-eabi/lib/thumb/v7e-m+fp/hard\libc_nano.a(lib_a-malloc.o)
                              ./Core/Src/Lcd_ctl.o (malloc)
c:/st/stm32cubeide_1.6.1/stm32cubeide/plugins/com.st.stm32cube.ide.mcu.externaltools.gnu-tools-for-stm32.9-2020-q2-update.win32_2.0.0.202105311346/tools/bin/../lib/gcc/arm-none-eabi/9.3.1/../../../../arm-none-eabi/lib/thumb/v7e-m+fp/hard\libc_nano.a(lib_a-memcpy-stub.o)
                              ./Core/Src/File.o (memcpy)
c:/st/stm32cubeide_1.6.1/stm32cubeide/plugins/com.st.stm32cube.ide.mcu.externaltools.gnu-tools-for-stm32.9-2020-q2-update.win32_2.0.0.202105311346/tools/bin/../lib/gcc/arm-none-eabi/9.3.1/../../../../arm-none-eabi/lib/thumb/v7e-m+fp/hard\libc_nano.a(lib_a-memset.o)
                              c:/st/stm32cubeide_1.6.1/stm32cubeide/plugins/com.st.stm32cube.ide.mcu.externaltools.gnu-tools-for-stm32.9-2020-q2-update.win32_2.0.0.202105311346/tools/bin/../lib/gcc/arm-none-eabi/9.3.1/../../../../arm-none-eabi/lib/thumb/v7e-m+fp/hard/crt0.o (memset)
c:/st/stm32cubeide_1.6.1/stm32cubeide/plugins/com.st.stm32cube.ide.mcu.externaltools.gnu-tools-for-stm32.9-2020-q2-update.win32_2.0.0.202105311346/tools/bin/../lib/gcc/arm-none-eabi/9.3.1/../../../../arm-none-eabi/lib/thumb/v7e-m+fp/hard\libc_nano.a(lib_a-nano-freer.o)
                              c:/st/stm32cubeide_1.6.1/stm32cubeide/plugins/com.st.stm32cube.ide.mcu.externaltools.gnu-tools-for-stm32.9-2020-q2-update.win32_2.0.0.202105311346/tools/bin/../lib/gcc/arm-none-eabi/9.3.1/../../../../arm-none-eabi/lib/thumb/v7e-m+fp/hard\libc_nano.a(lib_a-malloc.o) (_free_r)
c:/st/stm32cubeide_1.6.1/stm32cubeide/plugins/com.st.stm32cube.ide.mcu.externaltools.gnu-tools-for-stm32.9-2020-q2-update.win32_2.0.0.202105311346/tools/bin/../lib/gcc/arm-none-eabi/9.3.1/../../../../arm-none-eabi/lib/thumb/v7e-m+fp/hard\libc_nano.a(lib_a-nano-mallocr.o)
                              c:/st/stm32cubeide_1.6.1/stm32cubeide/plugins/com.st.stm32cube.ide.mcu.externaltools.gnu-tools-for-stm32.9-2020-q2-update.win32_2.0.0.202105311346/tools/bin/../lib/gcc/arm-none-eabi/9.3.1/../../../../arm-none-eabi/lib/thumb/v7e-m+fp/hard\libc_nano.a(lib_a-malloc.o) (_malloc_r)
c:/st/stm32cubeide_1.6.1/stm32cubeide/plugins/com.st.stm32cube.ide.mcu.externaltools.gnu-tools-for-stm32.9-2020-q2-update.win32_2.0.0.202105311346/tools/bin/../lib/gcc/arm-none-eabi/9.3.1/../../../../arm-none-eabi/lib/thumb/v7e-m+fp/hard\libc_nano.a(lib_a-sbrkr.o)
[...]
Memory Configuration

Name             Origin             Length             Attributes
RAM              0x0000000020000000 0x0000000000020000 xrw
LOFLASH          0x0000000008000000 0x0000000000004000 xr
KPGFLASH         0x0000000008004000 0x0000000000004000 xrw
DATFLASH         0x0000000008008000 0x0000000000004000 xrw
FLASH            0x000000000800c000 0x0000000000074000 xr
*default*        0x0000000000000000 0xffffffffffffffff

Linker script and memory map

LOAD c:/st/stm32cubeide_1.6.1/stm32cubeide/plugins/com.st.stm32cube.ide.mcu.externaltools.gnu-tools-for-stm32.9-2020-q2-update.win32_2.0.0.202105311346/tools/bin/../lib/gcc/arm-none-eabi/9.3.1/thumb/v7e-m+fp/hard/crti.o
LOAD c:/st/stm32cubeide_1.6.1/stm32cubeide/plugins/com.st.stm32cube.ide.mcu.externaltools.gnu-tools-for-stm32.9-2020-q2-update.win32_2.0.0.202105311346/tools/bin/../lib/gcc/arm-none-eabi/9.3.1/thumb/v7e-m+fp/hard/crtbegin.o
LOAD c:/st/stm32cubeide_1.6.1/stm32cubeide/plugins/com.st.stm32cube.ide.mcu.externaltools.gnu-tools-for-stm32.9-2020-q2-update.win32_2.0.0.202105311346/tools/bin/../lib/gcc/arm-none-eabi/9.3.1/../../../../arm-none-eabi/lib/thumb/v7e-m+fp/hard/crt0.o
LOAD ./Core/Src/Bios.o
LOAD ./Core/Src/Display.o
LOAD ./Core/Src/Draw.o
LOAD ./Core/Src/Ext_flash.o
LOAD ./Core/Src/Fat12.o
LOAD ./Core/Src/File.o
LOAD ./Core/Src/Flash.o
LOAD ./Core/Src/Func.o
LOAD ./Core/Src/Lcd_ctl.o
LOAD ./Core/Src/Menu.o
LOAD ./Core/Src/Process.o
LOAD ./Core/Src/Touch_ctl.o
LOAD ./Core/Src/main.o
LOAD ./Core/Src/stm32f4xx_hal_msp.o
LOAD ./Core/Src/stm32f4xx_it.o
LOAD ./Core/Src/syscalls.o
LOAD ./Core/Src/sysmem.o
LOAD ./Core/Src/system_stm32f4xx.o
LOAD ./Core/Startup/startup_stm32f446retx.o
LOAD ./Drivers/STM32F4xx_HAL_Driver/Src/stm32f4xx_hal.o
LOAD ./Drivers/STM32F4xx_HAL_Driver/Src/stm32f4xx_hal_adc.o
LOAD ./Drivers/STM32F4xx_HAL_Driver/Src/stm32f4xx_hal_adc_ex.o
LOAD ./Drivers/STM32F4xx_HAL_Driver/Src/stm32f4xx_hal_cortex.o
LOAD ./Drivers/STM32F4xx_HAL_Driver/Src/stm32f4xx_hal_dac.o
LOAD ./Drivers/STM32F4xx_HAL_Driver/Src/stm32f4xx_hal_dac_ex.o
LOAD ./Drivers/STM32F4xx_HAL_Driver/Src/stm32f4xx_hal_dma.o
LOAD ./Drivers/STM32F4xx_HAL_Driver/Src/stm32f4xx_hal_dma_ex.o
LOAD ./Drivers/STM32F4xx_HAL_Driver/Src/stm32f4xx_hal_exti.o
LOAD ./Drivers/STM32F4xx_HAL_Driver/Src/stm32f4xx_hal_flash.o
LOAD ./Drivers/STM32F4xx_HAL_Driver/Src/stm32f4xx_hal_flash_ex.o
LOAD ./Drivers/STM32F4xx_HAL_Driver/Src/stm32f4xx_hal_flash_ramfunc.o
LOAD ./Drivers/STM32F4xx_HAL_Driver/Src/stm32f4xx_hal_gpio.o
LOAD ./Drivers/STM32F4xx_HAL_Driver/Src/stm32f4xx_hal_pcd.o
LOAD ./Drivers/STM32F4xx_HAL_Driver/Src/stm32f4xx_hal_pcd_ex.o
LOAD ./Drivers/STM32F4xx_HAL_Driver/Src/stm32f4xx_hal_pwr.o
LOAD ./Drivers/STM32F4xx_HAL_Driver/Src/stm32f4xx_hal_pwr_ex.o
LOAD ./Drivers/STM32F4xx_HAL_Driver/Src/stm32f4xx_hal_rcc.o
LOAD ./Drivers/STM32F4xx_HAL_Driver/Src/stm32f4xx_hal_rcc_ex.o
LOAD ./Drivers/STM32F4xx_HAL_Driver/Src/stm32f4xx_hal_spi.o
LOAD ./Drivers/STM32F4xx_HAL_Driver/Src/stm32f4xx_hal_tim.o
LOAD ./Drivers/STM32F4xx_HAL_Driver/Src/stm32f4xx_hal_tim_ex.o
LOAD ./Drivers/STM32F4xx_HAL_Driver/Src/stm32f4xx_ll_adc.o
LOAD ./Drivers/STM32F4xx_HAL_Driver/Src/stm32f4xx_ll_usb.o
LOAD ./Middlewares/ST/STM32_USB_Device_Library/Class/MSC/Src/usbd_msc.o
LOAD ./Middlewares/ST/STM32_USB_Device_Library/Class/MSC/Src/usbd_msc_bot.o
LOAD ./Middlewares/ST/STM32_USB_Device_Library/Class/MSC/Src/usbd_msc_data.o
LOAD ./Middlewares/ST/STM32_USB_Device_Library/Class/MSC/Src/usbd_msc_scsi.o
LOAD ./Middlewares/ST/STM32_USB_Device_Library/Core/Src/usbd_core.o
LOAD ./Middlewares/ST/STM32_USB_Device_Library/Core/Src/usbd_ctlreq.o
LOAD ./Middlewares/ST/STM32_USB_Device_Library/Core/Src/usbd_ioreq.o
LOAD ./USB_DEVICE/App/usb_device.o
LOAD ./USB_DEVICE/App/usbd_desc.o
LOAD ./USB_DEVICE/App/usbd_storage_if.o
LOAD ./USB_DEVICE/Target/usbd_conf.o
START GROUP
LOAD c:/st/stm32cubeide_1.6.1/stm32cubeide/plugins/com.st.stm32cube.ide.mcu.externaltools.gnu-tools-for-stm32.9-2020-q2-update.win32_2.0.0.202105311346/tools/bin/../lib/gcc/arm-none-eabi/9.3.1/../../../../arm-none-eabi/lib/thumb/v7e-m+fp/hard\libc_nano.a
LOAD c:/st/stm32cubeide_1.6.1/stm32cubeide/plugins/com.st.stm32cube.ide.mcu.externaltools.gnu-tools-for-stm32.9-2020-q2-update.win32_2.0.0.202105311346/tools/bin/../lib/gcc/arm-none-eabi/9.3.1/../../../../arm-none-eabi/lib/thumb/v7e-m+fp/hard\libm.a
END GROUP
START GROUP
LOAD c:/st/stm32cubeide_1.6.1/stm32cubeide/plugins/com.st.stm32cube.ide.mcu.externaltools.gnu-tools-for-stm32.9-2020-q2-update.win32_2.0.0.202105311346/tools/bin/../lib/gcc/arm-none-eabi/9.3.1/thumb/v7e-m+fp/hard\libgcc.a
LOAD c:/st/stm32cubeide_1.6.1/stm32cubeide/plugins/com.st.stm32cube.ide.mcu.externaltools.gnu-tools-for-stm32.9-2020-q2-update.win32_2.0.0.202105311346/tools/bin/../lib/gcc/arm-none-eabi/9.3.1/../../../../arm-none-eabi/lib/thumb/v7e-m+fp/hard\libc_nano.a
END GROUP
START GROUP
LOAD c:/st/stm32cubeide_1.6.1/stm32cubeide/plugins/com.st.stm32cube.ide.mcu.externaltools.gnu-tools-for-stm32.9-2020-q2-update.win32_2.0.0.202105311346/tools/bin/../lib/gcc/arm-none-eabi/9.3.1/thumb/v7e-m+fp/hard\libgcc.a
LOAD c:/st/stm32cubeide_1.6.1/stm32cubeide/plugins/com.st.stm32cube.ide.mcu.externaltools.gnu-tools-for-stm32.9-2020-q2-update.win32_2.0.0.202105311346/tools/bin/../lib/gcc/arm-none-eabi/9.3.1/../../../../arm-none-eabi/lib/thumb/v7e-m+fp/hard\libc_nano.a
LOAD c:/st/stm32cubeide_1.6.1/stm32cubeide/plugins/com.st.stm32cube.ide.mcu.externaltools.gnu-tools-for-stm32.9-2020-q2-update.win32_2.0.0.202105311346/tools/bin/../lib/gcc/arm-none-eabi/9.3.1/../../../../arm-none-eabi/lib/thumb/v7e-m+fp/hard\libnosys.a
END GROUP
START GROUP
LOAD c:/st/stm32cubeide_1.6.1/stm32cubeide/plugins/com.st.stm32cube.ide.mcu.externaltools.gnu-tools-for-stm32.9-2020-q2-update.win32_2.0.0.202105311346/tools/bin/../lib/gcc/arm-none-eabi/9.3.1/thumb/v7e-m+fp/hard\libgcc.a
LOAD c:/st/stm32cubeide_1.6.1/stm32cubeide/plugins/com.st.stm32cube.ide.mcu.externaltools.gnu-tools-for-stm32.9-2020-q2-update.win32_2.0.0.202105311346/tools/bin/../lib/gcc/arm-none-eabi/9.3.1/../../../../arm-none-eabi/lib/thumb/v7e-m+fp/hard\libc_nano.a
LOAD c:/st/stm32cubeide_1.6.1/stm32cubeide/plugins/com.st.stm32cube.ide.mcu.externaltools.gnu-tools-for-stm32.9-2020-q2-update.win32_2.0.0.202105311346/tools/bin/../lib/gcc/arm-none-eabi/9.3.1/../../../../arm-none-eabi/lib/thumb/v7e-m+fp/hard\libnosys.a
END GROUP
LOAD c:/st/stm32cubeide_1.6.1/stm32cubeide/plugins/com.st.stm32cube.ide.mcu.externaltools.gnu-tools-for-stm32.9-2020-q2-update.win32_2.0.0.202105311346/tools/bin/../lib/gcc/arm-none-eabi/9.3.1/thumb/v7e-m+fp/hard/crtend.o
LOAD c:/st/stm32cubeide_1.6.1/stm32cubeide/plugins/com.st.stm32cube.ide.mcu.externaltools.gnu-tools-for-stm32.9-2020-q2-update.win32_2.0.0.202105311346/tools/bin/../lib/gcc/arm-none-eabi/9.3.1/thumb/v7e-m+fp/hard/crtn.o
                0x0000000020020000                _estack = (ORIGIN (RAM) + LENGTH (RAM))
                0x0000000000000800                _Min_Heap_Size = 0x800
                0x0000000000000600                _Min_Stack_Size = 0x600

.isr_vector     0x0000000008000000      0x1c4
                0x0000000008000000                . = ALIGN (0x4)
 *(.isr_vector)
 .isr_vector    0x0000000008000000      0x1c4 ./Core/Startup/startup_stm32f446retx.o
                0x0000000008000000                g_pfnVectors
                0x00000000080001c4                . = ALIGN (0x4)

.text           0x000000000800c000    0x17220
                0x000000000800c000                . = ALIGN (0x4)
 *(.text)
 .text          0x000000000800c000       0x40 c:/st/stm32cubeide_1.6.1/stm32cubeide/plugins/com.st.stm32cube.ide.mcu.externaltools.gnu-tools-for-stm32.9-2020-q2-update.win32_2.0.0.202105311346/tools/bin/../lib/gcc/arm-none-eabi/9.3.1/thumb/v7e-m+fp/hard/crtbegin.o
 .text          0x000000000800c040       0x10 c:/st/stm32cubeide_1.6.1/stm32cubeide/plugins/com.st.stm32cube.ide.mcu.externaltools.gnu-tools-for-stm32.9-2020-q2-update.win32_2.0.0.202105311346/tools/bin/../lib/gcc/arm-none-eabi/9.3.1/../../../../arm-none-eabi/lib/thumb/v7e-m+fp/hard\libc_nano.a(lib_a-strlen.o)
                0x000000000800c040                strlen
 .text          0x000000000800c050       0x30 c:/st/stm32cubeide_1.6.1/stm32cubeide/plugins/com.st.stm32cube.ide.mcu.externaltools.gnu-tools-for-stm32.9-2020-q2-update.win32_2.0.0.202105311346/tools/bin/../lib/gcc/arm-none-eabi/9.3.1/thumb/v7e-m+fp/hard\libgcc.a(_aeabi_uldivmod.o)
                0x000000000800c050                __aeabi_uldivmod
 .text          0x000000000800c080      0x2c4 c:/st/stm32cubeide_1.6.1/stm32cubeide/plugins/com.st.stm32cube.ide.mcu.externaltools.gnu-tools-for-stm32.9-2020-q2-update.win32_2.0.0.202105311346/tools/bin/../lib/gcc/arm-none-eabi/9.3.1/thumb/v7e-m+fp/hard\libgcc.a(_udivmoddi4.o)
                0x000000000800c080                __udivmoddi4
 .text          0x000000000800c344        0x4 c:/st/stm32cubeide_1.6.1/stm32cubeide/plugins/com.st.stm32cube.ide.mcu.externaltools.gnu-tools-for-stm32.9-2020-q2-update.win32_2.0.0.202105311346/tools/bin/../lib/gcc/arm-none-eabi/9.3.1/thumb/v7e-m+fp/hard\libgcc.a(_dvmd_tls.o)
                0x000000000800c344                __aeabi_idiv0
                0x000000000800c344                __aeabi_ldiv0
 *(.text*)
 .text.BIOS_Info
                0x000000000800c348       0x2c ./Core/Src/Bios.o
                0x000000000800c348                BIOS_Info
 .text.BIOS_Ctrl
                0x000000000800c374      0x2f8 ./Core/Src/Bios.o
                0x000000000800c374                BIOS_Ctrl
 .text.Set_Base
                0x000000000800c66c       0x6c ./Core/Src/Bios.o
                0x000000000800c66c                Set_Base
 .text.Set_Duty
                0x000000000800c6d8       0x58 ./Core/Src/Bios.o
                0x000000000800c6d8                Set_Duty
 .text.Set_Fout
                0x000000000800c730       0x6c ./Core/Src/Bios.o
                0x000000000800c730                Set_Fout
 .text.ADC_Start
                0x000000000800c79c       0x9c ./Core/Src/Bios.o
                0x000000000800c79c                ADC_Start
 .text.Valid_Button
                0x000000000800c838       0xe2 ./Core/Src/Bios.o
                0x000000000800c838                Valid_Button
 *fill*         0x000000000800c91a        0x2 
 .text.touchscan
                0x000000000800c91c      0x1f0 ./Core/Src/Bios.o
                0x000000000800c91c                touchscan
 .text.Tim3_ISP
                0x000000000800cb0c      0x224 ./Core/Src/Bios.o
                0x000000000800cb0c                Tim3_ISP
 .text.Fill_Base
                0x000000000800cd30       0x64 ./Core/Src/Display.o
                0x000000000800cd30                Fill_Base
 .text.Buld_0   0x000000000800cd94       0x18 ./Core/Src/Display.o
                0x000000000800cd94                Buld_0
 .text.Buld_1   0x000000000800cdac       0x50 ./Core/Src/Display.o
                0x000000000800cdac                Buld_1
 .text.Buld_2   0x000000000800cdfc       0x44 ./Core/Src/Display.o
                0x000000000800cdfc                Buld_2
 .text.Buld_3   0x000000000800ce40       0x4c ./Core/Src/Display.o
                0x000000000800ce40                Buld_3
 .text.Buld_4   0x000000000800ce8c       0x4c ./Core/Src/Display.o
                0x000000000800ce8c                Buld_4
 .text.Draw_Digit_Analog
                0x000000000800ced8      0x230 ./Core/Src/Display.o
                0x000000000800ced8                Draw_Digit_Analog
 .text.Cursor_0
                0x000000000800d108      0x114 ./Core/Src/Display.o
                0x000000000800d108                Cursor_0
 .text.Cursor_1
                0x000000000800d21c       0xe8 ./Core/Src/Display.o
                0x000000000800d21c                Cursor_1
 .text.Cursor_2
                0x000000000800d304       0xa8 ./Core/Src/Display.o
                0x000000000800d304                Cursor_2
 .text.Cursor_3
                0x000000000800d3ac       0xd0 ./Core/Src/Display.o
                0x000000000800d3ac                Cursor_3
 .text.Cursor_4
                0x000000000800d47c      0x300 ./Core/Src/Display.o
                0x000000000800d47c                Cursor_4
 .text.Send_LCD
                0x000000000800d77c       0x64 ./Core/Src/Display.o
                0x000000000800d77c                Send_LCD
 .text.Draw_Pop
                0x000000000800d7e0      0x2e8 ./Core/Src/Display.o
                0x000000000800d7e0                Draw_Pop
 .text.DrawWindow
                0x000000000800dac8      0x328 ./Core/Src/Display.o
                0x000000000800dac8                DrawWindow
 .text.DispChar8x14
                0x000000000800ddf0      0x120 ./Core/Src/Draw.o
                0x000000000800ddf0                DispChar8x14
 .text.DispStr8x14
                0x000000000800df10       0xb0 ./Core/Src/Draw.o
                0x000000000800df10                DispStr8x14
 .text.SetColor
                0x000000000800dfc0       0x30 ./Core/Src/Draw.o
                0x000000000800dfc0                SetColor
 .text.DispStr  0x000000000800dff0      0x1ac ./Core/Src/Draw.o
                0x000000000800dff0                DispStr
 .text.Draw_Circle_D
                0x000000000800e19c      0x324 ./Core/Src/Draw.o
                0x000000000800e19c                Draw_Circle_D
 .text.DispStr10x14
                0x000000000800e4c0       0x50 ./Core/Src/Draw.o
                0x000000000800e4c0                DispStr10x14
 .text.DispChar10x14
                0x000000000800e510      0x244 ./Core/Src/Draw.o
                0x000000000800e510                DispChar10x14
 .text.NotePixel
                0x000000000800e754      0x124 ./Core/Src/Draw.o
                0x000000000800e754                NotePixel
 .text.Buil_Pop
                0x000000000800e878      0x21c ./Core/Src/Draw.o
                0x000000000800e878                Buil_Pop
 .text.PopColor
                0x000000000800ea94       0x34 ./Core/Src/Draw.o
                0x000000000800ea94                PopColor
 .text.Close_Pop
                0x000000000800eac8       0x2c ./Core/Src/Draw.o
                0x000000000800eac8                Close_Pop
 .text.List_Pop
                0x000000000800eaf4       0x2c ./Core/Src/Draw.o
                0x000000000800eaf4                List_Pop
 .text.Dialog_Pop
                0x000000000800eb20       0xcc ./Core/Src/Draw.o
                0x000000000800eb20                Dialog_Pop
 .text.Calibrate_Pop
                0x000000000800ebec       0x6c ./Core/Src/Draw.o
                0x000000000800ebec                Calibrate_Pop
 .text.CalSave_Pop
                0x000000000800ec58       0xdc ./Core/Src/Draw.o
                0x000000000800ec58                CalSave_Pop
 .text.NoteSTR  0x000000000800ed34      0x14c ./Core/Src/Draw.o
                0x000000000800ed34                NoteSTR
 .text.Note_4Point
                0x000000000800ee80       0xe8 ./Core/Src/Draw.o
                0x000000000800ee80                Note_4Point
 .text.ExtFlash_SendByte
                0x000000000800ef68       0x90 ./Core/Src/Ext_flash.o
                0x000000000800ef68                ExtFlash_SendByte
 .text.ExtFlash_WaitForWriteEnd
                0x000000000800eff8       0x68 ./Core/Src/Ext_flash.o
                0x000000000800eff8                ExtFlash_WaitForWriteEnd
 .text.ExtFlash_PageRD
                0x000000000800f060       0x90 ./Core/Src/Ext_flash.o
                0x000000000800f060                ExtFlash_PageRD
 .text.ExtFlash_WriteEnable
                0x000000000800f0f0       0x2c ./Core/Src/Ext_flash.o
                0x000000000800f0f0                ExtFlash_WriteEnable
 .text.ExtFlash_PageProg
                0x000000000800f11c       0x98 ./Core/Src/Ext_flash.o
                0x000000000800f11c                ExtFlash_PageProg
 .text.ExtFLASH_SectorErase
                0x000000000800f1b4       0x5c ./Core/Src/Ext_flash.o
                0x000000000800f1b4                ExtFLASH_SectorErase
 .text.ExtFlash_PageWR
                0x000000000800f210      0x118 ./Core/Src/Ext_flash.o
                0x000000000800f210                ExtFlash_PageWR
 .text.ReadDiskData
                0x000000000800f328       0x4c ./Core/Src/Fat12.o
                0x000000000800f328                ReadDiskData
 .text.OpenFileRd
                0x000000000800f374       0xf0 ./Core/Src/Fat12.o
                0x000000000800f374                OpenFileRd
 .text.ProgDiskPage
                0x000000000800f464       0x44 ./Core/Src/Fat12.o
                0x000000000800f464                ProgDiskPage
 .text.SeekBlank
                0x000000000800f4a8       0xf8 ./Core/Src/Fat12.o
                0x000000000800f4a8                SeekBlank
 .text.SetCluster
                0x000000000800f5a0      0x10c ./Core/Src/Fat12.o
                0x000000000800f5a0                SetCluster
 .text.NextCluster
                0x000000000800f6ac       0xac ./Core/Src/Fat12.o
                0x000000000800f6ac                NextCluster
 .text.ProgFileSec
                0x000000000800f758       0x8c ./Core/Src/Fat12.o
                0x000000000800f758                ProgFileSec
 .text.ReadFileSec
                0x000000000800f7e4       0x5c ./Core/Src/Fat12.o
                0x000000000800f7e4                ReadFileSec
 .text.CloseFile
                0x000000000800f840       0xc8 ./Core/Src/Fat12.o
                0x000000000800f840                CloseFile
 .text.OpenFileWr
                0x000000000800f908       0xc4 ./Core/Src/Fat12.o
                0x000000000800f908                OpenFileWr
 .text.Color_Num
                0x000000000800f9cc       0xfe ./Core/Src/File.o
                0x000000000800f9cc                Color_Num
 *fill*         0x000000000800faca        0x2 
 .text.PrintClk
                0x000000000800facc       0xec ./Core/Src/File.o
                0x000000000800facc                PrintClk
 .text.WriteVar
                0x000000000800fbb8      0x150 ./Core/Src/File.o
                0x000000000800fbb8                WriteVar
 .text.WriteStr
                0x000000000800fd08      0x134 ./Core/Src/File.o
                0x000000000800fd08                WriteStr
 .text.Make_Filename
                0x000000000800fe3c       0x3c ./Core/Src/File.o
                0x000000000800fe3c                Make_Filename
 .text.Load_File_Num
                0x000000000800fe78      0x248 ./Core/Src/File.o
                0x000000000800fe78                Load_File_Num
 .text.File_Num
                0x00000000080100c0       0x5c ./Core/Src/File.o
                0x00000000080100c0                File_Num
 .text.Load_Buf
                0x000000000801011c      0x1bc ./Core/Src/File.o
                0x000000000801011c                Load_Buf
 .text.Save_Buf
                0x00000000080102d8      0x1ac ./Core/Src/File.o
                0x00000000080102d8                Save_Buf
 .text.Save_Dat
                0x0000000008010484      0x128 ./Core/Src/File.o
                0x0000000008010484                Save_Dat
 .text.Load_Dat
                0x00000000080105ac      0x158 ./Core/Src/File.o
                0x00000000080105ac                Load_Dat
 .text.Save_Bmp
                0x0000000008010704      0x2d4 ./Core/Src/File.o
                0x0000000008010704                Save_Bmp
 .text.Save_Csv
                0x00000000080109d8      0x44c ./Core/Src/File.o
                0x00000000080109d8                Save_Csv
 .text.Save_Svg
                0x0000000008010e24      0x884 ./Core/Src/File.o
                0x0000000008010e24                Save_Svg
 .text.Read_CalFlag
                0x00000000080116a8       0x50 ./Core/Src/Flash.o
                0x00000000080116a8                Read_CalFlag
 .text.Save_Parameter
                0x00000000080116f8      0x138 ./Core/Src/Flash.o
                0x00000000080116f8                Save_Parameter
 .text.Read_Parameter
                0x0000000008011830      0x11c ./Core/Src/Flash.o
                0x0000000008011830                Read_Parameter
 .text.Save_Kpg
                0x000000000801194c       0xec ./Core/Src/Flash.o
                0x000000000801194c                Save_Kpg
 .text.Read_Kpg
                0x0000000008011a38       0x84 ./Core/Src/Flash.o
                0x0000000008011a38                Read_Kpg
 .text.Restore  0x0000000008011abc       0xd4 ./Core/Src/Flash.o
                0x0000000008011abc                Restore
 .text.Restore_CalPar
                0x0000000008011b90      0x140 ./Core/Src/Flash.o
                0x0000000008011b90                Restore_CalPar
 .text.u8ToDec3
                0x0000000008011cd0       0x90 ./Core/Src/Func.o
                0x0000000008011cd0                u8ToDec3
 .text.memset16
                0x0000000008011d60       0x3e ./Core/Src/Func.o
                0x0000000008011d60                memset16
 *fill*         0x0000000008011d9e        0x2 
 .text.Value2Str
                0x0000000008011da0      0x1f8 ./Core/Src/Func.o
                0x0000000008011da0                Value2Str
 .text.Exp      0x0000000008011f98       0x34 ./Core/Src/Func.o
                0x0000000008011f98                Exp
 .text.Sqrt32   0x0000000008011fcc       0x4e ./Core/Src/Func.o
                0x0000000008011fcc                Sqrt32
 *fill*         0x000000000801201a        0x2 
 .text.u16ToDec4Str
                0x000000000801201c      0x164 ./Core/Src/Func.o
                0x000000000801201c                u16ToDec4Str
 .text.lcd_write_cmd_data
                0x0000000008012180       0x58 ./Core/Src/Lcd_ctl.o
                0x0000000008012180                lcd_write_cmd_data
 .text.Init_LCD
                0x00000000080121d8      0x22c ./Core/Src/Lcd_ctl.o
                0x00000000080121d8                Init_LCD
 .text.LCD_ClrScrn
                0x0000000008012404      0x11c ./Core/Src/Lcd_ctl.o
                0x0000000008012404                LCD_ClrScrn
 .text.LCD_Set_Posi
                0x0000000008012520       0x9c ./Core/Src/Lcd_ctl.o
                0x0000000008012520                LCD_Set_Posi
 .text.LCD_Set_Pixel
                0x00000000080125bc       0x50 ./Core/Src/Lcd_ctl.o
                0x00000000080125bc                LCD_Set_Pixel
 .text.LCD_Get_Pixel
                0x000000000801260c       0x6c ./Core/Src/Lcd_ctl.o
                0x000000000801260c                LCD_Get_Pixel
 .text.Draw_4Point
                0x0000000008012678       0xd0 ./Core/Src/Menu.o
                0x0000000008012678                Draw_4Point
 .text.Update_Title
                0x0000000008012748       0xa8 ./Core/Src/Menu.o
                0x0000000008012748                Update_Title
 .text.Update_Blink
                0x00000000080127f0      0xe30 ./Core/Src/Menu.o
                0x00000000080127f0                Update_Blink
 .text.Update_Detail
                0x0000000008013620     0x1018 ./Core/Src/Menu.o
                0x0000000008013620                Update_Detail
 .text.DispMeter
                0x0000000008014638      0x100 ./Core/Src/Menu.o
                0x0000000008014638                DispMeter
 .text.DispStatus
                0x0000000008014738       0x94 ./Core/Src/Menu.o
                0x0000000008014738                DispStatus
 .text.Update_Windows
                0x00000000080147cc      0x1d0 ./Core/Src/Menu.o
                0x00000000080147cc                Update_Windows
 .text.Clr_WavePosi
                0x000000000801499c       0x72 ./Core/Src/Menu.o
                0x000000000801499c                Clr_WavePosi
 *fill*         0x0000000008014a0e        0x2 
 .text.DispFreq
                0x0000000008014a10       0xc4 ./Core/Src/Menu.o
                0x0000000008014a10                DispFreq
 .text.Show_List
                0x0000000008014ad4      0x190 ./Core/Src/Menu.o
                0x0000000008014ad4                Show_List
 .text.DispFileInfo
                0x0000000008014c64       0x60 ./Core/Src/Menu.o
                0x0000000008014c64                DispFileInfo
 .text.DispBMPInfo
                0x0000000008014cc4       0x8c ./Core/Src/Menu.o
                0x0000000008014cc4                DispBMPInfo
 .text.Update_Proc_All
                0x0000000008014d50      0x428 ./Core/Src/Menu.o
                0x0000000008014d50                Update_Proc_All
 .text.Align_Set
                0x0000000008015178       0xdc ./Core/Src/Process.o
                0x0000000008015178                Align_Set
 .text.Zero_Align
                0x0000000008015254       0x98 ./Core/Src/Process.o
                0x0000000008015254                Zero_Align
 .text.Analys   0x00000000080152ec       0x88 ./Core/Src/Process.o
                0x00000000080152ec                Analys
 .text.AiPosi   0x0000000008015374       0xcc ./Core/Src/Process.o
                0x0000000008015374                AiPosi
 .text.WaveProcess
                0x0000000008015440      0x7f4 ./Core/Src/Process.o
                0x0000000008015440                WaveProcess
 .text.Build_Ext
                0x0000000008015c34      0x1d0 ./Core/Src/Process.o
                0x0000000008015c34                Build_Ext
 .text.Auto_Fit
                0x0000000008015e04      0x7e4 ./Core/Src/Process.o
                0x0000000008015e04                Auto_Fit
 .text.Init_Touch
                0x00000000080165e8       0x28 ./Core/Src/Touch_ctl.o
                0x00000000080165e8                Init_Touch
 .text.Touch_SPI
                0x0000000008016610       0x20 ./Core/Src/Touch_ctl.o
                0x0000000008016610                Touch_SPI
 .text.LCD_SPI  0x0000000008016630       0x20 ./Core/Src/Touch_ctl.o
                0x0000000008016630                LCD_SPI
 .text.read_2046
                0x0000000008016650       0x54 ./Core/Src/Touch_ctl.o
                0x0000000008016650                read_2046
 .text.Touch_Read
                0x00000000080166a4       0x98 ./Core/Src/Touch_ctl.o
                0x00000000080166a4                Touch_Read
 .text.main     0x000000000801673c     0x10c8 ./Core/Src/main.o
                0x000000000801673c                main
 .text.SystemClock_Config
                0x0000000008017804       0xe8 ./Core/Src/main.o
                0x0000000008017804                SystemClock_Config
 .text.MX_ADC1_Init
                0x00000000080178ec       0xa4 ./Core/Src/main.o
 .text.MX_ADC2_Init
                0x0000000008017990       0xa4 ./Core/Src/main.o
 .text.MX_DAC_Init
                0x0000000008017a34       0x7c ./Core/Src/main.o
 .text.MX_SPI2_Init
                0x0000000008017ab0       0x6c ./Core/Src/main.o
 .text.MX_SPI3_Init
                0x0000000008017b1c       0x70 ./Core/Src/main.o
 .text.MX_TIM1_Init
                0x0000000008017b8c       0xec ./Core/Src/main.o
 .text.MX_TIM3_Init
                0x0000000008017c78       0xc0 ./Core/Src/main.o
 .text.MX_TIM5_Init
                0x0000000008017d38      0x11c ./Core/Src/main.o
 .text.MX_TIM7_Init
                0x0000000008017e54       0x8c ./Core/Src/main.o
 .text.MX_DMA_Init
                0x0000000008017ee0       0x6c ./Core/Src/main.o
 .text.MX_GPIO_Init
                0x0000000008017f4c      0x164 ./Core/Src/main.o
 .text.HAL_TIM_PeriodElapsedCallback
                0x00000000080180b0       0x28 ./Core/Src/main.o
                0x00000000080180b0                HAL_TIM_PeriodElapsedCallback
 .text.Error_Handler
                0x00000000080180d8        0xa ./Core/Src/main.o
                0x00000000080180d8                Error_Handler
 *fill*         0x00000000080180e2        0x2 
 .text.HAL_MspInit
                0x00000000080180e4       0x50 ./Core/Src/stm32f4xx_hal_msp.o
                0x00000000080180e4                HAL_MspInit
 .text.HAL_ADC_MspInit
                0x0000000008018134      0x14c ./Core/Src/stm32f4xx_hal_msp.o
                0x0000000008018134                HAL_ADC_MspInit
 .text.HAL_DAC_MspInit
                0x0000000008018280      0x100 ./Core/Src/stm32f4xx_hal_msp.o
                0x0000000008018280                HAL_DAC_MspInit
 .text.HAL_SPI_MspInit
                0x0000000008018380      0x118 ./Core/Src/stm32f4xx_hal_msp.o
                0x0000000008018380                HAL_SPI_MspInit
 .text.HAL_TIM_Base_MspInit
                0x0000000008018498       0xd4 ./Core/Src/stm32f4xx_hal_msp.o
                0x0000000008018498                HAL_TIM_Base_MspInit
 .text.NMI_Handler
                0x000000000801856c        0x6 ./Core/Src/stm32f4xx_it.o
                0x000000000801856c                NMI_Handler
 .text.HardFault_Handler
                0x0000000008018572        0x6 ./Core/Src/stm32f4xx_it.o
                0x0000000008018572                HardFault_Handler
 .text.MemManage_Handler
                0x0000000008018578        0x6 ./Core/Src/stm32f4xx_it.o
                0x0000000008018578                MemManage_Handler
 .text.BusFault_Handler
                0x000000000801857e        0x6 ./Core/Src/stm32f4xx_it.o
                0x000000000801857e                BusFault_Handler
 .text.UsageFault_Handler
                0x0000000008018584        0x6 ./Core/Src/stm32f4xx_it.o
                0x0000000008018584                UsageFault_Handler
 .text.SVC_Handler
                0x000000000801858a        0xe ./Core/Src/stm32f4xx_it.o
                0x000000000801858a                SVC_Handler
 .text.DebugMon_Handler
                0x0000000008018598        0xe ./Core/Src/stm32f4xx_it.o
                0x0000000008018598                DebugMon_Handler
 .text.PendSV_Handler
                0x00000000080185a6        0xe ./Core/Src/stm32f4xx_it.o
                0x00000000080185a6                PendSV_Handler
 .text.SysTick_Handler
                0x00000000080185b4        0xc ./Core/Src/stm32f4xx_it.o
                0x00000000080185b4                SysTick_Handler
 .text.DMA1_Stream5_IRQHandler
                0x00000000080185c0       0x14 ./Core/Src/stm32f4xx_it.o
                0x00000000080185c0                DMA1_Stream5_IRQHandler
 .text.TIM3_IRQHandler
                0x00000000080185d4       0x14 ./Core/Src/stm32f4xx_it.o
                0x00000000080185d4                TIM3_IRQHandler
 .text.SPI2_IRQHandler
                0x00000000080185e8       0x14 ./Core/Src/stm32f4xx_it.o
                0x00000000080185e8                SPI2_IRQHandler
 .text.SPI3_IRQHandler
                0x00000000080185fc       0x14 ./Core/Src/stm32f4xx_it.o
                0x00000000080185fc                SPI3_IRQHandler
 .text.DMA2_Stream0_IRQHandler
                0x0000000008018610       0x14 ./Core/Src/stm32f4xx_it.o
                0x0000000008018610                DMA2_Stream0_IRQHandler
 .text.OTG_FS_IRQHandler
                0x0000000008018624       0x14 ./Core/Src/stm32f4xx_it.o
                0x0000000008018624                OTG_FS_IRQHandler
 .text._sbrk    0x0000000008018638       0x6c ./Core/Src/sysmem.o
                0x0000000008018638                _sbrk
 .text.SystemInit
                0x00000000080186a4       0x24 ./Core/Src/system_stm32f4xx.o
                0x00000000080186a4                SystemInit
 .text.Reset_Handler
                0x00000000080186c8       0x50 ./Core/Startup/startup_stm32f446retx.o
                0x00000000080186c8                Reset_Handler
 .text.Default_Handler
                0x0000000008018718        0x2 ./Core/Startup/startup_stm32f446retx.o
                0x0000000008018718                RTC_Alarm_IRQHandler
                0x0000000008018718                EXTI2_IRQHandler
                0x0000000008018718                TIM8_CC_IRQHandler
                0x0000000008018718                FMPI2C1_EV_IRQHandler
                0x0000000008018718                SPI4_IRQHandler
                0x0000000008018718                TIM1_CC_IRQHandler
                0x0000000008018718                DMA2_Stream5_IRQHandler
                0x0000000008018718                PVD_IRQHandler
                0x0000000008018718                SDIO_IRQHandler
                0x0000000008018718                TAMP_STAMP_IRQHandler
                0x0000000008018718                CAN2_RX1_IRQHandler
                0x0000000008018718                EXTI3_IRQHandler
                0x0000000008018718                TIM8_TRG_COM_TIM14_IRQHandler
                0x0000000008018718                TIM1_UP_TIM10_IRQHandler
                0x0000000008018718                TIM8_UP_TIM13_IRQHandler
                0x0000000008018718                I2C3_ER_IRQHandler
                0x0000000008018718                EXTI0_IRQHandler
                0x0000000008018718                I2C2_EV_IRQHandler
                0x0000000008018718                DMA1_Stream2_IRQHandler
                0x0000000008018718                CAN1_RX0_IRQHandler
                0x0000000008018718                FPU_IRQHandler
                0x0000000008018718                OTG_HS_WKUP_IRQHandler
                0x0000000008018718                CAN2_SCE_IRQHandler
                0x0000000008018718                DMA2_Stream2_IRQHandler
                0x0000000008018718                SPI1_IRQHandler
                0x0000000008018718                TIM6_DAC_IRQHandler
                0x0000000008018718                TIM1_BRK_TIM9_IRQHandler
                0x0000000008018718                DCMI_IRQHandler
                0x0000000008018718                CAN2_RX0_IRQHandler
                0x0000000008018718                DMA2_Stream3_IRQHandler
                0x0000000008018718                SAI2_IRQHandler
                0x0000000008018718                USART6_IRQHandler
                0x0000000008018718                USART3_IRQHandler
                0x0000000008018718                CAN1_RX1_IRQHandler
                0x0000000008018718                UART5_IRQHandler
                0x0000000008018718                TIM4_IRQHandler
                0x0000000008018718                QUADSPI_IRQHandler
                0x0000000008018718                I2C1_EV_IRQHandler
                0x0000000008018718                DMA1_Stream6_IRQHandler
                0x0000000008018718                DMA1_Stream1_IRQHandler
                0x0000000008018718                UART4_IRQHandler
                0x0000000008018718                RCC_IRQHandler
                0x0000000008018718                TIM8_BRK_TIM12_IRQHandler
                0x0000000008018718                Default_Handler
                0x0000000008018718                CEC_IRQHandler
                0x0000000008018718                EXTI15_10_IRQHandler
                0x0000000008018718                ADC_IRQHandler
                0x0000000008018718                DMA1_Stream7_IRQHandler
                0x0000000008018718                TIM7_IRQHandler
                0x0000000008018718                CAN2_TX_IRQHandler
                0x0000000008018718                TIM5_IRQHandler
                0x0000000008018718                DMA2_Stream7_IRQHandler
                0x0000000008018718                I2C3_EV_IRQHandler
                0x0000000008018718                EXTI9_5_IRQHandler
                0x0000000008018718                RTC_WKUP_IRQHandler
                0x0000000008018718                SPDIF_RX_IRQHandler
                0x0000000008018718                OTG_HS_EP1_IN_IRQHandler
                0x0000000008018718                DMA1_Stream0_IRQHandler
                0x0000000008018718                CAN1_TX_IRQHandler
                0x0000000008018718                FMPI2C1_ER_IRQHandler
                0x0000000008018718                EXTI4_IRQHandler
                0x0000000008018718                OTG_HS_EP1_OUT_IRQHandler
                0x0000000008018718                WWDG_IRQHandler
                0x0000000008018718                TIM2_IRQHandler
                0x0000000008018718                OTG_FS_WKUP_IRQHandler
                0x0000000008018718                TIM1_TRG_COM_TIM11_IRQHandler
                0x0000000008018718                OTG_HS_IRQHandler
                0x0000000008018718                EXTI1_IRQHandler
                0x0000000008018718                USART2_IRQHandler
                0x0000000008018718                I2C2_ER_IRQHandler
                0x0000000008018718                DMA2_Stream1_IRQHandler
                0x0000000008018718                CAN1_SCE_IRQHandler
                0x0000000008018718                FLASH_IRQHandler
                0x0000000008018718                DMA2_Stream4_IRQHandler
                0x0000000008018718                USART1_IRQHandler
                0x0000000008018718                DMA1_Stream4_IRQHandler
                0x0000000008018718                I2C1_ER_IRQHandler
                0x0000000008018718                FMC_IRQHandler
                0x0000000008018718                DMA2_Stream6_IRQHandler
                0x0000000008018718                SAI1_IRQHandler
                0x0000000008018718                DMA1_Stream3_IRQHandler
 *fill*         0x000000000801871a        0x2 
 .text.HAL_Init
                0x000000000801871c       0x44 ./Drivers/STM32F4xx_HAL_Driver/Src/stm32f4xx_hal.o
                0x000000000801871c                HAL_Init
 .text.HAL_InitTick
                0x0000000008018760       0x60 ./Drivers/STM32F4xx_HAL_Driver/Src/stm32f4xx_hal.o
                0x0000000008018760                HAL_InitTick
 .text.HAL_IncTick
                0x00000000080187c0       0x28 ./Drivers/STM32F4xx_HAL_Driver/Src/stm32f4xx_hal.o
                0x00000000080187c0                HAL_IncTick
 .text.HAL_GetTick
                0x00000000080187e8       0x18 ./Drivers/STM32F4xx_HAL_Driver/Src/stm32f4xx_hal.o
                0x00000000080187e8                HAL_GetTick
 .text.HAL_Delay
                0x0000000008018800       0x48 ./Drivers/STM32F4xx_HAL_Driver/Src/stm32f4xx_hal.o
                0x0000000008018800                HAL_Delay
 .text.HAL_ADC_Init
                0x0000000008018848       0x86 ./Drivers/STM32F4xx_HAL_Driver/Src/stm32f4xx_hal_adc.o
                0x0000000008018848                HAL_ADC_Init
 *fill*         0x00000000080188ce        0x2 
 .text.HAL_ADC_ConfigChannel
                0x00000000080188d0      0x264 ./Drivers/STM32F4xx_HAL_Driver/Src/stm32f4xx_hal_adc.o
                0x00000000080188d0                HAL_ADC_ConfigChannel
 .text.ADC_Init
                0x0000000008018b34      0x1f8 ./Drivers/STM32F4xx_HAL_Driver/Src/stm32f4xx_hal_adc.o
 .text.__NVIC_SetPriorityGrouping
                0x0000000008018d2c       0x48 ./Drivers/STM32F4xx_HAL_Driver/Src/stm32f4xx_hal_cortex.o
 .text.__NVIC_GetPriorityGrouping
                0x0000000008018d74       0x1c ./Drivers/STM32F4xx_HAL_Driver/Src/stm32f4xx_hal_cortex.o
 .text.__NVIC_EnableIRQ
                0x0000000008018d90       0x3c ./Drivers/STM32F4xx_HAL_Driver/Src/stm32f4xx_hal_cortex.o
 .text.__NVIC_SetPriority
                0x0000000008018dcc       0x54 ./Drivers/STM32F4xx_HAL_Driver/Src/stm32f4xx_hal_cortex.o
 .text.NVIC_EncodePriority
                0x0000000008018e20       0x66 ./Drivers/STM32F4xx_HAL_Driver/Src/stm32f4xx_hal_cortex.o
 *fill*         0x0000000008018e86        0x2 
 .text.SysTick_Config
                0x0000000008018e88       0x44 ./Drivers/STM32F4xx_HAL_Driver/Src/stm32f4xx_hal_cortex.o
 .text.HAL_NVIC_SetPriorityGrouping
                0x0000000008018ecc       0x16 ./Drivers/STM32F4xx_HAL_Driver/Src/stm32f4xx_hal_cortex.o
                0x0000000008018ecc                HAL_NVIC_SetPriorityGrouping
 .text.HAL_NVIC_SetPriority
                0x0000000008018ee2       0x38 ./Drivers/STM32F4xx_HAL_Driver/Src/stm32f4xx_hal_cortex.o
                0x0000000008018ee2                HAL_NVIC_SetPriority
 .text.HAL_NVIC_EnableIRQ
                0x0000000008018f1a       0x1c ./Drivers/STM32F4xx_HAL_Driver/Src/stm32f4xx_hal_cortex.o
                0x0000000008018f1a                HAL_NVIC_EnableIRQ
 .text.HAL_SYSTICK_Config
                0x0000000008018f36       0x18 ./Drivers/STM32F4xx_HAL_Driver/Src/stm32f4xx_hal_cortex.o
                0x0000000008018f36                HAL_SYSTICK_Config
 .text.HAL_DAC_Init
                0x0000000008018f4e       0x44 ./Drivers/STM32F4xx_HAL_Driver/Src/stm32f4xx_hal_dac.o
                0x0000000008018f4e                HAL_DAC_Init
 .text.HAL_DAC_SetValue
                0x0000000008018f92       0x4a ./Drivers/STM32F4xx_HAL_Driver/Src/stm32f4xx_hal_dac.o
                0x0000000008018f92                HAL_DAC_SetValue
 .text.HAL_DAC_ConfigChannel
                0x0000000008018fdc       0x9e ./Drivers/STM32F4xx_HAL_Driver/Src/stm32f4xx_hal_dac.o
                0x0000000008018fdc                HAL_DAC_ConfigChannel
 *fill*         0x000000000801907a        0x2 
 .text.HAL_DMA_Init
                0x000000000801907c      0x15c ./Drivers/STM32F4xx_HAL_Driver/Src/stm32f4xx_hal_dma.o
                0x000000000801907c                HAL_DMA_Init
 .text.HAL_DMA_Abort_IT
                0x00000000080191d8       0x44 ./Drivers/STM32F4xx_HAL_Driver/Src/stm32f4xx_hal_dma.o
                0x00000000080191d8                HAL_DMA_Abort_IT
 .text.HAL_DMA_IRQHandler
                0x000000000801921c      0x314 ./Drivers/STM32F4xx_HAL_Driver/Src/stm32f4xx_hal_dma.o
                0x000000000801921c                HAL_DMA_IRQHandler
 .text.DMA_CalcBaseAndBitshift
                0x0000000008019530       0x6c ./Drivers/STM32F4xx_HAL_Driver/Src/stm32f4xx_hal_dma.o
 .text.DMA_CheckFifoParam
                0x000000000801959c       0xf8 ./Drivers/STM32F4xx_HAL_Driver/Src/stm32f4xx_hal_dma.o
 .text.HAL_FLASH_Program
                0x0000000008019694       0xa8 ./Drivers/STM32F4xx_HAL_Driver/Src/stm32f4xx_hal_flash.o
                0x0000000008019694                HAL_FLASH_Program
 .text.HAL_FLASH_Unlock
                0x000000000801973c       0x44 ./Drivers/STM32F4xx_HAL_Driver/Src/stm32f4xx_hal_flash.o
                0x000000000801973c                HAL_FLASH_Unlock
 .text.HAL_FLASH_Lock
                0x0000000008019780       0x20 ./Drivers/STM32F4xx_HAL_Driver/Src/stm32f4xx_hal_flash.o
                0x0000000008019780                HAL_FLASH_Lock
 .text.FLASH_WaitForLastOperation
                0x00000000080197a0       0x80 ./Drivers/STM32F4xx_HAL_Driver/Src/stm32f4xx_hal_flash.o
                0x00000000080197a0                FLASH_WaitForLastOperation
 .text.FLASH_Program_DoubleWord
                0x0000000008019820       0x64 ./Drivers/STM32F4xx_HAL_Driver/Src/stm32f4xx_hal_flash.o
 .text.FLASH_Program_Word
                0x0000000008019884       0x44 ./Drivers/STM32F4xx_HAL_Driver/Src/stm32f4xx_hal_flash.o
 .text.FLASH_Program_HalfWord
                0x00000000080198c8       0x48 ./Drivers/STM32F4xx_HAL_Driver/Src/stm32f4xx_hal_flash.o
 .text.FLASH_Program_Byte
                0x0000000008019910       0x44 ./Drivers/STM32F4xx_HAL_Driver/Src/stm32f4xx_hal_flash.o
 .text.FLASH_SetErrorCode
                0x0000000008019954       0xcc ./Drivers/STM32F4xx_HAL_Driver/Src/stm32f4xx_hal_flash.o
 .text.HAL_FLASHEx_Erase
                0x0000000008019a20       0xe0 ./Drivers/STM32F4xx_HAL_Driver/Src/stm32f4xx_hal_flash_ex.o
                0x0000000008019a20                HAL_FLASHEx_Erase
 .text.FLASH_MassErase
                0x0000000008019b00       0x48 ./Drivers/STM32F4xx_HAL_Driver/Src/stm32f4xx_hal_flash_ex.o
 .text.FLASH_Erase_Sector
                0x0000000008019b48       0x90 ./Drivers/STM32F4xx_HAL_Driver/Src/stm32f4xx_hal_flash_ex.o
                0x0000000008019b48                FLASH_Erase_Sector
 .text.FLASH_FlushCaches
                0x0000000008019bd8       0x8c ./Drivers/STM32F4xx_HAL_Driver/Src/stm32f4xx_hal_flash_ex.o
                0x0000000008019bd8                FLASH_FlushCaches
 .text.HAL_GPIO_Init
                0x0000000008019c64      0x328 ./Drivers/STM32F4xx_HAL_Driver/Src/stm32f4xx_hal_gpio.o
                0x0000000008019c64                HAL_GPIO_Init
 .text.HAL_GPIO_ReadPin
                0x0000000008019f8c       0x30 ./Drivers/STM32F4xx_HAL_Driver/Src/stm32f4xx_hal_gpio.o
                0x0000000008019f8c                HAL_GPIO_ReadPin
 .text.HAL_GPIO_WritePin
                0x0000000008019fbc       0x32 ./Drivers/STM32F4xx_HAL_Driver/Src/stm32f4xx_hal_gpio.o
                0x0000000008019fbc                HAL_GPIO_WritePin
 .text.HAL_PCD_Init
                0x0000000008019fee      0x248 ./Drivers/STM32F4xx_HAL_Driver/Src/stm32f4xx_hal_pcd.o
                0x0000000008019fee                HAL_PCD_Init
 .text.HAL_PCD_Start
                0x000000000801a236       0x66 ./Drivers/STM32F4xx_HAL_Driver/Src/stm32f4xx_hal_pcd.o
                0x000000000801a236                HAL_PCD_Start
 .text.HAL_PCD_IRQHandler
                0x000000000801a29c      0x7be ./Drivers/STM32F4xx_HAL_Driver/Src/stm32f4xx_hal_pcd.o
                0x000000000801a29c                HAL_PCD_IRQHandler
 .text.HAL_PCD_SetAddress
                0x000000000801aa5a       0x4a ./Drivers/STM32F4xx_HAL_Driver/Src/stm32f4xx_hal_pcd.o
                0x000000000801aa5a                HAL_PCD_SetAddress
 .text.HAL_PCD_EP_Open
                0x000000000801aaa4       0xd0 ./Drivers/STM32F4xx_HAL_Driver/Src/stm32f4xx_hal_pcd.o
                0x000000000801aaa4                HAL_PCD_EP_Open
 .text.HAL_PCD_EP_Close
                0x000000000801ab74       0x94 ./Drivers/STM32F4xx_HAL_Driver/Src/stm32f4xx_hal_pcd.o
                0x000000000801ab74                HAL_PCD_EP_Close
 .text.HAL_PCD_EP_Receive
                0x000000000801ac08       0x96 ./Drivers/STM32F4xx_HAL_Driver/Src/stm32f4xx_hal_pcd.o
                0x000000000801ac08                HAL_PCD_EP_Receive
 .text.HAL_PCD_EP_GetRxCount
                0x000000000801ac9e       0x30 ./Drivers/STM32F4xx_HAL_Driver/Src/stm32f4xx_hal_pcd.o
                0x000000000801ac9e                HAL_PCD_EP_GetRxCount
 .text.HAL_PCD_EP_Transmit
                0x000000000801acce       0x94 ./Drivers/STM32F4xx_HAL_Driver/Src/stm32f4xx_hal_pcd.o
                0x000000000801acce                HAL_PCD_EP_Transmit
 .text.HAL_PCD_EP_SetStall
                0x000000000801ad62       0xc8 ./Drivers/STM32F4xx_HAL_Driver/Src/stm32f4xx_hal_pcd.o
                0x000000000801ad62                HAL_PCD_EP_SetStall
 .text.HAL_PCD_EP_ClrStall
                0x000000000801ae2a       0xac ./Drivers/STM32F4xx_HAL_Driver/Src/stm32f4xx_hal_pcd.o
                0x000000000801ae2a                HAL_PCD_EP_ClrStall
 .text.HAL_PCD_EP_Flush
                0x000000000801aed6       0x5a ./Drivers/STM32F4xx_HAL_Driver/Src/stm32f4xx_hal_pcd.o
                0x000000000801aed6                HAL_PCD_EP_Flush
 .text.PCD_WriteEmptyTxFifo
                0x000000000801af30      0x11a ./Drivers/STM32F4xx_HAL_Driver/Src/stm32f4xx_hal_pcd.o
 *fill*         0x000000000801b04a        0x2 
 .text.PCD_EP_OutXfrComplete_int
                0x000000000801b04c      0x218 ./Drivers/STM32F4xx_HAL_Driver/Src/stm32f4xx_hal_pcd.o
 .text.PCD_EP_OutSetupPacket_int
                0x000000000801b264       0x8c ./Drivers/STM32F4xx_HAL_Driver/Src/stm32f4xx_hal_pcd.o
 .text.HAL_PCDEx_SetTxFiFo
                0x000000000801b2f0       0x8e ./Drivers/STM32F4xx_HAL_Driver/Src/stm32f4xx_hal_pcd_ex.o
                0x000000000801b2f0                HAL_PCDEx_SetTxFiFo
 .text.HAL_PCDEx_SetRxFiFo
                0x000000000801b37e       0x22 ./Drivers/STM32F4xx_HAL_Driver/Src/stm32f4xx_hal_pcd_ex.o
                0x000000000801b37e                HAL_PCDEx_SetRxFiFo
 .text.HAL_PCDEx_ActivateLPM
                0x000000000801b3a0       0x48 ./Drivers/STM32F4xx_HAL_Driver/Src/stm32f4xx_hal_pcd_ex.o
                0x000000000801b3a0                HAL_PCDEx_ActivateLPM
 .text.HAL_PWREx_EnableOverDrive
                0x000000000801b3e8       0xa0 ./Drivers/STM32F4xx_HAL_Driver/Src/stm32f4xx_hal_pwr_ex.o
                0x000000000801b3e8                HAL_PWREx_EnableOverDrive
 .text.HAL_RCC_ClockConfig
                0x000000000801b488      0x1cc ./Drivers/STM32F4xx_HAL_Driver/Src/stm32f4xx_hal_rcc.o
                0x000000000801b488                HAL_RCC_ClockConfig
 .text.HAL_RCC_GetHCLKFreq
                0x000000000801b654       0x18 ./Drivers/STM32F4xx_HAL_Driver/Src/stm32f4xx_hal_rcc.o
                0x000000000801b654                HAL_RCC_GetHCLKFreq
 .text.HAL_RCCEx_PeriphCLKConfig
                0x000000000801b66c      0x654 ./Drivers/STM32F4xx_HAL_Driver/Src/stm32f4xx_hal_rcc_ex.o
                0x000000000801b66c                HAL_RCCEx_PeriphCLKConfig
 .text.HAL_RCC_GetSysClockFreq
                0x000000000801bcc0      0x2b8 ./Drivers/STM32F4xx_HAL_Driver/Src/stm32f4xx_hal_rcc_ex.o
                0x000000000801bcc0                HAL_RCC_GetSysClockFreq
 .text.HAL_RCC_OscConfig
                0x000000000801bf78      0x53c ./Drivers/STM32F4xx_HAL_Driver/Src/stm32f4xx_hal_rcc_ex.o
                0x000000000801bf78                HAL_RCC_OscConfig
 .text.HAL_SPI_Init
                0x000000000801c4b4      0x112 ./Drivers/STM32F4xx_HAL_Driver/Src/stm32f4xx_hal_spi.o
                0x000000000801c4b4                HAL_SPI_Init
 .text.HAL_SPI_Transmit
                0x000000000801c5c6      0x278 ./Drivers/STM32F4xx_HAL_Driver/Src/stm32f4xx_hal_spi.o
                0x000000000801c5c6                HAL_SPI_Transmit
 .text.HAL_SPI_Receive
                0x000000000801c83e      0x222 ./Drivers/STM32F4xx_HAL_Driver/Src/stm32f4xx_hal_spi.o
                0x000000000801c83e                HAL_SPI_Receive
 .text.HAL_SPI_TransmitReceive
                0x000000000801ca60      0x344 ./Drivers/STM32F4xx_HAL_Driver/Src/stm32f4xx_hal_spi.o
                0x000000000801ca60                HAL_SPI_TransmitReceive
 .text.HAL_SPI_IRQHandler
                0x000000000801cda4      0x200 ./Drivers/STM32F4xx_HAL_Driver/Src/stm32f4xx_hal_spi.o
                0x000000000801cda4                HAL_SPI_IRQHandler
 .text.HAL_SPI_ErrorCallback
                0x000000000801cfa4       0x14 ./Drivers/STM32F4xx_HAL_Driver/Src/stm32f4xx_hal_spi.o
                0x000000000801cfa4                HAL_SPI_ErrorCallback
 .text.HAL_SPI_GetState
                0x000000000801cfb8       0x1c ./Drivers/STM32F4xx_HAL_Driver/Src/stm32f4xx_hal_spi.o
                0x000000000801cfb8                HAL_SPI_GetState
 .text.SPI_DMAAbortOnError
                0x000000000801cfd4       0x28 ./Drivers/STM32F4xx_HAL_Driver/Src/stm32f4xx_hal_spi.o
 .text.SPI_WaitFlagStateUntilTimeout
                0x000000000801cffc      0x110 ./Drivers/STM32F4xx_HAL_Driver/Src/stm32f4xx_hal_spi.o
 .text.SPI_EndRxTransaction
                0x000000000801d10c       0xca ./Drivers/STM32F4xx_HAL_Driver/Src/stm32f4xx_hal_spi.o
 *fill*         0x000000000801d1d6        0x2 
 .text.SPI_EndRxTxTransaction
                0x000000000801d1d8       0x84 ./Drivers/STM32F4xx_HAL_Driver/Src/stm32f4xx_hal_spi.o
 .text.HAL_TIM_Base_Init
                0x000000000801d25c       0x9e ./Drivers/STM32F4xx_HAL_Driver/Src/stm32f4xx_hal_tim.o
                0x000000000801d25c                HAL_TIM_Base_Init
 *fill*         0x000000000801d2fa        0x2 
 .text.HAL_TIM_Base_Start_IT
                0x000000000801d2fc       0xe0 ./Drivers/STM32F4xx_HAL_Driver/Src/stm32f4xx_hal_tim.o
                0x000000000801d2fc                HAL_TIM_Base_Start_IT
 .text.HAL_TIM_IRQHandler
                0x000000000801d3dc      0x210 ./Drivers/STM32F4xx_HAL_Driver/Src/stm32f4xx_hal_tim.o
                0x000000000801d3dc                HAL_TIM_IRQHandler
 .text.HAL_TIM_OC_ConfigChannel
                0x000000000801d5ec       0xb8 ./Drivers/STM32F4xx_HAL_Driver/Src/stm32f4xx_hal_tim.o
                0x000000000801d5ec                HAL_TIM_OC_ConfigChannel
 .text.HAL_TIM_ConfigClockSource
                0x000000000801d6a4      0x18e ./Drivers/STM32F4xx_HAL_Driver/Src/stm32f4xx_hal_tim.o
                0x000000000801d6a4                HAL_TIM_ConfigClockSource
 .text.HAL_TIM_OC_DelayElapsedCallback
                0x000000000801d832       0x14 ./Drivers/STM32F4xx_HAL_Driver/Src/stm32f4xx_hal_tim.o
                0x000000000801d832                HAL_TIM_OC_DelayElapsedCallback
 .text.HAL_TIM_IC_CaptureCallback
                0x000000000801d846       0x14 ./Drivers/STM32F4xx_HAL_Driver/Src/stm32f4xx_hal_tim.o
                0x000000000801d846                HAL_TIM_IC_CaptureCallback
 .text.HAL_TIM_PWM_PulseFinishedCallback
                0x000000000801d85a       0x14 ./Drivers/STM32F4xx_HAL_Driver/Src/stm32f4xx_hal_tim.o
                0x000000000801d85a                HAL_TIM_PWM_PulseFinishedCallback
 .text.HAL_TIM_TriggerCallback
                0x000000000801d86e       0x14 ./Drivers/STM32F4xx_HAL_Driver/Src/stm32f4xx_hal_tim.o
                0x000000000801d86e                HAL_TIM_TriggerCallback
 *fill*         0x000000000801d882        0x2 
 .text.TIM_Base_SetConfig
                0x000000000801d884      0x140 ./Drivers/STM32F4xx_HAL_Driver/Src/stm32f4xx_hal_tim.o
                0x000000000801d884                TIM_Base_SetConfig
 .text.TIM_OC1_SetConfig
                0x000000000801d9c4       0xe0 ./Drivers/STM32F4xx_HAL_Driver/Src/stm32f4xx_hal_tim.o
 .text.TIM_OC2_SetConfig
                0x000000000801daa4       0xec ./Drivers/STM32F4xx_HAL_Driver/Src/stm32f4xx_hal_tim.o
                0x000000000801daa4                TIM_OC2_SetConfig
 .text.TIM_OC3_SetConfig
                0x000000000801db90       0xe8 ./Drivers/STM32F4xx_HAL_Driver/Src/stm32f4xx_hal_tim.o
 .text.TIM_OC4_SetConfig
                0x000000000801dc78       0xac ./Drivers/STM32F4xx_HAL_Driver/Src/stm32f4xx_hal_tim.o
 .text.TIM_TI1_ConfigInputStage
                0x000000000801dd24       0x5e ./Drivers/STM32F4xx_HAL_Driver/Src/stm32f4xx_hal_tim.o
 .text.TIM_TI2_ConfigInputStage
                0x000000000801dd82       0x60 ./Drivers/STM32F4xx_HAL_Driver/Src/stm32f4xx_hal_tim.o
 .text.TIM_ITRx_SetConfig
                0x000000000801dde2       0x36 ./Drivers/STM32F4xx_HAL_Driver/Src/stm32f4xx_hal_tim.o
 .text.TIM_ETR_SetConfig
                0x000000000801de18       0x40 ./Drivers/STM32F4xx_HAL_Driver/Src/stm32f4xx_hal_tim.o
                0x000000000801de18                TIM_ETR_SetConfig
 .text.HAL_TIMEx_MasterConfigSynchronization
                0x000000000801de58       0xf8 ./Drivers/STM32F4xx_HAL_Driver/Src/stm32f4xx_hal_tim_ex.o
                0x000000000801de58                HAL_TIMEx_MasterConfigSynchronization
 .text.HAL_TIMEx_CommutCallback
                0x000000000801df50       0x14 ./Drivers/STM32F4xx_HAL_Driver/Src/stm32f4xx_hal_tim_ex.o
                0x000000000801df50                HAL_TIMEx_CommutCallback
 .text.HAL_TIMEx_BreakCallback
                0x000000000801df64       0x14 ./Drivers/STM32F4xx_HAL_Driver/Src/stm32f4xx_hal_tim_ex.o
                0x000000000801df64                HAL_TIMEx_BreakCallback
 .text.USB_CoreInit
                0x000000000801df78       0xc2 ./Drivers/STM32F4xx_HAL_Driver/Src/stm32f4xx_ll_usb.o
                0x000000000801df78                USB_CoreInit
 *fill*         0x000000000801e03a        0x2 
 .text.USB_SetTurnaroundTime
                0x000000000801e03c      0x144 ./Drivers/STM32F4xx_HAL_Driver/Src/stm32f4xx_ll_usb.o
                0x000000000801e03c                USB_SetTurnaroundTime
 .text.USB_EnableGlobalInt
                0x000000000801e180       0x22 ./Drivers/STM32F4xx_HAL_Driver/Src/stm32f4xx_ll_usb.o
                0x000000000801e180                USB_EnableGlobalInt
 .text.USB_DisableGlobalInt
                0x000000000801e1a2       0x22 ./Drivers/STM32F4xx_HAL_Driver/Src/stm32f4xx_ll_usb.o
                0x000000000801e1a2                USB_DisableGlobalInt
 .text.USB_SetCurrentMode
                0x000000000801e1c4       0x98 ./Drivers/STM32F4xx_HAL_Driver/Src/stm32f4xx_ll_usb.o
                0x000000000801e1c4                USB_SetCurrentMode
 .text.USB_DevInit
                0x000000000801e25c      0x2bc ./Drivers/STM32F4xx_HAL_Driver/Src/stm32f4xx_ll_usb.o
                0x000000000801e25c                USB_DevInit
 .text.USB_FlushTxFifo
                0x000000000801e518       0x48 ./Drivers/STM32F4xx_HAL_Driver/Src/stm32f4xx_ll_usb.o
                0x000000000801e518                USB_FlushTxFifo
 .text.USB_FlushRxFifo
                0x000000000801e560       0x40 ./Drivers/STM32F4xx_HAL_Driver/Src/stm32f4xx_ll_usb.o
                0x000000000801e560                USB_FlushRxFifo
 .text.USB_SetDevSpeed
                0x000000000801e5a0       0x32 ./Drivers/STM32F4xx_HAL_Driver/Src/stm32f4xx_ll_usb.o
                0x000000000801e5a0                USB_SetDevSpeed
 .text.USB_GetDevSpeed
                0x000000000801e5d2       0x4a ./Drivers/STM32F4xx_HAL_Driver/Src/stm32f4xx_ll_usb.o
                0x000000000801e5d2                USB_GetDevSpeed
 .text.USB_ActivateEndpoint
                0x000000000801e61c      0x10e ./Drivers/STM32F4xx_HAL_Driver/Src/stm32f4xx_ll_usb.o
                0x000000000801e61c                USB_ActivateEndpoint
 *fill*         0x000000000801e72a        0x2 
 .text.USB_DeactivateEndpoint
                0x000000000801e72c      0x1b8 ./Drivers/STM32F4xx_HAL_Driver/Src/stm32f4xx_ll_usb.o
                0x000000000801e72c                USB_DeactivateEndpoint
 .text.USB_EPStartXfer
                0x000000000801e8e4      0x488 ./Drivers/STM32F4xx_HAL_Driver/Src/stm32f4xx_ll_usb.o
                0x000000000801e8e4                USB_EPStartXfer
 .text.USB_EP0StartXfer
                0x000000000801ed6c      0x2a6 ./Drivers/STM32F4xx_HAL_Driver/Src/stm32f4xx_ll_usb.o
                0x000000000801ed6c                USB_EP0StartXfer
 .text.USB_WritePacket
                0x000000000801f012       0x7c ./Drivers/STM32F4xx_HAL_Driver/Src/stm32f4xx_ll_usb.o
                0x000000000801f012                USB_WritePacket
 .text.USB_ReadPacket
                0x000000000801f08e       0xb0 ./Drivers/STM32F4xx_HAL_Driver/Src/stm32f4xx_ll_usb.o
                0x000000000801f08e                USB_ReadPacket
 .text.USB_EPSetStall
                0x000000000801f13e       0xdc ./Drivers/STM32F4xx_HAL_Driver/Src/stm32f4xx_ll_usb.o
                0x000000000801f13e                USB_EPSetStall
 .text.USB_EPClearStall
                0x000000000801f21a       0xcc ./Drivers/STM32F4xx_HAL_Driver/Src/stm32f4xx_ll_usb.o
                0x000000000801f21a                USB_EPClearStall
 .text.USB_SetDevAddress
                0x000000000801f2e6       0x4c ./Drivers/STM32F4xx_HAL_Driver/Src/stm32f4xx_ll_usb.o
                0x000000000801f2e6                USB_SetDevAddress
 .text.USB_DevConnect
                0x000000000801f332       0x42 ./Drivers/STM32F4xx_HAL_Driver/Src/stm32f4xx_ll_usb.o
                0x000000000801f332                USB_DevConnect
 .text.USB_DevDisconnect
                0x000000000801f374       0x42 ./Drivers/STM32F4xx_HAL_Driver/Src/stm32f4xx_ll_usb.o
                0x000000000801f374                USB_DevDisconnect
 .text.USB_ReadInterrupts
                0x000000000801f3b6       0x26 ./Drivers/STM32F4xx_HAL_Driver/Src/stm32f4xx_ll_usb.o
                0x000000000801f3b6                USB_ReadInterrupts
 .text.USB_ReadDevAllOutEpInterrupt
                0x000000000801f3dc       0x34 ./Drivers/STM32F4xx_HAL_Driver/Src/stm32f4xx_ll_usb.o
                0x000000000801f3dc                USB_ReadDevAllOutEpInterrupt
 .text.USB_ReadDevAllInEpInterrupt
                0x000000000801f410       0x34 ./Drivers/STM32F4xx_HAL_Driver/Src/stm32f4xx_ll_usb.o
                0x000000000801f410                USB_ReadDevAllInEpInterrupt
 .text.USB_ReadDevOutEPInterrupt
                0x000000000801f444       0x3c ./Drivers/STM32F4xx_HAL_Driver/Src/stm32f4xx_ll_usb.o
                0x000000000801f444                USB_ReadDevOutEPInterrupt
 .text.USB_ReadDevInEPInterrupt
                0x000000000801f480       0x5c ./Drivers/STM32F4xx_HAL_Driver/Src/stm32f4xx_ll_usb.o
                0x000000000801f480                USB_ReadDevInEPInterrupt
 .text.USB_GetMode
                0x000000000801f4dc       0x1c ./Drivers/STM32F4xx_HAL_Driver/Src/stm32f4xx_ll_usb.o
                0x000000000801f4dc                USB_GetMode
 .text.USB_ActivateSetup
                0x000000000801f4f8       0x46 ./Drivers/STM32F4xx_HAL_Driver/Src/stm32f4xx_ll_usb.o
                0x000000000801f4f8                USB_ActivateSetup
 *fill*         0x000000000801f53e        0x2 
 .text.USB_EP0_OutStart
                0x000000000801f540       0xbc ./Drivers/STM32F4xx_HAL_Driver/Src/stm32f4xx_ll_usb.o
                0x000000000801f540                USB_EP0_OutStart
 .text.USB_CoreReset
                0x000000000801f5fc       0x64 ./Drivers/STM32F4xx_HAL_Driver/Src/stm32f4xx_ll_usb.o
 .text.USBD_MSC_Init
                0x000000000801f660       0x9a ./Middlewares/ST/STM32_USB_Device_Library/Class/MSC/Src/usbd_msc.o
                0x000000000801f660                USBD_MSC_Init
 .text.USBD_MSC_DeInit
                0x000000000801f6fa       0x58 ./Middlewares/ST/STM32_USB_Device_Library/Class/MSC/Src/usbd_msc.o
                0x000000000801f6fa                USBD_MSC_DeInit
 *fill*         0x000000000801f752        0x2 
 .text.USBD_MSC_Setup
                0x000000000801f754      0x1e4 ./Middlewares/ST/STM32_USB_Device_Library/Class/MSC/Src/usbd_msc.o
                0x000000000801f754                USBD_MSC_Setup
 .text.USBD_MSC_DataIn
                0x000000000801f938       0x20 ./Middlewares/ST/STM32_USB_Device_Library/Class/MSC/Src/usbd_msc.o
                0x000000000801f938                USBD_MSC_DataIn
 .text.USBD_MSC_DataOut
                0x000000000801f958       0x20 ./Middlewares/ST/STM32_USB_Device_Library/Class/MSC/Src/usbd_msc.o
                0x000000000801f958                USBD_MSC_DataOut
 .text.USBD_MSC_GetHSCfgDesc
                0x000000000801f978       0x20 ./Middlewares/ST/STM32_USB_Device_Library/Class/MSC/Src/usbd_msc.o
                0x000000000801f978                USBD_MSC_GetHSCfgDesc
 .text.USBD_MSC_GetFSCfgDesc
                0x000000000801f998       0x20 ./Middlewares/ST/STM32_USB_Device_Library/Class/MSC/Src/usbd_msc.o
                0x000000000801f998                USBD_MSC_GetFSCfgDesc
 .text.USBD_MSC_GetOtherSpeedCfgDesc
                0x000000000801f9b8       0x20 ./Middlewares/ST/STM32_USB_Device_Library/Class/MSC/Src/usbd_msc.o
                0x000000000801f9b8                USBD_MSC_GetOtherSpeedCfgDesc
 .text.USBD_MSC_GetDeviceQualifierDescriptor
                0x000000000801f9d8       0x20 ./Middlewares/ST/STM32_USB_Device_Library/Class/MSC/Src/usbd_msc.o
                0x000000000801f9d8                USBD_MSC_GetDeviceQualifierDescriptor
 .text.USBD_MSC_RegisterStorage
                0x000000000801f9f8       0x2a ./Middlewares/ST/STM32_USB_Device_Library/Class/MSC/Src/usbd_msc.o
                0x000000000801f9f8                USBD_MSC_RegisterStorage
 .text.MSC_BOT_Init
                0x000000000801fa22       0x70 ./Middlewares/ST/STM32_USB_Device_Library/Class/MSC/Src/usbd_msc_bot.o
                0x000000000801fa22                MSC_BOT_Init
 .text.MSC_BOT_Reset
                0x000000000801fa92       0x4c ./Middlewares/ST/STM32_USB_Device_Library/Class/MSC/Src/usbd_msc_bot.o
                0x000000000801fa92                MSC_BOT_Reset
 .text.MSC_BOT_DeInit
                0x000000000801fade       0x28 ./Middlewares/ST/STM32_USB_Device_Library/Class/MSC/Src/usbd_msc_bot.o
                0x000000000801fade                MSC_BOT_DeInit
 .text.MSC_BOT_DataIn
                0x000000000801fb06       0x6c ./Middlewares/ST/STM32_USB_Device_Library/Class/MSC/Src/usbd_msc_bot.o
                0x000000000801fb06                MSC_BOT_DataIn
 .text.MSC_BOT_DataOut
                0x000000000801fb72       0x60 ./Middlewares/ST/STM32_USB_Device_Library/Class/MSC/Src/usbd_msc_bot.o
                0x000000000801fb72                MSC_BOT_DataOut
 *fill*         0x000000000801fbd2        0x2 
 .text.MSC_BOT_CBW_Decode
                0x000000000801fbd4      0x118 ./Middlewares/ST/STM32_USB_Device_Library/Class/MSC/Src/usbd_msc_bot.o
 .text.MSC_BOT_SendData
                0x000000000801fcec       0x5e ./Middlewares/ST/STM32_USB_Device_Library/Class/MSC/Src/usbd_msc_bot.o
 *fill*         0x000000000801fd4a        0x2 
 .text.MSC_BOT_SendCSW
                0x000000000801fd4c       0x60 ./Middlewares/ST/STM32_USB_Device_Library/Class/MSC/Src/usbd_msc_bot.o
                0x000000000801fd4c                MSC_BOT_SendCSW
 .text.MSC_BOT_Abort
                0x000000000801fdac       0x64 ./Middlewares/ST/STM32_USB_Device_Library/Class/MSC/Src/usbd_msc_bot.o
 .text.MSC_BOT_CplClrFeature
                0x000000000801fe10       0x5a ./Middlewares/ST/STM32_USB_Device_Library/Class/MSC/Src/usbd_msc_bot.o
                0x000000000801fe10                MSC_BOT_CplClrFeature
 *fill*         0x000000000801fe6a        0x2 
 .text.SCSI_ProcessCmd
                0x000000000801fe6c      0x2fc ./Middlewares/ST/STM32_USB_Device_Library/Class/MSC/Src/usbd_msc_scsi.o
                0x000000000801fe6c                SCSI_ProcessCmd
 .text.SCSI_TestUnitReady
                0x0000000008020168       0xa0 ./Middlewares/ST/STM32_USB_Device_Library/Class/MSC/Src/usbd_msc_scsi.o
 .text.SCSI_Inquiry
                0x0000000008020208       0xe8 ./Middlewares/ST/STM32_USB_Device_Library/Class/MSC/Src/usbd_msc_scsi.o
 .text.SCSI_ReadCapacity10
                0x00000000080202f0       0xea ./Middlewares/ST/STM32_USB_Device_Library/Class/MSC/Src/usbd_msc_scsi.o
 .text.SCSI_ReadCapacity16
                0x00000000080203da      0x154 ./Middlewares/ST/STM32_USB_Device_Library/Class/MSC/Src/usbd_msc_scsi.o
 .text.SCSI_ReadFormatCapacity
                0x000000000802052e       0xe4 ./Middlewares/ST/STM32_USB_Device_Library/Class/MSC/Src/usbd_msc_scsi.o
 *fill*         0x0000000008020612        0x2 
 .text.SCSI_ModeSense6
                0x0000000008020614       0x58 ./Middlewares/ST/STM32_USB_Device_Library/Class/MSC/Src/usbd_msc_scsi.o
 .text.SCSI_ModeSense10
                0x000000000802066c       0x58 ./Middlewares/ST/STM32_USB_Device_Library/Class/MSC/Src/usbd_msc_scsi.o
 .text.SCSI_RequestSense
                0x00000000080206c4       0xfe ./Middlewares/ST/STM32_USB_Device_Library/Class/MSC/Src/usbd_msc_scsi.o
 .text.SCSI_SenseCode
                0x00000000080207c2       0x8e ./Middlewares/ST/STM32_USB_Device_Library/Class/MSC/Src/usbd_msc_scsi.o
                0x00000000080207c2                SCSI_SenseCode
 .text.SCSI_StartStopUnit
                0x0000000008020850       0xa2 ./Middlewares/ST/STM32_USB_Device_Library/Class/MSC/Src/usbd_msc_scsi.o
 .text.SCSI_AllowPreventRemovable
                0x00000000080208f2       0x52 ./Middlewares/ST/STM32_USB_Device_Library/Class/MSC/Src/usbd_msc_scsi.o
 .text.SCSI_Read10
                0x0000000008020944      0x140 ./Middlewares/ST/STM32_USB_Device_Library/Class/MSC/Src/usbd_msc_scsi.o
 .text.SCSI_Read12
                0x0000000008020a84      0x156 ./Middlewares/ST/STM32_USB_Device_Library/Class/MSC/Src/usbd_msc_scsi.o
 .text.SCSI_Write10
                0x0000000008020bda      0x18a ./Middlewares/ST/STM32_USB_Device_Library/Class/MSC/Src/usbd_msc_scsi.o
 .text.SCSI_Write12
                0x0000000008020d64      0x1aa ./Middlewares/ST/STM32_USB_Device_Library/Class/MSC/Src/usbd_msc_scsi.o
 .text.SCSI_Verify10
                0x0000000008020f0e       0x72 ./Middlewares/ST/STM32_USB_Device_Library/Class/MSC/Src/usbd_msc_scsi.o
 .text.SCSI_CheckAddressRange
                0x0000000008020f80       0x50 ./Middlewares/ST/STM32_USB_Device_Library/Class/MSC/Src/usbd_msc_scsi.o
 .text.SCSI_ProcessRead
                0x0000000008020fd0       0xf2 ./Middlewares/ST/STM32_USB_Device_Library/Class/MSC/Src/usbd_msc_scsi.o
 .text.SCSI_ProcessWrite
                0x00000000080210c2      0x112 ./Middlewares/ST/STM32_USB_Device_Library/Class/MSC/Src/usbd_msc_scsi.o
 .text.SCSI_UpdateBotData
                0x00000000080211d4       0x52 ./Middlewares/ST/STM32_USB_Device_Library/Class/MSC/Src/usbd_msc_scsi.o
 .text.USBD_Init
                0x0000000008021226       0x60 ./Middlewares/ST/STM32_USB_Device_Library/Core/Src/usbd_core.o
                0x0000000008021226                USBD_Init
 .text.USBD_RegisterClass
                0x0000000008021286       0x4e ./Middlewares/ST/STM32_USB_Device_Library/Core/Src/usbd_core.o
                0x0000000008021286                USBD_RegisterClass
 .text.USBD_Start
                0x00000000080212d4       0x18 ./Middlewares/ST/STM32_USB_Device_Library/Core/Src/usbd_core.o
                0x00000000080212d4                USBD_Start
 .text.USBD_RunTestMode
                0x00000000080212ec       0x16 ./Middlewares/ST/STM32_USB_Device_Library/Core/Src/usbd_core.o
                0x00000000080212ec                USBD_RunTestMode
 .text.USBD_SetClassConfig
                0x0000000008021302       0x38 ./Middlewares/ST/STM32_USB_Device_Library/Core/Src/usbd_core.o
                0x0000000008021302                USBD_SetClassConfig
 .text.USBD_ClrClassConfig
                0x000000000802133a       0x30 ./Middlewares/ST/STM32_USB_Device_Library/Core/Src/usbd_core.o
                0x000000000802133a                USBD_ClrClassConfig
 .text.USBD_LL_SetupStage
                0x000000000802136a       0xaa ./Middlewares/ST/STM32_USB_Device_Library/Core/Src/usbd_core.o
                0x000000000802136a                USBD_LL_SetupStage
 .text.USBD_LL_DataOutStage
                0x0000000008021414       0xc6 ./Middlewares/ST/STM32_USB_Device_Library/Core/Src/usbd_core.o
                0x0000000008021414                USBD_LL_DataOutStage
 .text.USBD_LL_DataInStage
                0x00000000080214da      0x12c ./Middlewares/ST/STM32_USB_Device_Library/Core/Src/usbd_core.o
                0x00000000080214da                USBD_LL_DataInStage
 .text.USBD_LL_Reset
                0x0000000008021606       0x9c ./Middlewares/ST/STM32_USB_Device_Library/Core/Src/usbd_core.o
                0x0000000008021606                USBD_LL_Reset
 .text.USBD_LL_SetSpeed
                0x00000000080216a2       0x20 ./Middlewares/ST/STM32_USB_Device_Library/Core/Src/usbd_core.o
                0x00000000080216a2                USBD_LL_SetSpeed
 .text.USBD_LL_Suspend
                0x00000000080216c2       0x2c ./Middlewares/ST/STM32_USB_Device_Library/Core/Src/usbd_core.o
                0x00000000080216c2                USBD_LL_Suspend
 .text.USBD_LL_Resume
                0x00000000080216ee       0x30 ./Middlewares/ST/STM32_USB_Device_Library/Core/Src/usbd_core.o
                0x00000000080216ee                USBD_LL_Resume
 .text.USBD_LL_SOF
                0x000000000802171e       0x44 ./Middlewares/ST/STM32_USB_Device_Library/Core/Src/usbd_core.o
                0x000000000802171e                USBD_LL_SOF
 .text.USBD_LL_IsoINIncomplete
                0x0000000008021762       0x4c ./Middlewares/ST/STM32_USB_Device_Library/Core/Src/usbd_core.o
                0x0000000008021762                USBD_LL_IsoINIncomplete
 .text.USBD_LL_IsoOUTIncomplete
                0x00000000080217ae       0x4c ./Middlewares/ST/STM32_USB_Device_Library/Core/Src/usbd_core.o
                0x00000000080217ae                USBD_LL_IsoOUTIncomplete
 .text.USBD_LL_DevConnected
                0x00000000080217fa       0x16 ./Middlewares/ST/STM32_USB_Device_Library/Core/Src/usbd_core.o
                0x00000000080217fa                USBD_LL_DevConnected
 .text.USBD_LL_DevDisconnected
                0x0000000008021810       0x38 ./Middlewares/ST/STM32_USB_Device_Library/Core/Src/usbd_core.o
                0x0000000008021810                USBD_LL_DevDisconnected
 .text.SWAPBYTE
                0x0000000008021848       0x3c ./Middlewares/ST/STM32_USB_Device_Library/Core/Src/usbd_ctlreq.o
 .text.USBD_StdDevReq
                0x0000000008021884       0xdc ./Middlewares/ST/STM32_USB_Device_Library/Core/Src/usbd_ctlreq.o
                0x0000000008021884                USBD_StdDevReq
 .text.USBD_StdItfReq
                0x0000000008021960       0x92 ./Middlewares/ST/STM32_USB_Device_Library/Core/Src/usbd_ctlreq.o
                0x0000000008021960                USBD_StdItfReq
 .text.USBD_StdEPReq
                0x00000000080219f2      0x2c4 ./Middlewares/ST/STM32_USB_Device_Library/Core/Src/usbd_ctlreq.o
                0x00000000080219f2                USBD_StdEPReq
 *fill*         0x0000000008021cb6        0x2 
 .text.USBD_GetDescriptor
                0x0000000008021cb8      0x328 ./Middlewares/ST/STM32_USB_Device_Library/Core/Src/usbd_ctlreq.o
 .text.USBD_SetAddress
                0x0000000008021fe0       0x88 ./Middlewares/ST/STM32_USB_Device_Library/Core/Src/usbd_ctlreq.o
 .text.USBD_SetConfig
                0x0000000008022068      0x14c ./Middlewares/ST/STM32_USB_Device_Library/Core/Src/usbd_ctlreq.o
 .text.USBD_GetConfig
                0x00000000080221b4       0x6c ./Middlewares/ST/STM32_USB_Device_Library/Core/Src/usbd_ctlreq.o
 .text.USBD_GetStatus
                0x0000000008022220       0x68 ./Middlewares/ST/STM32_USB_Device_Library/Core/Src/usbd_ctlreq.o
 .text.USBD_SetFeature
                0x0000000008022288       0x28 ./Middlewares/ST/STM32_USB_Device_Library/Core/Src/usbd_ctlreq.o
 .text.USBD_ClrFeature
                0x00000000080222b0       0x44 ./Middlewares/ST/STM32_USB_Device_Library/Core/Src/usbd_ctlreq.o
 .text.USBD_ParseSetupRequest
                0x00000000080222f4       0x74 ./Middlewares/ST/STM32_USB_Device_Library/Core/Src/usbd_ctlreq.o
                0x00000000080222f4                USBD_ParseSetupRequest
 .text.USBD_CtlError
                0x0000000008022368       0x22 ./Middlewares/ST/STM32_USB_Device_Library/Core/Src/usbd_ctlreq.o
                0x0000000008022368                USBD_CtlError
 .text.USBD_GetString
                0x000000000802238a       0x8c ./Middlewares/ST/STM32_USB_Device_Library/Core/Src/usbd_ctlreq.o
                0x000000000802238a                USBD_GetString
 .text.USBD_GetLen
                0x0000000008022416       0x34 ./Middlewares/ST/STM32_USB_Device_Library/Core/Src/usbd_ctlreq.o
 .text.USBD_CtlSendData
                0x000000000802244a       0x36 ./Middlewares/ST/STM32_USB_Device_Library/Core/Src/usbd_ioreq.o
                0x000000000802244a                USBD_CtlSendData
 .text.USBD_CtlContinueSendData
                0x0000000008022480       0x22 ./Middlewares/ST/STM32_USB_Device_Library/Core/Src/usbd_ioreq.o
                0x0000000008022480                USBD_CtlContinueSendData
 .text.USBD_CtlContinueRx
                0x00000000080224a2       0x22 ./Middlewares/ST/STM32_USB_Device_Library/Core/Src/usbd_ioreq.o
                0x00000000080224a2                USBD_CtlContinueRx
 .text.USBD_CtlSendStatus
                0x00000000080224c4       0x26 ./Middlewares/ST/STM32_USB_Device_Library/Core/Src/usbd_ioreq.o
                0x00000000080224c4                USBD_CtlSendStatus
 .text.USBD_CtlReceiveStatus
                0x00000000080224ea       0x26 ./Middlewares/ST/STM32_USB_Device_Library/Core/Src/usbd_ioreq.o
                0x00000000080224ea                USBD_CtlReceiveStatus
 .text.MX_USB_DEVICE_Init
                0x0000000008022510       0x60 ./USB_DEVICE/App/usb_device.o
                0x0000000008022510                MX_USB_DEVICE_Init
 .text.USBD_FS_DeviceDescriptor
                0x0000000008022570       0x24 ./USB_DEVICE/App/usbd_desc.o
                0x0000000008022570                USBD_FS_DeviceDescriptor
 .text.USBD_FS_LangIDStrDescriptor
                0x0000000008022594       0x24 ./USB_DEVICE/App/usbd_desc.o
                0x0000000008022594                USBD_FS_LangIDStrDescriptor
 .text.USBD_FS_ProductStrDescriptor
                0x00000000080225b8       0x3c ./USB_DEVICE/App/usbd_desc.o
                0x00000000080225b8                USBD_FS_ProductStrDescriptor
 .text.USBD_FS_ManufacturerStrDescriptor
                0x00000000080225f4       0x28 ./USB_DEVICE/App/usbd_desc.o
                0x00000000080225f4                USBD_FS_ManufacturerStrDescriptor
 .text.USBD_FS_SerialStrDescriptor
                0x000000000802261c       0x24 ./USB_DEVICE/App/usbd_desc.o
                0x000000000802261c                USBD_FS_SerialStrDescriptor
 .text.USBD_FS_ConfigStrDescriptor
                0x0000000008022640       0x3c ./USB_DEVICE/App/usbd_desc.o
                0x0000000008022640                USBD_FS_ConfigStrDescriptor
 .text.USBD_FS_InterfaceStrDescriptor
                0x000000000802267c       0x3c ./USB_DEVICE/App/usbd_desc.o
                0x000000000802267c                USBD_FS_InterfaceStrDescriptor
 .text.USBD_FS_USR_BOSDescriptor
                0x00000000080226b8       0x24 ./USB_DEVICE/App/usbd_desc.o
                0x00000000080226b8                USBD_FS_USR_BOSDescriptor
 .text.Get_SerialNum
                0x00000000080226dc       0x58 ./USB_DEVICE/App/usbd_desc.o
 .text.IntToUnicode
                0x0000000008022734       0x7e ./USB_DEVICE/App/usbd_desc.o
 .text.STORAGE_Init_FS
                0x00000000080227b2       0x18 ./USB_DEVICE/App/usbd_storage_if.o
 .text.STORAGE_GetCapacity_FS
                0x00000000080227ca       0x2c ./USB_DEVICE/App/usbd_storage_if.o
 .text.STORAGE_IsReady_FS
                0x00000000080227f6       0x18 ./USB_DEVICE/App/usbd_storage_if.o
 .text.STORAGE_IsWriteProtected_FS
                0x000000000802280e       0x18 ./USB_DEVICE/App/usbd_storage_if.o
 .text.STORAGE_Read_FS
                0x0000000008022826       0x2e ./USB_DEVICE/App/usbd_storage_if.o
 .text.STORAGE_Write_FS
                0x0000000008022854       0x2a ./USB_DEVICE/App/usbd_storage_if.o
 .text.STORAGE_GetMaxLun_FS
                0x000000000802287e       0x10 ./USB_DEVICE/App/usbd_storage_if.o
 *fill*         0x000000000802288e        0x2 
 .text.HAL_PCD_MspInit
                0x0000000008022890       0xec ./USB_DEVICE/Target/usbd_conf.o
                0x0000000008022890                HAL_PCD_MspInit
 .text.HAL_PCD_SetupStageCallback
                0x000000000802297c       0x24 ./USB_DEVICE/Target/usbd_conf.o
                0x000000000802297c                HAL_PCD_SetupStageCallback
 .text.HAL_PCD_DataOutStageCallback
                0x00000000080229a0       0x36 ./USB_DEVICE/Target/usbd_conf.o
                0x00000000080229a0                HAL_PCD_DataOutStageCallback
 .text.HAL_PCD_DataInStageCallback
                0x00000000080229d6       0x34 ./USB_DEVICE/Target/usbd_conf.o
                0x00000000080229d6                HAL_PCD_DataInStageCallback
 .text.HAL_PCD_SOFCallback
                0x0000000008022a0a       0x1c ./USB_DEVICE/Target/usbd_conf.o
                0x0000000008022a0a                HAL_PCD_SOFCallback
 .text.HAL_PCD_ResetCallback
                0x0000000008022a26       0x50 ./USB_DEVICE/Target/usbd_conf.o
                0x0000000008022a26                HAL_PCD_ResetCallback
 *fill*         0x0000000008022a76        0x2 
 .text.HAL_PCD_SuspendCallback
                0x0000000008022a78       0x4c ./USB_DEVICE/Target/usbd_conf.o
                0x0000000008022a78                HAL_PCD_SuspendCallback
 .text.HAL_PCD_ResumeCallback
                0x0000000008022ac4       0x1c ./USB_DEVICE/Target/usbd_conf.o
                0x0000000008022ac4                HAL_PCD_ResumeCallback
 .text.HAL_PCD_ISOOUTIncompleteCallback
                0x0000000008022ae0       0x24 ./USB_DEVICE/Target/usbd_conf.o
                0x0000000008022ae0                HAL_PCD_ISOOUTIncompleteCallback
 .text.HAL_PCD_ISOINIncompleteCallback
                0x0000000008022b04       0x24 ./USB_DEVICE/Target/usbd_conf.o
                0x0000000008022b04                HAL_PCD_ISOINIncompleteCallback
 .text.HAL_PCD_ConnectCallback
                0x0000000008022b28       0x1c ./USB_DEVICE/Target/usbd_conf.o
                0x0000000008022b28                HAL_PCD_ConnectCallback
 .text.HAL_PCD_DisconnectCallback
                0x0000000008022b44       0x1c ./USB_DEVICE/Target/usbd_conf.o
                0x0000000008022b44                HAL_PCD_DisconnectCallback
 .text.USBD_LL_Init
                0x0000000008022b60       0x98 ./USB_DEVICE/Target/usbd_conf.o
                0x0000000008022b60                USBD_LL_Init
 .text.USBD_LL_Start
                0x0000000008022bf8       0x36 ./USB_DEVICE/Target/usbd_conf.o
                0x0000000008022bf8                USBD_LL_Start
 .text.USBD_LL_OpenEP
                0x0000000008022c2e       0x4c ./USB_DEVICE/Target/usbd_conf.o
                0x0000000008022c2e                USBD_LL_OpenEP
 .text.USBD_LL_CloseEP
                0x0000000008022c7a       0x3e ./USB_DEVICE/Target/usbd_conf.o
                0x0000000008022c7a                USBD_LL_CloseEP
 .text.USBD_LL_FlushEP
                0x0000000008022cb8       0x3e ./USB_DEVICE/Target/usbd_conf.o
                0x0000000008022cb8                USBD_LL_FlushEP
 .text.USBD_LL_StallEP
                0x0000000008022cf6       0x3e ./USB_DEVICE/Target/usbd_conf.o
                0x0000000008022cf6                USBD_LL_StallEP
 .text.USBD_LL_ClearStallEP
                0x0000000008022d34       0x3e ./USB_DEVICE/Target/usbd_conf.o
                0x0000000008022d34                USBD_LL_ClearStallEP
 .text.USBD_LL_IsStallEP
                0x0000000008022d72       0x58 ./USB_DEVICE/Target/usbd_conf.o
                0x0000000008022d72                USBD_LL_IsStallEP
 .text.USBD_LL_SetUSBAddress
                0x0000000008022dca       0x3e ./USB_DEVICE/Target/usbd_conf.o
                0x0000000008022dca                USBD_LL_SetUSBAddress
 .text.USBD_LL_Transmit
                0x0000000008022e08       0x42 ./USB_DEVICE/Target/usbd_conf.o
                0x0000000008022e08                USBD_LL_Transmit
 .text.USBD_LL_PrepareReceive
                0x0000000008022e4a       0x42 ./USB_DEVICE/Target/usbd_conf.o
                0x0000000008022e4a                USBD_LL_PrepareReceive
 .text.USBD_LL_GetRxDataSize
                0x0000000008022e8c       0x26 ./USB_DEVICE/Target/usbd_conf.o
                0x0000000008022e8c                USBD_LL_GetRxDataSize
 *fill*         0x0000000008022eb2        0x2 
 .text.HAL_PCDEx_LPM_Callback
                0x0000000008022eb4       0x9c ./USB_DEVICE/Target/usbd_conf.o
                0x0000000008022eb4                HAL_PCDEx_LPM_Callback
 .text.USBD_static_malloc
                0x0000000008022f50       0x1c ./USB_DEVICE/Target/usbd_conf.o
                0x0000000008022f50                USBD_static_malloc
 .text.USBD_static_free
                0x0000000008022f6c       0x14 ./USB_DEVICE/Target/usbd_conf.o
                0x0000000008022f6c                USBD_static_free
 .text.USBD_Get_USB_Status
                0x0000000008022f80       0x58 ./USB_DEVICE/Target/usbd_conf.o
                0x0000000008022f80                USBD_Get_USB_Status
 .text.__errno  0x0000000008022fd8        0xc c:/st/stm32cubeide_1.6.1/stm32cubeide/plugins/com.st.stm32cube.ide.mcu.externaltools.gnu-tools-for-stm32.9-2020-q2-update.win32_2.0.0.202105311346/tools/bin/../lib/gcc/arm-none-eabi/9.3.1/../../../../arm-none-eabi/lib/thumb/v7e-m+fp/hard\libc_nano.a(lib_a-errno.o)
                0x0000000008022fd8                __errno
 .text.__libc_init_array
                0x0000000008022fe4       0x48 c:/st/stm32cubeide_1.6.1/stm32cubeide/plugins/com.st.stm32cube.ide.mcu.externaltools.gnu-tools-for-stm32.9-2020-q2-update.win32_2.0.0.202105311346/tools/bin/../lib/gcc/arm-none-eabi/9.3.1/../../../../arm-none-eabi/lib/thumb/v7e-m+fp/hard\libc_nano.a(lib_a-init.o)
                0x0000000008022fe4                __libc_init_array
 .text.malloc   0x000000000802302c       0x10 c:/st/stm32cubeide_1.6.1/stm32cubeide/plugins/com.st.stm32cube.ide.mcu.externaltools.gnu-tools-for-stm32.9-2020-q2-update.win32_2.0.0.202105311346/tools/bin/../lib/gcc/arm-none-eabi/9.3.1/../../../../arm-none-eabi/lib/thumb/v7e-m+fp/hard\libc_nano.a(lib_a-malloc.o)
                0x000000000802302c                malloc
 .text.free     0x000000000802303c       0x10 c:/st/stm32cubeide_1.6.1/stm32cubeide/plugins/com.st.stm32cube.ide.mcu.externaltools.gnu-tools-for-stm32.9-2020-q2-update.win32_2.0.0.202105311346/tools/bin/../lib/gcc/arm-none-eabi/9.3.1/../../../../arm-none-eabi/lib/thumb/v7e-m+fp/hard\libc_nano.a(lib_a-malloc.o)
                0x000000000802303c                free
 .text.memcpy   0x000000000802304c       0x1c c:/st/stm32cubeide_1.6.1/stm32cubeide/plugins/com.st.stm32cube.ide.mcu.externaltools.gnu-tools-for-stm32.9-2020-q2-update.win32_2.0.0.202105311346/tools/bin/../lib/gcc/arm-none-eabi/9.3.1/../../../../arm-none-eabi/lib/thumb/v7e-m+fp/hard\libc_nano.a(lib_a-memcpy-stub.o)
                0x000000000802304c                memcpy
 .text.memset   0x0000000008023068       0x10 c:/st/stm32cubeide_1.6.1/stm32cubeide/plugins/com.st.stm32cube.ide.mcu.externaltools.gnu-tools-for-stm32.9-2020-q2-update.win32_2.0.0.202105311346/tools/bin/../lib/gcc/arm-none-eabi/9.3.1/../../../../arm-none-eabi/lib/thumb/v7e-m+fp/hard\libc_nano.a(lib_a-memset.o)
                0x0000000008023068                memset
 .text._free_r  0x0000000008023078       0xa0 c:/st/stm32cubeide_1.6.1/stm32cubeide/plugins/com.st.stm32cube.ide.mcu.externaltools.gnu-tools-for-stm32.9-2020-q2-update.win32_2.0.0.202105311346/tools/bin/../lib/gcc/arm-none-eabi/9.3.1/../../../../arm-none-eabi/lib/thumb/v7e-m+fp/hard\libc_nano.a(lib_a-nano-freer.o)
                0x0000000008023078                _free_r
 .text._malloc_r
                0x0000000008023118       0xb4 c:/st/stm32cubeide_1.6.1/stm32cubeide/plugins/com.st.stm32cube.ide.mcu.externaltools.gnu-tools-for-stm32.9-2020-q2-update.win32_2.0.0.202105311346/tools/bin/../lib/gcc/arm-none-eabi/9.3.1/../../../../arm-none-eabi/lib/thumb/v7e-m+fp/hard\libc_nano.a(lib_a-nano-mallocr.o)
                0x0000000008023118                _malloc_r
 .text._sbrk_r  0x00000000080231cc       0x20 c:/st/stm32cubeide_1.6.1/stm32cubeide/plugins/com.st.stm32cube.ide.mcu.externaltools.gnu-tools-for-stm32.9-2020-q2-update.win32_2.0.0.202105311346/tools/bin/../lib/gcc/arm-none-eabi/9.3.1/../../../../arm-none-eabi/lib/thumb/v7e-m+fp/hard\libc_nano.a(lib_a-sbrkr.o)
                0x00000000080231cc                _sbrk_r
 .text.__malloc_lock
                0x00000000080231ec        0xc c:/st/stm32cubeide_1.6.1/stm32cubeide/plugins/com.st.stm32cube.ide.mcu.externaltools.gnu-tools-for-stm32.9-2020-q2-update.win32_2.0.0.202105311346/tools/bin/../lib/gcc/arm-none-eabi/9.3.1/../../../../arm-none-eabi/lib/thumb/v7e-m+fp/hard\libc_nano.a(lib_a-mlock.o)
                0x00000000080231ec                __malloc_lock
 .text.__malloc_unlock
                0x00000000080231f8        0xc c:/st/stm32cubeide_1.6.1/stm32cubeide/plugins/com.st.stm32cube.ide.mcu.externaltools.gnu-tools-for-stm32.9-2020-q2-update.win32_2.0.0.202105311346/tools/bin/../lib/gcc/arm-none-eabi/9.3.1/../../../../arm-none-eabi/lib/thumb/v7e-m+fp/hard\libc_nano.a(lib_a-mlock.o)
                0x00000000080231f8                __malloc_unlock
 .text.__retarget_lock_acquire_recursive
                0x0000000008023204        0x2 c:/st/stm32cubeide_1.6.1/stm32cubeide/plugins/com.st.stm32cube.ide.mcu.externaltools.gnu-tools-for-stm32.9-2020-q2-update.win32_2.0.0.202105311346/tools/bin/../lib/gcc/arm-none-eabi/9.3.1/../../../../arm-none-eabi/lib/thumb/v7e-m+fp/hard\libc_nano.a(lib_a-lock.o)
                0x0000000008023204                __retarget_lock_acquire_recursive
 .text.__retarget_lock_release_recursive
                0x0000000008023206        0x2 c:/st/stm32cubeide_1.6.1/stm32cubeide/plugins/com.st.stm32cube.ide.mcu.externaltools.gnu-tools-for-stm32.9-2020-q2-update.win32_2.0.0.202105311346/tools/bin/../lib/gcc/arm-none-eabi/9.3.1/../../../../arm-none-eabi/lib/thumb/v7e-m+fp/hard\libc_nano.a(lib_a-lock.o)
                0x0000000008023206                __retarget_lock_release_recursive
 *(.glue_7)
 .glue_7        0x0000000008023208        0x0 linker stubs
 *(.glue_7t)
 .glue_7t       0x0000000008023208        0x0 linker stubs
 *(.eh_frame)
 .eh_frame      0x0000000008023208        0x0 c:/st/stm32cubeide_1.6.1/stm32cubeide/plugins/com.st.stm32cube.ide.mcu.externaltools.gnu-tools-for-stm32.9-2020-q2-update.win32_2.0.0.202105311346/tools/bin/../lib/gcc/arm-none-eabi/9.3.1/thumb/v7e-m+fp/hard/crtbegin.o
 *(.init)
 .init          0x0000000008023208        0x4 c:/st/stm32cubeide_1.6.1/stm32cubeide/plugins/com.st.stm32cube.ide.mcu.externaltools.gnu-tools-for-stm32.9-2020-q2-update.win32_2.0.0.202105311346/tools/bin/../lib/gcc/arm-none-eabi/9.3.1/thumb/v7e-m+fp/hard/crti.o
                0x0000000008023208                _init
 .init          0x000000000802320c        0x8 c:/st/stm32cubeide_1.6.1/stm32cubeide/plugins/com.st.stm32cube.ide.mcu.externaltools.gnu-tools-for-stm32.9-2020-q2-update.win32_2.0.0.202105311346/tools/bin/../lib/gcc/arm-none-eabi/9.3.1/thumb/v7e-m+fp/hard/crtn.o
 *(.fini)
 .fini          0x0000000008023214        0x4 c:/st/stm32cubeide_1.6.1/stm32cubeide/plugins/com.st.stm32cube.ide.mcu.externaltools.gnu-tools-for-stm32.9-2020-q2-update.win32_2.0.0.202105311346/tools/bin/../lib/gcc/arm-none-eabi/9.3.1/thumb/v7e-m+fp/hard/crti.o
                0x0000000008023214                _fini
 .fini          0x0000000008023218        0x8 c:/st/stm32cubeide_1.6.1/stm32cubeide/plugins/com.st.stm32cube.ide.mcu.externaltools.gnu-tools-for-stm32.9-2020-q2-update.win32_2.0.0.202105311346/tools/bin/../lib/gcc/arm-none-eabi/9.3.1/thumb/v7e-m+fp/hard/crtn.o
                0x0000000008023220                . = ALIGN (0x4)
                0x0000000008023220                _etext = .

.vfp11_veneer   0x0000000008023220        0x0
 .vfp11_veneer  0x0000000008023220        0x0 linker stubs

.v4_bx          0x0000000008023220        0x0
 .v4_bx         0x0000000008023220        0x0 linker stubs

.iplt           0x0000000008023220        0x0
 .iplt          0x0000000008023220        0x0 c:/st/stm32cubeide_1.6.1/stm32cubeide/plugins/com.st.stm32cube.ide.mcu.externaltools.gnu-tools-for-stm32.9-2020-q2-update.win32_2.0.0.202105311346/tools/bin/../lib/gcc/arm-none-eabi/9.3.1/thumb/v7e-m+fp/hard/crtbegin.o

.rodata         0x00000000080001c4     0x21c8
                0x00000000080001c4                . = ALIGN (0x4)
 *(.rodata)
 .rodata        0x00000000080001c4       0x26 ./Core/Src/Draw.o
 *fill*         0x00000000080001ea        0x2 
 .rodata        0x00000000080001ec      0x75c ./Core/Src/File.o
 .rodata        0x0000000008000948       0xac ./Core/Src/Menu.o
 .rodata        0x00000000080009f4       0x8f ./Core/Src/main.o
 *fill*         0x0000000008000a83        0x1 
 .rodata        0x0000000008000a84       0x42 ./USB_DEVICE/App/usbd_desc.o
 *(.rodata*)
 *fill*         0x0000000008000ac6        0x2 
 .rodata.FPSC   0x0000000008000ac8       0x20 ./Core/Src/Bios.o
                0x0000000008000ac8                FPSC
 .rodata.FARR   0x0000000008000ae8       0x20 ./Core/Src/Bios.o
                0x0000000008000ae8                FARR
 .rodata.PSC    0x0000000008000b08       0x28 ./Core/Src/Bios.o
                0x0000000008000b08                PSC
 .rodata.ARR    0x0000000008000b30       0x28 ./Core/Src/Bios.o
                0x0000000008000b30                ARR
 .rodata.DEMO   0x0000000008000b58      0x136 ./Core/Src/Draw.o
                0x0000000008000b58                DEMO
 *fill*         0x0000000008000c8e        0x2 
 .rodata.CHAR8x14
                0x0000000008000c90      0x600 ./Core/Src/Draw.o
                0x0000000008000c90                CHAR8x14
 .rodata.SYMB8x14
                0x0000000008001290      0x200 ./Core/Src/Draw.o
                0x0000000008001290                SYMB8x14
 .rodata.SYMB6x8
                0x0000000008001490      0x234 ./Core/Src/Draw.o
                0x0000000008001490                SYMB6x8
 .rodata.CHAR6x8
                0x00000000080016c4      0x234 ./Core/Src/Draw.o
                0x00000000080016c4                CHAR6x8
 .rodata.SYMB10x14
                0x00000000080018f8       0xa0 ./Core/Src/Draw.o
                0x00000000080018f8                SYMB10x14
 .rodata.CHAR10x14
                0x0000000008001998       0x14 ./Core/Src/Draw.o
                0x0000000008001998                CHAR10x14
 .rodata.Vol_Str
                0x00000000080019ac       0x50 ./Core/Src/File.o
                0x00000000080019ac                Vol_Str
 .rodata.Vol_10X
                0x00000000080019fc       0x50 ./Core/Src/File.o
                0x00000000080019fc                Vol_10X
 .rodata.VScale_Str
                0x0000000008001a4c       0x3c ./Core/Src/File.o
                0x0000000008001a4c                VScale_Str
 .rodata.VScale_Str_10X
                0x0000000008001a88       0x3c ./Core/Src/File.o
                0x0000000008001a88                VScale_Str_10X
 .rodata.TScale_Str
                0x0000000008001ac4       0xa0 ./Core/Src/File.o
                0x0000000008001ac4                TScale_Str
 .rodata.BMP_Color
                0x0000000008001b64       0x20 ./Core/Src/File.o
                0x0000000008001b64                BMP_Color
 .rodata.BmpHead
                0x0000000008001b84       0x36 ./Core/Src/File.o
                0x0000000008001b84                BmpHead
 *fill*         0x0000000008001bba        0x2 
 .rodata.CLK_TAB
                0x0000000008001bbc       0x58 ./Core/Src/File.o
                0x0000000008001bbc                CLK_TAB
 .rodata.A      0x0000000008001c14        0xc ./Core/Src/Menu.o
                0x0000000008001c14                A
 .rodata.C      0x0000000008001c20       0x2a ./Core/Src/Menu.o
                0x0000000008001c20                C
 *fill*         0x0000000008001c4a        0x2 
 .rodata.D      0x0000000008001c4c       0x18 ./Core/Src/Menu.o
                0x0000000008001c4c                D
 .rodata.E      0x0000000008001c64        0xc ./Core/Src/Menu.o
                0x0000000008001c64                E
 .rodata.F      0x0000000008001c70       0x18 ./Core/Src/Menu.o
                0x0000000008001c70                F
 .rodata.I      0x0000000008001c88       0x2a ./Core/Src/Menu.o
                0x0000000008001c88                I
 *fill*         0x0000000008001cb2        0x2 
 .rodata.M      0x0000000008001cb4       0x1e ./Core/Src/Menu.o
                0x0000000008001cb4                M
 *fill*         0x0000000008001cd2        0x2 
 .rodata.N      0x0000000008001cd4        0xc ./Core/Src/Menu.o
                0x0000000008001cd4                N
 .rodata.P      0x0000000008001ce0        0x6 ./Core/Src/Menu.o
                0x0000000008001ce0                P
 *fill*         0x0000000008001ce6        0x2 