Archive member included to satisfy reference by file (symbol)

c:/st/stm32cubeide_1.6.1/stm32cubeide/plugins/com.st.stm32cube.ide.mcu.externaltools.gnu-tools-for-stm32.9-2020-q2-update.win32_2.0.0.202105311346/tools/bin/../lib/gcc/arm-none-eabi/9.3.1/../../../../arm-none-eabi/lib/thumb/v7e-m+fp/hard\libc_nano.a(lib_a-errno.o)
                              ./Core/Src/syscalls.o (__errno)
c:/st/stm32cubeide_1.6.1/stm32cubeide/plugins/com.st.stm32cube.ide.mcu.externaltools.gnu-tools-for-stm32.9-2020-q2-update.win32_2.0.0.202105311346/tools/bin/../lib/gcc/arm-none-eabi/9.3.1/../../../../arm-none-eabi/lib/thumb/v7e-m+fp/hard\libc_nano.a(lib_a-exit.o)
                              c:/st/stm32cubeide_1.6.1/stm32cubeide/plugins/com.st.stm32cube.ide.mcu.externaltools.gnu-tools-for-stm32.9-2020-q2-update.win32_2.0.0.202105311346/tools/bin/../lib/gcc/arm-none-eabi/9.3.1/../../../../arm-none-eabi/lib/thumb/v7e-m+fp/hard/crt0.o (exit)
c:/st/stm32cubeide_1.6.1/stm32cubeide/plugins/com.st.stm32cube.ide.mcu.externaltools.gnu-tools-for-stm32.9-2020-q2-update.win32_2.0.0.202105311346/tools/bin/../lib/gcc/arm-none-eabi/9.3.1/../../../../arm-none-eabi/lib/thumb/v7e-m+fp/hard\libc_nano.a(lib_a-impure.o)
                              c:/st/stm32cubeide_1.6.1/stm32cubeide/plugins/com.st.stm32cube.ide.mcu.externaltools.gnu-tools-for-stm32.9-2020-q2-update.win32_2.0.0.202105311346/tools/bin/../lib/gcc/arm-none-eabi/9.3.1/../../../../arm-none-eabi/lib/thumb/v7e-m+fp/hard\libc_nano.a(lib_a-exit.o) (_global_impure_ptr)
c:/st/stm32cubeide_1.6.1/stm32cubeide/plugins/com.st.stm32cube.ide.mcu.externaltools.gnu-tools-for-stm32.9-2020-q2-update.win32_2.0.0.202105311346/tools/bin/../lib/gcc/arm-none-eabi/9.3.1/../../../../arm-none-eabi/lib/thumb/v7e-m+fp/hard\libc_nano.a(lib_a-init.o)
                              c:/st/stm32cubeide_1.6.1/stm32cubeide/plugins/com.st.stm32cube.ide.mcu.externaltools.gnu-tools-for-stm32.9-2020-q2-update.win32_2.0.0.202105311346/tools/bin/../lib/gcc/arm-none-eabi/9.3.1/../../../../arm-none-eabi/lib/thumb/v7e-m+fp/hard/crt0.o (__libc_init_array)
c:/st/stm32cubeide_1.6.1/stm32cubeide/plugins/com.st.stm32cube.ide.mcu.externaltools.gnu-tools-for-stm32.9-2020-q2-update.win32_2.0.0.202105311346/tools/bin/../lib/gcc/arm-none-eabi/9.3.1/../../../../arm-none-eabi/lib/thumb/v7e-m+fp/hard\libc_nano.a(lib_a-malloc.o)
                              ./Core/Src/Lcd_ctl.o (malloc)
c:/st/stm32cubeide_1.6.1/stm32cubeide/plugins/com.st.stm32cube.ide.mcu.externaltools.gnu-tools-for-stm32.9-2020-q2-update.win32_2.0.0.202105311346/tools/bin/../lib/gcc/arm-none-eabi/9.3.1/../../../../arm-none-eabi/lib/thumb/v7e-m+fp/hard\libc_nano.a(lib_a-memcpy-stub.o)
                              ./Core/Src/File.o (memcpy)
c:/st/stm32cubeide_1.6.1/stm32cubeide/plugins/com.st.stm32cube.ide.mcu.externaltools.gnu-tools-for-stm32.9-2020-q2-update.win32_2.0.0.202105311346/tools/bin/../lib/gcc/arm-none-eabi/9.3.1/../../../../arm-none-eabi/lib/thumb/v7e-m+fp/hard\libc_nano.a(lib_a-memset.o)
                              c:/st/stm32cubeide_1.6.1/stm32cubeide/plugins/com.st.stm32cube.ide.mcu.externaltools.gnu-tools-for-stm32.9-2020-q2-update.win32_2.0.0.202105311346/tools/bin/../lib/gcc/arm-none-eabi/9.3.1/../../../../arm-none-eabi/lib/thumb/v7e-m+fp/hard/crt0.o (memset)
c:/st/stm32cubeide_1.6.1/stm32cubeide/plugins/com.st.stm32cube.ide.mcu.externaltools.gnu-tools-for-stm32.9-2020-q2-update.win32_2.0.0.202105311346/tools/bin/../lib/gcc/arm-none-eabi/9.3.1/../../../../arm-none-eabi/lib/thumb/v7e-m+fp/hard\libc_nano.a(lib_a-nano-freer.o)
                              c:/st/stm32cubeide_1.6.1/stm32cubeide/plugins/com.st.stm32cube.ide.mcu.externaltools.gnu-tools-for-stm32.9-2020-q2-update.win32_2.0.0.202105311346/tools/bin/../lib/gcc/arm-none-eabi/9.3.1/../../../../arm-none-eabi/lib/thumb/v7e-m+fp/hard\libc_nano.a(lib_a-malloc.o) (_free_r)
c:/st/stm32cubeide_1.6.1/stm32cubeide/plugins/com.st.stm32cube.ide.mcu.externaltools.gnu-tools-for-stm32.9-2020-q2-update.win32_2.0.0.202105311346/tools/bin/../lib/gcc/arm-none-eabi/9.3.1/../../../../arm-none-eabi/lib/thumb/v7e-m+fp/hard\libc_nano.a(lib_a-nano-mallocr.o)
                              c:/st/stm32cubeide_1.6.1/stm32cubeide/plugins/com.st.stm32cube.ide.mcu.externaltools.gnu-tools-for-stm32.9-2020-q2-update.win32_2.0.0.202105311346/tools/bin/../lib/gcc/arm-none-eabi/9.3.1/../../../../arm-none-eabi/lib/thumb/v7e-m+fp/hard\libc_nano.a(lib_a-malloc.o) (_malloc_r)
c:/st/stm32cubeide_1.6.1/stm32cubeide/plugins/com.st.stm32cube.ide.mcu.externaltools.gnu-tools-for-stm32.9-2020-q2-update.win32_2.0.0.202105311346/tools/bin/../lib/gcc/arm-none-eabi/9.3.1/../../../../arm-none-eabi/lib/thumb/v7e-m+fp/hard\libc_nano.a(lib_a-sbrkr.o)
[...]
Memory Configuration

Name             Origin             Length             Attributes
RAM              0x0000000020000000 0x0000000000020000 xrw
LOFLASH          0x0000000008000000 0x0000000000004000 xr
KPGFLASH         0x0000000008004000 0x0000000000004000 xrw
DATFLASH         0x0000000008008000 0x0000000000004000 xrw
FLASH            0x000000000800c000 0x0000000000074000 xr
*default*        0x0000000000000000 0xffffffffffffffff

Linker script and memory map

LOAD c:/st/stm32cubeide_1.6.1/stm32cubeide/plugins/com.st.stm32cube.ide.mcu.externaltools.gnu-tools-for-stm32.9-2020-q2-update.win32_2.0.0.202105311346/tools/bin/../lib/gcc/arm-none-eabi/9.3.1/thumb/v7e-m+fp/hard/crti.o
LOAD c:/st/stm32cubeide_1.6.1/stm32cubeide/plugins/com.st.stm32cube.ide.mcu.externaltools.gnu-tools-for-stm32.9-2020-q2-update.win32_2.0.0.202105311346/tools/bin/../lib/gcc/arm-none-eabi/9.3.1/thumb/v7e-m+fp/hard/crtbegin.o
LOAD c:/st/stm32cubeide_1.6.1/stm32cubeide/plugins/com.st.stm32cube.ide.mcu.externaltools.gnu-tools-for-stm32.9-2020-q2-update.win32_2.0.0.202105311346/tools/bin/../lib/gcc/arm-none-eabi/9.3.1/../../../../arm-none-eabi/lib/thumb/v7e-m+fp/hard/crt0.o
LOAD ./Core/Src/Bios.o
LOAD ./Core/Src/Display.o
LOAD ./Core/Src/Draw.o
LOAD ./Core/Src/Ext_flash.o
LOAD ./Core/Src/Fat12.o
LOAD ./Core/Src/File.o
LOAD ./Core/Src/Flash.o
LOAD ./Core/Src/Func.o
LOAD ./Core/Src/Lcd_ctl.o
LOAD ./Core/Src/Menu.o
LOAD ./Core/Src/Process.o
LOAD ./Core/Src/Touch_ctl.o
LOAD ./Core/Src/main.o
LOAD ./Core/Src/stm32f4xx_hal_msp.o
LOAD ./Core/Src/stm32f4xx_it.o
LOAD ./Core/Src/syscalls.o
LOAD ./Core/Src/sysmem.o
LOAD ./Core/Src/system_stm32f4xx.o
LOAD ./Core/Startup/startup_stm32f446retx.o
LOAD ./Drivers/STM32F4xx_HAL_Driver/Src/stm32f4xx_hal.o
LOAD ./Drivers/STM32F4xx_HAL_Driver/Src/stm32f4xx_hal_adc.o
LOAD ./Drivers/STM32F4xx_HAL_Driver/Src/stm32f4xx_hal_adc_ex.o
LOAD ./Drivers/STM32F4xx_HAL_Driver/Src/stm32f4xx_hal_cortex.o
LOAD ./Drivers/STM32F4xx_HAL_Driver/Src/stm32f4xx_hal_dac.o
LOAD ./Drivers/STM32F4xx_HAL_Driver/Src/stm32f4xx_hal_dac_ex.o
LOAD ./Drivers/STM32F4xx_HAL_Driver/Src/stm32f4xx_hal_dma.o
LOAD ./Drivers/STM32F4xx_HAL_Driver/Src/stm32f4xx_hal_dma_ex.o
LOAD ./Drivers/STM32F4xx_HAL_Driver/Src/stm32f4xx_hal_exti.o
LOAD ./Drivers/STM32F4xx_HAL_Driver/Src/stm32f4xx_hal_flash.o
LOAD ./Drivers/STM32F4xx_HAL_Driver/Src/stm32f4xx_hal_flash_ex.o
LOAD ./Drivers/STM32F4xx_HAL_Driver/Src/stm32f4xx_hal_flash_ramfunc.o
LOAD ./Drivers/STM32F4xx_HAL_Driver/Src/stm32f4xx_hal_gpio.o
LOAD ./Drivers/STM32F4xx_HAL_Driver/Src/stm32f4xx_hal_pcd.o
LOAD ./Drivers/STM32F4xx_HAL_Driver/Src/stm32f4xx_hal_pcd_ex.o
LOAD ./Drivers/STM32F4xx_HAL_Driver/Src/stm32f4xx_hal_pwr.o
LOAD ./Drivers/STM32F4xx_HAL_Driver/Src/stm32f4xx_hal_pwr_ex.o
LOAD ./Drivers/STM32F4xx_HAL_Driver/Src/stm32f4xx_hal_rcc.o
LOAD ./Drivers/STM32F4xx_HAL_Driver/Src/stm32f4xx_hal_rcc_ex.o
LOAD ./Drivers/STM32F4xx_HAL_Driver/Src/stm32f4xx_hal_spi.o
LOAD ./Drivers/STM32F4xx_HAL_Driver/Src/stm32f4xx_hal_tim.o
LOAD ./Drivers/STM32F4xx_HAL_Driver/Src/stm32f4xx_hal_tim_ex.o
LOAD ./Drivers/STM32F4xx_HAL_Driver/Src/stm32f4xx_ll_adc.o
LOAD ./Drivers/STM32F4xx_HAL_Driver/Src/stm32f4xx_ll_usb.o
LOAD ./Middlewares/ST/STM32_USB_Device_Library/Class/MSC/Src/usbd_msc.o
LOAD ./Middlewares/ST/STM32_USB_Device_Library/Class/MSC/Src/usbd_msc_bot.o
LOAD ./Middlewares/ST/STM32_USB_Device_Library/Class/MSC/Src/usbd_msc_data.o
LOAD ./Middlewares/ST/STM32_USB_Device_Library/Class/MSC/Src/usbd_msc_scsi.o
LOAD ./Middlewares/ST/STM32_USB_Device_Library/Core/Src/usbd_core.o
LOAD ./Middlewares/ST/STM32_USB_Device_Library/Core/Src/usbd_ctlreq.o
LOAD ./Middlewares/ST/STM32_USB_Device_Library/Core/Src/usbd_ioreq.o
LOAD ./USB_DEVICE/App/usb_device.o
LOAD ./USB_DEVICE/App/usbd_desc.o
LOAD ./USB_DEVICE/App/usbd_storage_if.o
LOAD ./USB_DEVICE/Target/usbd_conf.o
START GROUP
LOAD c:/st/stm32cubeide_1.6.1/stm32cubeide/plugins/com.st.stm32cube.ide.mcu.externaltools.gnu-tools-for-stm32.9-2020-q2-update.win32_2.0.0.202105311346/tools/bin/../lib/gcc/arm-none-eabi/9.3.1/../../../../arm-none-eabi/lib/thumb/v7e-m+fp/hard\libc_nano.a
LOAD c:/st/stm32cubeide_1.6.1/stm32cubeide/plugins/com.st.stm32cube.ide.mcu.externaltools.gnu-tools-for-stm32.9-2020-q2-update.win32_2.0.0.202105311346/tools/bin/../lib/gcc/arm-none-eabi/9.3.1/../../../../arm-none-eabi/lib/thumb/v7e-m+fp/hard\libm.a
END GROUP
START GROUP
LOAD c:/st/stm32cubeide_1.6.1/stm32cubeide/plugins/com.st.stm32cube.ide.mcu.externaltools.gnu-tools-for-stm32.9-2020-q2-update.win32_2.0.0.202105311346/tools/bin/../lib/gcc/arm-none-eabi/9.3.1/thumb/v7e-m+fp/hard\libgcc.a
LOAD c:/st/stm32cubeide_1.6.1/stm32cubeide/plugins/com.st.stm32cube.ide.mcu.externaltools.gnu-tools-for-stm32.9-2020-q2-update.win32_2.0.0.202105311346/tools/bin/../lib/gcc/arm-none-eabi/9.3.1/../../../../arm-none-eabi/lib/thumb/v7e-m+fp/hard\libc_nano.a
END GROUP
START GROUP
LOAD c:/st/stm32cubeide_1.6.1/stm32cubeide/plugins/com.st.stm32cube.ide.mcu.externaltools.gnu-tools-for-stm32.9-2020-q2-update.win32_2.0.0.202105311346/tools/bin/../lib/gcc/arm-none-eabi/9.3.1/thumb/v7e-m+fp/hard\libgcc.a
LOAD c:/st/stm32cubeide_1.6.1/stm32cubeide/plugins/com.st.stm32cube.ide.mcu.externaltools.gnu-tools-for-stm32.9-2020-q2-update.win32_2.0.0.202105311346/tools/bin/../lib/gcc/arm-none-eabi/9.3.1/../../../../arm-none-eabi/lib/thumb/v7e-m+fp/hard\libc_nano.a
LOAD c:/st/stm32cubeide_1.6.1/stm32cubeide/plugins/com.st.stm32cube.ide.mcu.externaltools.gnu-tools-for-stm32.9-2020-q2-update.win32_2.0.0.202105311346/tools/bin/../lib/gcc/arm-none-eabi/9.3.1/../../../../arm-none-eabi/lib/thumb/v7e-m+fp/hard\libnosys.a
END GROUP
START GROUP
LOAD c:/st/stm32cubeide_1.6.1/stm32cubeide/plugins/com.st.stm32cube.ide.mcu.externaltools.gnu-tools-for-stm32.9-2020-q2-update.win32_2.0.0.202105311346/tools/bin/../lib/gcc/arm-none-eabi/9.3.1/thumb/v7e-m+fp/hard\libgcc.a
LOAD c:/st/stm32cubeide_1.6.1/stm32cubeide/plugins/com.st.stm32cube.ide.mcu.externaltools.gnu-tools-for-stm32.9-2020-q2-update.win32_2.0.0.202105311346/tools/bin/../lib/gcc/arm-none-eabi/9.3.1/../../../../arm-none-eabi/lib/thumb/v7e-m+fp/hard\libc_nano.a
LOAD c:/st/stm32cubeide_1.6.1/stm32cubeide/plugins/com.st.stm32cube.ide.mcu.externaltools.gnu-tools-for-stm32.9-2020-q2-update.win32_2.0.0.202105311346/tools/bin/../lib/gcc/arm-none-eabi/9.3.1/../../../../arm-none-eabi/lib/thumb/v7e-m+fp/hard\libnosys.a
END GROUP
LOAD c:/st/stm32cubeide_1.6.1/stm32cubeide/plugins/com.st.stm32cube.ide.mcu.externaltools.gnu-tools-for-stm32.9-2020-q2-update.win32_2.0.0.202105311346/tools/bin/../lib/gcc/arm-none-eabi/9.3.1/thumb/v7e-m+fp/hard/crtend.o
LOAD c:/st/stm32cubeide_1.6.1/stm32cubeide/plugins/com.st.stm32cube.ide.mcu.externaltools.gnu-tools-for-stm32.9-2020-q2-update.win32_2.0.0.202105311346/tools/bin/../lib/gcc/arm-none-eabi/9.3.1/thumb/v7e-m+fp/hard/crtn.o
                0x0000000020020000                _estack = (ORIGIN (RAM) + LENGTH (RAM))
                0x0000000000000800                _Min_Heap_Size = 0x800
                0x0000000000000600                _Min_Stack_Size = 0x600

.isr_vector     0x0000000008000000      0x1c4
                0x0000000008000000                . = ALIGN (0x4)
 *(.isr_vector)
 .isr_vector    0x0000000008000000      0x1c4 ./Core/Startup/startup_stm32f446retx.o
                0x0000000008000000                g_pfnVectors
                0x00000000080001c4                . = ALIGN (0x4)

.text           0x000000000800c000    0x171ac
                0x000000000800c000                . = ALIGN (0x4)
 *(.text)
 .text          0x000000000800c000       0x40 c:/st/stm32cubeide_1.6.1/stm32cubeide/plugins/com.st.stm32cube.ide.mcu.externaltools.gnu-tools-for-stm32.9-2020-q2-update.win32_2.0.0.202105311346/tools/bin/../lib/gcc/arm-none-eabi/9.3.1/thumb/v7e-m+fp/hard/crtbegin.o
 .text          0x000000000800c040       0x10 c:/st/stm32cubeide_1.6.1/stm32cubeide/plugins/com.st.stm32cube.ide.mcu.externaltools.gnu-tools-for-stm32.9-2020-q2-update.win32_2.0.0.202105311346/tools/bin/../lib/gcc/arm-none-eabi/9.3.1/../../../../arm-none-eabi/lib/thumb/v7e-m+fp/hard\libc_nano.a(lib_a-strlen.o)
                0x000000000800c040                strlen
 .text          0x000000000800c050       0x30 c:/st/stm32cubeide_1.6.1/stm32cubeide/plugins/com.st.stm32cube.ide.mcu.externaltools.gnu-tools-for-stm32.9-2020-q2-update.win32_2.0.0.202105311346/tools/bin/../lib/gcc/arm-none-eabi/9.3.1/thumb/v7e-m+fp/hard\libgcc.a(_aeabi_uldivmod.o)
                0x000000000800c050                __aeabi_uldivmod
 .text          0x000000000800c080      0x2c4 c:/st/stm32cubeide_1.6.1/stm32cubeide/plugins/com.st.stm32cube.ide.mcu.externaltools.gnu-tools-for-stm32.9-2020-q2-update.win32_2.0.0.202105311346/tools/bin/../lib/gcc/arm-none-eabi/9.3.1/thumb/v7e-m+fp/hard\libgcc.a(_udivmoddi4.o)
                0x000000000800c080                __udivmoddi4
 .text          0x000000000800c344        0x4 c:/st/stm32cubeide_1.6.1/stm32cubeide/plugins/com.st.stm32cube.ide.mcu.externaltools.gnu-tools-for-stm32.9-2020-q2-update.win32_2.0.0.202105311346/tools/bin/../lib/gcc/arm-none-eabi/9.3.1/thumb/v7e-m+fp/hard\libgcc.a(_dvmd_tls.o)
                0x000000000800c344                __aeabi_idiv0
                0x000000000800c344                __aeabi_ldiv0
 *(.text*)
 .text.BIOS_Info
                0x000000000800c348       0x2c ./Core/Src/Bios.o
                0x000000000800c348                BIOS_Info
 .text.BIOS_Ctrl
                0x000000000800c374      0x2f8 ./Core/Src/Bios.o
                0x000000000800c374                BIOS_Ctrl
 .text.Set_Base
                0x000000000800c66c       0x6c ./Core/Src/Bios.o
                0x000000000800c66c                Set_Base
 .text.Set_Duty
                0x000000000800c6d8       0x58 ./Core/Src/Bios.o
                0x000000000800c6d8                Set_Duty
 .text.Set_Fout
                0x000000000800c730       0x6c ./Core/Src/Bios.o
                0x000000000800c730                Set_Fout
 .text.ADC_Start
                0x000000000800c79c       0x9c ./Core/Src/Bios.o
                0x000000000800c79c                ADC_Start
 .text.fuzz     0x000000000800c838       0x42 ./Core/Src/Bios.o
                0x000000000800c838                fuzz
 .text.Valid_Button
                0x000000000800c87a       0xe2 ./Core/Src/Bios.o
                0x000000000800c87a                Valid_Button
 .text.touchscan
                0x000000000800c95c      0x13c ./Core/Src/Bios.o
                0x000000000800c95c                touchscan
 .text.Tim3_ISP
                0x000000000800ca98      0x224 ./Core/Src/Bios.o
                0x000000000800ca98                Tim3_ISP
 .text.Fill_Base
                0x000000000800ccbc       0x64 ./Core/Src/Display.o
                0x000000000800ccbc                Fill_Base
 .text.Buld_0   0x000000000800cd20       0x18 ./Core/Src/Display.o
                0x000000000800cd20                Buld_0
 .text.Buld_1   0x000000000800cd38       0x50 ./Core/Src/Display.o
                0x000000000800cd38                Buld_1
 .text.Buld_2   0x000000000800cd88       0x44 ./Core/Src/Display.o
                0x000000000800cd88                Buld_2
 .text.Buld_3   0x000000000800cdcc       0x4c ./Core/Src/Display.o
                0x000000000800cdcc                Buld_3
 .text.Buld_4   0x000000000800ce18       0x4c ./Core/Src/Display.o
                0x000000000800ce18                Buld_4
 .text.Draw_Digit_Analog
                0x000000000800ce64      0x230 ./Core/Src/Display.o
                0x000000000800ce64                Draw_Digit_Analog
 .text.Cursor_0
                0x000000000800d094      0x114 ./Core/Src/Display.o
                0x000000000800d094                Cursor_0
 .text.Cursor_1
                0x000000000800d1a8       0xe8 ./Core/Src/Display.o
                0x000000000800d1a8                Cursor_1
 .text.Cursor_2
                0x000000000800d290       0xa8 ./Core/Src/Display.o
                0x000000000800d290                Cursor_2
 .text.Cursor_3
                0x000000000800d338       0xd0 ./Core/Src/Display.o
                0x000000000800d338                Cursor_3
 .text.Cursor_4
                0x000000000800d408      0x300 ./Core/Src/Display.o
                0x000000000800d408                Cursor_4
 .text.Send_LCD
                0x000000000800d708       0x64 ./Core/Src/Display.o
                0x000000000800d708                Send_LCD
 .text.Draw_Pop
                0x000000000800d76c      0x2e8 ./Core/Src/Display.o
                0x000000000800d76c                Draw_Pop
 .text.DrawWindow
                0x000000000800da54      0x328 ./Core/Src/Display.o
                0x000000000800da54                DrawWindow
 .text.DispChar8x14
                0x000000000800dd7c      0x120 ./Core/Src/Draw.o
                0x000000000800dd7c                DispChar8x14
 .text.DispStr8x14
                0x000000000800de9c       0xb0 ./Core/Src/Draw.o
                0x000000000800de9c                DispStr8x14
 .text.SetColor
                0x000000000800df4c       0x30 ./Core/Src/Draw.o
                0x000000000800df4c                SetColor
 .text.DispStr  0x000000000800df7c      0x1ac ./Core/Src/Draw.o
                0x000000000800df7c                DispStr
 .text.Draw_Circle_D
                0x000000000800e128      0x324 ./Core/Src/Draw.o
                0x000000000800e128                Draw_Circle_D
 .text.DispStr10x14
                0x000000000800e44c       0x50 ./Core/Src/Draw.o
                0x000000000800e44c                DispStr10x14
 .text.DispChar10x14
                0x000000000800e49c      0x244 ./Core/Src/Draw.o
                0x000000000800e49c                DispChar10x14
 .text.NotePixel
                0x000000000800e6e0      0x124 ./Core/Src/Draw.o
                0x000000000800e6e0                NotePixel
 .text.Buil_Pop
                0x000000000800e804      0x21c ./Core/Src/Draw.o
                0x000000000800e804                Buil_Pop
 .text.PopColor
                0x000000000800ea20       0x34 ./Core/Src/Draw.o
                0x000000000800ea20                PopColor
 .text.Close_Pop
                0x000000000800ea54       0x2c ./Core/Src/Draw.o
                0x000000000800ea54                Close_Pop
 .text.List_Pop
                0x000000000800ea80       0x2c ./Core/Src/Draw.o
                0x000000000800ea80                List_Pop
 .text.Dialog_Pop
                0x000000000800eaac       0xcc ./Core/Src/Draw.o
                0x000000000800eaac                Dialog_Pop
 .text.Calibrate_Pop
                0x000000000800eb78       0x6c ./Core/Src/Draw.o
                0x000000000800eb78                Calibrate_Pop
 .text.CalSave_Pop
                0x000000000800ebe4       0xdc ./Core/Src/Draw.o
                0x000000000800ebe4                CalSave_Pop
 .text.NoteSTR  0x000000000800ecc0      0x14c ./Core/Src/Draw.o
                0x000000000800ecc0                NoteSTR
 .text.Note_4Point
                0x000000000800ee0c       0xe8 ./Core/Src/Draw.o
                0x000000000800ee0c                Note_4Point
 .text.ExtFlash_SendByte
                0x000000000800eef4       0x90 ./Core/Src/Ext_flash.o
                0x000000000800eef4                ExtFlash_SendByte
 .text.ExtFlash_WaitForWriteEnd
                0x000000000800ef84       0x68 ./Core/Src/Ext_flash.o
                0x000000000800ef84                ExtFlash_WaitForWriteEnd
 .text.ExtFlash_PageRD
                0x000000000800efec       0x90 ./Core/Src/Ext_flash.o
                0x000000000800efec                ExtFlash_PageRD
 .text.ExtFlash_WriteEnable
                0x000000000800f07c       0x2c ./Core/Src/Ext_flash.o
                0x000000000800f07c                ExtFlash_WriteEnable
 .text.ExtFlash_PageProg
                0x000000000800f0a8       0x98 ./Core/Src/Ext_flash.o
                0x000000000800f0a8                ExtFlash_PageProg
 .text.ExtFLASH_SectorErase
                0x000000000800f140       0x5c ./Core/Src/Ext_flash.o
                0x000000000800f140                ExtFLASH_SectorErase
 .text.ExtFlash_PageWR
                0x000000000800f19c      0x118 ./Core/Src/Ext_flash.o
                0x000000000800f19c                ExtFlash_PageWR
 .text.ReadDiskData
                0x000000000800f2b4       0x4c ./Core/Src/Fat12.o
                0x000000000800f2b4                ReadDiskData
 .text.OpenFileRd
                0x000000000800f300       0xf0 ./Core/Src/Fat12.o
                0x000000000800f300                OpenFileRd
 .text.ProgDiskPage
                0x000000000800f3f0       0x44 ./Core/Src/Fat12.o
                0x000000000800f3f0                ProgDiskPage
 .text.SeekBlank
                0x000000000800f434       0xf8 ./Core/Src/Fat12.o
                0x000000000800f434                SeekBlank
 .text.SetCluster
                0x000000000800f52c      0x10c ./Core/Src/Fat12.o
                0x000000000800f52c                SetCluster
 .text.NextCluster
                0x000000000800f638       0xac ./Core/Src/Fat12.o
                0x000000000800f638                NextCluster
 .text.ProgFileSec
                0x000000000800f6e4       0x8c ./Core/Src/Fat12.o
                0x000000000800f6e4                ProgFileSec
 .text.ReadFileSec
                0x000000000800f770       0x5c ./Core/Src/Fat12.o
                0x000000000800f770                ReadFileSec
 .text.CloseFile
                0x000000000800f7cc       0xc8 ./Core/Src/Fat12.o
                0x000000000800f7cc                CloseFile
 .text.OpenFileWr
                0x000000000800f894       0xc4 ./Core/Src/Fat12.o
                0x000000000800f894                OpenFileWr
 .text.Color_Num
                0x000000000800f958       0xfe ./Core/Src/File.o
                0x000000000800f958                Color_Num
 *fill*         0x000000000800fa56        0x2 
 .text.PrintClk
                0x000000000800fa58       0xec ./Core/Src/File.o
                0x000000000800fa58                PrintClk
 .text.WriteVar
                0x000000000800fb44      0x150 ./Core/Src/File.o
                0x000000000800fb44                WriteVar
 .text.WriteStr
                0x000000000800fc94      0x134 ./Core/Src/File.o
                0x000000000800fc94                WriteStr
 .text.Make_Filename
                0x000000000800fdc8       0x3c ./Core/Src/File.o
                0x000000000800fdc8                Make_Filename
 .text.Load_File_Num
                0x000000000800fe04      0x248 ./Core/Src/File.o
                0x000000000800fe04                Load_File_Num
 .text.File_Num
                0x000000000801004c       0x5c ./Core/Src/File.o
                0x000000000801004c                File_Num
 .text.Load_Buf
                0x00000000080100a8      0x1bc ./Core/Src/File.o
                0x00000000080100a8                Load_Buf
 .text.Save_Buf
                0x0000000008010264      0x1ac ./Core/Src/File.o
                0x0000000008010264                Save_Buf
 .text.Save_Dat
                0x0000000008010410      0x128 ./Core/Src/File.o
                0x0000000008010410                Save_Dat
 .text.Load_Dat
                0x0000000008010538      0x158 ./Core/Src/File.o
                0x0000000008010538                Load_Dat
 .text.Save_Bmp
                0x0000000008010690      0x2d4 ./Core/Src/File.o
                0x0000000008010690                Save_Bmp
 .text.Save_Csv
                0x0000000008010964      0x44c ./Core/Src/File.o
                0x0000000008010964                Save_Csv
 .text.Save_Svg
                0x0000000008010db0      0x884 ./Core/Src/File.o
                0x0000000008010db0                Save_Svg
 .text.Read_CalFlag
                0x0000000008011634       0x50 ./Core/Src/Flash.o
                0x0000000008011634                Read_CalFlag
 .text.Save_Parameter
                0x0000000008011684      0x138 ./Core/Src/Flash.o
                0x0000000008011684                Save_Parameter
 .text.Read_Parameter
                0x00000000080117bc      0x11c ./Core/Src/Flash.o
                0x00000000080117bc                Read_Parameter
 .text.Save_Kpg
                0x00000000080118d8       0xec ./Core/Src/Flash.o
                0x00000000080118d8                Save_Kpg
 .text.Read_Kpg
                0x00000000080119c4       0x84 ./Core/Src/Flash.o
                0x00000000080119c4                Read_Kpg
 .text.Restore  0x0000000008011a48       0xd4 ./Core/Src/Flash.o
                0x0000000008011a48                Restore
 .text.Restore_CalPar
                0x0000000008011b1c      0x140 ./Core/Src/Flash.o
                0x0000000008011b1c                Restore_CalPar
 .text.u8ToDec3
                0x0000000008011c5c       0x90 ./Core/Src/Func.o
                0x0000000008011c5c                u8ToDec3
 .text.memset16
                0x0000000008011cec       0x3e ./Core/Src/Func.o
                0x0000000008011cec                memset16
 *fill*         0x0000000008011d2a        0x2 
 .text.Value2Str
                0x0000000008011d2c      0x1f8 ./Core/Src/Func.o
                0x0000000008011d2c                Value2Str
 .text.Exp      0x0000000008011f24       0x34 ./Core/Src/Func.o
                0x0000000008011f24                Exp
 .text.Sqrt32   0x0000000008011f58       0x4e ./Core/Src/Func.o
                0x0000000008011f58                Sqrt32
 *fill*         0x0000000008011fa6        0x2 
 .text.u16ToDec4Str
                0x0000000008011fa8      0x164 ./Core/Src/Func.o
                0x0000000008011fa8                u16ToDec4Str
 .text.lcd_write_cmd_data
                0x000000000801210c       0x58 ./Core/Src/Lcd_ctl.o
                0x000000000801210c                lcd_write_cmd_data
 .text.Init_LCD
                0x0000000008012164      0x22c ./Core/Src/Lcd_ctl.o
                0x0000000008012164                Init_LCD
 .text.LCD_ClrScrn
                0x0000000008012390      0x11c ./Core/Src/Lcd_ctl.o
                0x0000000008012390                LCD_ClrScrn
 .text.LCD_Set_Posi
                0x00000000080124ac       0x9c ./Core/Src/Lcd_ctl.o
                0x00000000080124ac                LCD_Set_Posi
 .text.LCD_Set_Pixel
                0x0000000008012548       0x50 ./Core/Src/Lcd_ctl.o
                0x0000000008012548                LCD_Set_Pixel
 .text.LCD_Get_Pixel
                0x0000000008012598       0x6c ./Core/Src/Lcd_ctl.o
                0x0000000008012598                LCD_Get_Pixel
 .text.Draw_4Point
                0x0000000008012604       0xd0 ./Core/Src/Menu.o
                0x0000000008012604                Draw_4Point
 .text.Update_Title
                0x00000000080126d4       0xa8 ./Core/Src/Menu.o
                0x00000000080126d4                Update_Title
 .text.Update_Blink
                0x000000000801277c      0xe30 ./Core/Src/Menu.o
                0x000000000801277c                Update_Blink
 .text.Update_Detail
                0x00000000080135ac     0x1018 ./Core/Src/Menu.o
                0x00000000080135ac                Update_Detail
 .text.DispMeter
                0x00000000080145c4      0x100 ./Core/Src/Menu.o
                0x00000000080145c4                DispMeter
 .text.DispStatus
                0x00000000080146c4       0x94 ./Core/Src/Menu.o
                0x00000000080146c4                DispStatus
 .text.Update_Windows
                0x0000000008014758      0x1d0 ./Core/Src/Menu.o
                0x0000000008014758                Update_Windows
 .text.Clr_WavePosi
                0x0000000008014928       0x72 ./Core/Src/Menu.o
                0x0000000008014928                Clr_WavePosi
 *fill*         0x000000000801499a        0x2 
 .text.DispFreq
                0x000000000801499c       0xc4 ./Core/Src/Menu.o
                0x000000000801499c                DispFreq
 .text.Show_List
                0x0000000008014a60      0x190 ./Core/Src/Menu.o
                0x0000000008014a60                Show_List
 .text.DispFileInfo
                0x0000000008014bf0       0x60 ./Core/Src/Menu.o
                0x0000000008014bf0                DispFileInfo
 .text.DispBMPInfo
                0x0000000008014c50       0x8c ./Core/Src/Menu.o
                0x0000000008014c50                DispBMPInfo
 .text.Update_Proc_All
                0x0000000008014cdc      0x428 ./Core/Src/Menu.o
                0x0000000008014cdc                Update_Proc_All
 .text.Align_Set
                0x0000000008015104       0xdc ./Core/Src/Process.o
                0x0000000008015104                Align_Set
 .text.Zero_Align
                0x00000000080151e0       0x98 ./Core/Src/Process.o
                0x00000000080151e0                Zero_Align
 .text.Analys   0x0000000008015278       0x88 ./Core/Src/Process.o
                0x0000000008015278                Analys
 .text.AiPosi   0x0000000008015300       0xcc ./Core/Src/Process.o
                0x0000000008015300                AiPosi
 .text.WaveProcess
                0x00000000080153cc      0x7f4 ./Core/Src/Process.o
                0x00000000080153cc                WaveProcess
 .text.Build_Ext
                0x0000000008015bc0      0x1d0 ./Core/Src/Process.o
                0x0000000008015bc0                Build_Ext
 .text.Auto_Fit
                0x0000000008015d90      0x7e4 ./Core/Src/Process.o
                0x0000000008015d90                Auto_Fit
 .text.Init_Touch
                0x0000000008016574       0x28 ./Core/Src/Touch_ctl.o
                0x0000000008016574                Init_Touch
 .text.Touch_SPI
                0x000000000801659c       0x20 ./Core/Src/Touch_ctl.o
                0x000000000801659c                Touch_SPI
 .text.LCD_SPI  0x00000000080165bc       0x20 ./Core/Src/Touch_ctl.o
                0x00000000080165bc                LCD_SPI
 .text.read_2046
                0x00000000080165dc       0x54 ./Core/Src/Touch_ctl.o
                0x00000000080165dc                read_2046
 .text.Touch_Read
                0x0000000008016630       0x98 ./Core/Src/Touch_ctl.o
                0x0000000008016630                Touch_Read
 .text.main     0x00000000080166c8     0x10c8 ./Core/Src/main.o
                0x00000000080166c8                main
 .text.SystemClock_Config
                0x0000000008017790       0xe8 ./Core/Src/main.o
                0x0000000008017790                SystemClock_Config
 .text.MX_ADC1_Init
                0x0000000008017878       0xa4 ./Core/Src/main.o
 .text.MX_ADC2_Init
                0x000000000801791c       0xa4 ./Core/Src/main.o
 .text.MX_DAC_Init
                0x00000000080179c0       0x7c ./Core/Src/main.o
 .text.MX_SPI2_Init
                0x0000000008017a3c       0x6c ./Core/Src/main.o
 .text.MX_SPI3_Init
                0x0000000008017aa8       0x70 ./Core/Src/main.o
 .text.MX_TIM1_Init
                0x0000000008017b18       0xec ./Core/Src/main.o
 .text.MX_TIM3_Init
                0x0000000008017c04       0xc0 ./Core/Src/main.o
 .text.MX_TIM5_Init
                0x0000000008017cc4      0x11c ./Core/Src/main.o
 .text.MX_TIM7_Init
                0x0000000008017de0       0x8c ./Core/Src/main.o
 .text.MX_DMA_Init
                0x0000000008017e6c       0x6c ./Core/Src/main.o
 .text.MX_GPIO_Init
                0x0000000008017ed8      0x164 ./Core/Src/main.o
 .text.HAL_TIM_PeriodElapsedCallback
                0x000000000801803c       0x28 ./Core/Src/main.o
                0x000000000801803c                HAL_TIM_PeriodElapsedCallback
 .text.Error_Handler
                0x0000000008018064        0xa ./Core/Src/main.o
                0x0000000008018064                Error_Handler
 *fill*         0x000000000801806e        0x2 
 .text.HAL_MspInit
                0x0000000008018070       0x50 ./Core/Src/stm32f4xx_hal_msp.o
                0x0000000008018070                HAL_MspInit
 .text.HAL_ADC_MspInit
                0x00000000080180c0      0x14c ./Core/Src/stm32f4xx_hal_msp.o
                0x00000000080180c0                HAL_ADC_MspInit
 .text.HAL_DAC_MspInit
                0x000000000801820c      0x100 ./Core/Src/stm32f4xx_hal_msp.o
                0x000000000801820c                HAL_DAC_MspInit
 .text.HAL_SPI_MspInit
                0x000000000801830c      0x118 ./Core/Src/stm32f4xx_hal_msp.o
                0x000000000801830c                HAL_SPI_MspInit
 .text.HAL_TIM_Base_MspInit
                0x0000000008018424       0xd4 ./Core/Src/stm32f4xx_hal_msp.o
                0x0000000008018424                HAL_TIM_Base_MspInit
 .text.NMI_Handler
                0x00000000080184f8        0x6 ./Core/Src/stm32f4xx_it.o
                0x00000000080184f8                NMI_Handler
 .text.HardFault_Handler
                0x00000000080184fe        0x6 ./Core/Src/stm32f4xx_it.o
                0x00000000080184fe                HardFault_Handler
 .text.MemManage_Handler
                0x0000000008018504        0x6 ./Core/Src/stm32f4xx_it.o
                0x0000000008018504                MemManage_Handler
 .text.BusFault_Handler
                0x000000000801850a        0x6 ./Core/Src/stm32f4xx_it.o
                0x000000000801850a                BusFault_Handler
 .text.UsageFault_Handler
                0x0000000008018510        0x6 ./Core/Src/stm32f4xx_it.o
                0x0000000008018510                UsageFault_Handler
 .text.SVC_Handler
                0x0000000008018516        0xe ./Core/Src/stm32f4xx_it.o
                0x0000000008018516                SVC_Handler
 .text.DebugMon_Handler
                0x0000000008018524        0xe ./Core/Src/stm32f4xx_it.o
                0x0000000008018524                DebugMon_Handler
 .text.PendSV_Handler
                0x0000000008018532        0xe ./Core/Src/stm32f4xx_it.o
                0x0000000008018532                PendSV_Handler
 .text.SysTick_Handler
                0x0000000008018540        0xc ./Core/Src/stm32f4xx_it.o
                0x0000000008018540                SysTick_Handler
 .text.DMA1_Stream5_IRQHandler
                0x000000000801854c       0x14 ./Core/Src/stm32f4xx_it.o
                0x000000000801854c                DMA1_Stream5_IRQHandler
 .text.TIM3_IRQHandler
                0x0000000008018560       0x14 ./Core/Src/stm32f4xx_it.o
                0x0000000008018560                TIM3_IRQHandler
 .text.SPI2_IRQHandler
                0x0000000008018574       0x14 ./Core/Src/stm32f4xx_it.o
                0x0000000008018574                SPI2_IRQHandler
 .text.SPI3_IRQHandler
                0x0000000008018588       0x14 ./Core/Src/stm32f4xx_it.o
                0x0000000008018588                SPI3_IRQHandler
 .text.DMA2_Stream0_IRQHandler
                0x000000000801859c       0x14 ./Core/Src/stm32f4xx_it.o
                0x000000000801859c                DMA2_Stream0_IRQHandler
 .text.OTG_FS_IRQHandler
                0x00000000080185b0       0x14 ./Core/Src/stm32f4xx_it.o
                0x00000000080185b0                OTG_FS_IRQHandler
 .text._sbrk    0x00000000080185c4       0x6c ./Core/Src/sysmem.o
                0x00000000080185c4                _sbrk
 .text.SystemInit
                0x0000000008018630       0x24 ./Core/Src/system_stm32f4xx.o
                0x0000000008018630                SystemInit
 .text.Reset_Handler
                0x0000000008018654       0x50 ./Core/Startup/startup_stm32f446retx.o
                0x0000000008018654                Reset_Handler
 .text.Default_Handler
                0x00000000080186a4        0x2 ./Core/Startup/startup_stm32f446retx.o
                0x00000000080186a4                RTC_Alarm_IRQHandler
                0x00000000080186a4                EXTI2_IRQHandler
                0x00000000080186a4                TIM8_CC_IRQHandler
                0x00000000080186a4                FMPI2C1_EV_IRQHandler
                0x00000000080186a4                SPI4_IRQHandler
                0x00000000080186a4                TIM1_CC_IRQHandler
                0x00000000080186a4                DMA2_Stream5_IRQHandler
                0x00000000080186a4                PVD_IRQHandler
                0x00000000080186a4                SDIO_IRQHandler
                0x00000000080186a4                TAMP_STAMP_IRQHandler
                0x00000000080186a4                CAN2_RX1_IRQHandler
                0x00000000080186a4                EXTI3_IRQHandler
                0x00000000080186a4                TIM8_TRG_COM_TIM14_IRQHandler
                0x00000000080186a4                TIM1_UP_TIM10_IRQHandler
                0x00000000080186a4                TIM8_UP_TIM13_IRQHandler
                0x00000000080186a4                I2C3_ER_IRQHandler
                0x00000000080186a4                EXTI0_IRQHandler
                0x00000000080186a4                I2C2_EV_IRQHandler
                0x00000000080186a4                DMA1_Stream2_IRQHandler
                0x00000000080186a4                CAN1_RX0_IRQHandler
                0x00000000080186a4                FPU_IRQHandler
                0x00000000080186a4                OTG_HS_WKUP_IRQHandler
                0x00000000080186a4                CAN2_SCE_IRQHandler
                0x00000000080186a4                DMA2_Stream2_IRQHandler
                0x00000000080186a4                SPI1_IRQHandler
                0x00000000080186a4                TIM6_DAC_IRQHandler
                0x00000000080186a4                TIM1_BRK_TIM9_IRQHandler
                0x00000000080186a4                DCMI_IRQHandler
                0x00000000080186a4                CAN2_RX0_IRQHandler
                0x00000000080186a4                DMA2_Stream3_IRQHandler
                0x00000000080186a4                SAI2_IRQHandler
                0x00000000080186a4                USART6_IRQHandler
                0x00000000080186a4                USART3_IRQHandler
                0x00000000080186a4                CAN1_RX1_IRQHandler
                0x00000000080186a4                UART5_IRQHandler
                0x00000000080186a4                TIM4_IRQHandler
                0x00000000080186a4                QUADSPI_IRQHandler
                0x00000000080186a4                I2C1_EV_IRQHandler
                0x00000000080186a4                DMA1_Stream6_IRQHandler
                0x00000000080186a4                DMA1_Stream1_IRQHandler
                0x00000000080186a4                UART4_IRQHandler
                0x00000000080186a4                RCC_IRQHandler
                0x00000000080186a4                TIM8_BRK_TIM12_IRQHandler
                0x00000000080186a4                Default_Handler
                0x00000000080186a4                CEC_IRQHandler
                0x00000000080186a4                EXTI15_10_IRQHandler
                0x00000000080186a4                ADC_IRQHandler
                0x00000000080186a4                DMA1_Stream7_IRQHandler
                0x00000000080186a4                TIM7_IRQHandler
                0x00000000080186a4                CAN2_TX_IRQHandler
                0x00000000080186a4                TIM5_IRQHandler
                0x00000000080186a4                DMA2_Stream7_IRQHandler
                0x00000000080186a4                I2C3_EV_IRQHandler
                0x00000000080186a4                EXTI9_5_IRQHandler
                0x00000000080186a4                RTC_WKUP_IRQHandler
                0x00000000080186a4                SPDIF_RX_IRQHandler
                0x00000000080186a4                OTG_HS_EP1_IN_IRQHandler
                0x00000000080186a4                DMA1_Stream0_IRQHandler
                0x00000000080186a4                CAN1_TX_IRQHandler
                0x00000000080186a4                FMPI2C1_ER_IRQHandler
                0x00000000080186a4                EXTI4_IRQHandler
                0x00000000080186a4                OTG_HS_EP1_OUT_IRQHandler
                0x00000000080186a4                WWDG_IRQHandler
                0x00000000080186a4                TIM2_IRQHandler
                0x00000000080186a4                OTG_FS_WKUP_IRQHandler
                0x00000000080186a4                TIM1_TRG_COM_TIM11_IRQHandler
                0x00000000080186a4                OTG_HS_IRQHandler
                0x00000000080186a4                EXTI1_IRQHandler
                0x00000000080186a4                USART2_IRQHandler
                0x00000000080186a4                I2C2_ER_IRQHandler
                0x00000000080186a4                DMA2_Stream1_IRQHandler
                0x00000000080186a4                CAN1_SCE_IRQHandler
                0x00000000080186a4                FLASH_IRQHandler
                0x00000000080186a4                DMA2_Stream4_IRQHandler
                0x00000000080186a4                USART1_IRQHandler
                0x00000000080186a4                DMA1_Stream4_IRQHandler
                0x00000000080186a4                I2C1_ER_IRQHandler
                0x00000000080186a4                FMC_IRQHandler
                0x00000000080186a4                DMA2_Stream6_IRQHandler
                0x00000000080186a4                SAI1_IRQHandler
                0x00000000080186a4                DMA1_Stream3_IRQHandler
 *fill*         0x00000000080186a6        0x2 
 .text.HAL_Init
                0x00000000080186a8       0x44 ./Drivers/STM32F4xx_HAL_Driver/Src/stm32f4xx_hal.o
                0x00000000080186a8                HAL_Init
 .text.HAL_InitTick
                0x00000000080186ec       0x60 ./Drivers/STM32F4xx_HAL_Driver/Src/stm32f4xx_hal.o
                0x00000000080186ec                HAL_InitTick
 .text.HAL_IncTick
                0x000000000801874c       0x28 ./Drivers/STM32F4xx_HAL_Driver/Src/stm32f4xx_hal.o
                0x000000000801874c                HAL_IncTick
 .text.HAL_GetTick
                0x0000000008018774       0x18 ./Drivers/STM32F4xx_HAL_Driver/Src/stm32f4xx_hal.o
                0x0000000008018774                HAL_GetTick
 .text.HAL_Delay
                0x000000000801878c       0x48 ./Drivers/STM32F4xx_HAL_Driver/Src/stm32f4xx_hal.o
                0x000000000801878c                HAL_Delay
 .text.HAL_ADC_Init
                0x00000000080187d4       0x86 ./Drivers/STM32F4xx_HAL_Driver/Src/stm32f4xx_hal_adc.o
                0x00000000080187d4                HAL_ADC_Init
 *fill*         0x000000000801885a        0x2 
 .text.HAL_ADC_ConfigChannel
                0x000000000801885c      0x264 ./Drivers/STM32F4xx_HAL_Driver/Src/stm32f4xx_hal_adc.o
                0x000000000801885c                HAL_ADC_ConfigChannel
 .text.ADC_Init
                0x0000000008018ac0      0x1f8 ./Drivers/STM32F4xx_HAL_Driver/Src/stm32f4xx_hal_adc.o
 .text.__NVIC_SetPriorityGrouping
                0x0000000008018cb8       0x48 ./Drivers/STM32F4xx_HAL_Driver/Src/stm32f4xx_hal_cortex.o
 .text.__NVIC_GetPriorityGrouping
                0x0000000008018d00       0x1c ./Drivers/STM32F4xx_HAL_Driver/Src/stm32f4xx_hal_cortex.o
 .text.__NVIC_EnableIRQ
                0x0000000008018d1c       0x3c ./Drivers/STM32F4xx_HAL_Driver/Src/stm32f4xx_hal_cortex.o
 .text.__NVIC_SetPriority
                0x0000000008018d58       0x54 ./Drivers/STM32F4xx_HAL_Driver/Src/stm32f4xx_hal_cortex.o
 .text.NVIC_EncodePriority
                0x0000000008018dac       0x66 ./Drivers/STM32F4xx_HAL_Driver/Src/stm32f4xx_hal_cortex.o
 *fill*         0x0000000008018e12        0x2 
 .text.SysTick_Config
                0x0000000008018e14       0x44 ./Drivers/STM32F4xx_HAL_Driver/Src/stm32f4xx_hal_cortex.o
 .text.HAL_NVIC_SetPriorityGrouping
                0x0000000008018e58       0x16 ./Drivers/STM32F4xx_HAL_Driver/Src/stm32f4xx_hal_cortex.o
                0x0000000008018e58                HAL_NVIC_SetPriorityGrouping
 .text.HAL_NVIC_SetPriority
                0x0000000008018e6e       0x38 ./Drivers/STM32F4xx_HAL_Driver/Src/stm32f4xx_hal_cortex.o
                0x0000000008018e6e                HAL_NVIC_SetPriority
 .text.HAL_NVIC_EnableIRQ
                0x0000000008018ea6       0x1c ./Drivers/STM32F4xx_HAL_Driver/Src/stm32f4xx_hal_cortex.o
                0x0000000008018ea6                HAL_NVIC_EnableIRQ
 .text.HAL_SYSTICK_Config
                0x0000000008018ec2       0x18 ./Drivers/STM32F4xx_HAL_Driver/Src/stm32f4xx_hal_cortex.o
                0x0000000008018ec2                HAL_SYSTICK_Config
 .text.HAL_DAC_Init
                0x0000000008018eda       0x44 ./Drivers/STM32F4xx_HAL_Driver/Src/stm32f4xx_hal_dac.o
                0x0000000008018eda                HAL_DAC_Init
 .text.HAL_DAC_SetValue
                0x0000000008018f1e       0x4a ./Drivers/STM32F4xx_HAL_Driver/Src/stm32f4xx_hal_dac.o
                0x0000000008018f1e                HAL_DAC_SetValue
 .text.HAL_DAC_ConfigChannel
                0x0000000008018f68       0x9e ./Drivers/STM32F4xx_HAL_Driver/Src/stm32f4xx_hal_dac.o
                0x0000000008018f68                HAL_DAC_ConfigChannel
 *fill*         0x0000000008019006        0x2 
 .text.HAL_DMA_Init
                0x0000000008019008      0x15c ./Drivers/STM32F4xx_HAL_Driver/Src/stm32f4xx_hal_dma.o
                0x0000000008019008                HAL_DMA_Init
 .text.HAL_DMA_Abort_IT
                0x0000000008019164       0x44 ./Drivers/STM32F4xx_HAL_Driver/Src/stm32f4xx_hal_dma.o
                0x0000000008019164                HAL_DMA_Abort_IT
 .text.HAL_DMA_IRQHandler
                0x00000000080191a8      0x314 ./Drivers/STM32F4xx_HAL_Driver/Src/stm32f4xx_hal_dma.o
                0x00000000080191a8                HAL_DMA_IRQHandler
 .text.DMA_CalcBaseAndBitshift
                0x00000000080194bc       0x6c ./Drivers/STM32F4xx_HAL_Driver/Src/stm32f4xx_hal_dma.o
 .text.DMA_CheckFifoParam
                0x0000000008019528       0xf8 ./Drivers/STM32F4xx_HAL_Driver/Src/stm32f4xx_hal_dma.o
 .text.HAL_FLASH_Program
                0x0000000008019620       0xa8 ./Drivers/STM32F4xx_HAL_Driver/Src/stm32f4xx_hal_flash.o
                0x0000000008019620                HAL_FLASH_Program
 .text.HAL_FLASH_Unlock
                0x00000000080196c8       0x44 ./Drivers/STM32F4xx_HAL_Driver/Src/stm32f4xx_hal_flash.o
                0x00000000080196c8                HAL_FLASH_Unlock
 .text.HAL_FLASH_Lock
                0x000000000801970c       0x20 ./Drivers/STM32F4xx_HAL_Driver/Src/stm32f4xx_hal_flash.o
                0x000000000801970c                HAL_FLASH_Lock
 .text.FLASH_WaitForLastOperation
                0x000000000801972c       0x80 ./Drivers/STM32F4xx_HAL_Driver/Src/stm32f4xx_hal_flash.o
                0x000000000801972c                FLASH_WaitForLastOperation
 .text.FLASH_Program_DoubleWord
                0x00000000080197ac       0x64 ./Drivers/STM32F4xx_HAL_Driver/Src/stm32f4xx_hal_flash.o
 .text.FLASH_Program_Word
                0x0000000008019810       0x44 ./Drivers/STM32F4xx_HAL_Driver/Src/stm32f4xx_hal_flash.o
 .text.FLASH_Program_HalfWord
                0x0000000008019854       0x48 ./Drivers/STM32F4xx_HAL_Driver/Src/stm32f4xx_hal_flash.o
 .text.FLASH_Program_Byte
                0x000000000801989c       0x44 ./Drivers/STM32F4xx_HAL_Driver/Src/stm32f4xx_hal_flash.o
 .text.FLASH_SetErrorCode
                0x00000000080198e0       0xcc ./Drivers/STM32F4xx_HAL_Driver/Src/stm32f4xx_hal_flash.o
 .text.HAL_FLASHEx_Erase
                0x00000000080199ac       0xe0 ./Drivers/STM32F4xx_HAL_Driver/Src/stm32f4xx_hal_flash_ex.o
                0x00000000080199ac                HAL_FLASHEx_Erase
 .text.FLASH_MassErase
                0x0000000008019a8c       0x48 ./Drivers/STM32F4xx_HAL_Driver/Src/stm32f4xx_hal_flash_ex.o
 .text.FLASH_Erase_Sector
                0x0000000008019ad4       0x90 ./Drivers/STM32F4xx_HAL_Driver/Src/stm32f4xx_hal_flash_ex.o
                0x0000000008019ad4                FLASH_Erase_Sector
 .text.FLASH_FlushCaches
                0x0000000008019b64       0x8c ./Drivers/STM32F4xx_HAL_Driver/Src/stm32f4xx_hal_flash_ex.o
                0x0000000008019b64                FLASH_FlushCaches
 .text.HAL_GPIO_Init
                0x0000000008019bf0      0x328 ./Drivers/STM32F4xx_HAL_Driver/Src/stm32f4xx_hal_gpio.o
                0x0000000008019bf0                HAL_GPIO_Init
 .text.HAL_GPIO_ReadPin
                0x0000000008019f18       0x30 ./Drivers/STM32F4xx_HAL_Driver/Src/stm32f4xx_hal_gpio.o
                0x0000000008019f18                HAL_GPIO_ReadPin
 .text.HAL_GPIO_WritePin
                0x0000000008019f48       0x32 ./Drivers/STM32F4xx_HAL_Driver/Src/stm32f4xx_hal_gpio.o
                0x0000000008019f48                HAL_GPIO_WritePin
 .text.HAL_PCD_Init
                0x0000000008019f7a      0x248 ./Drivers/STM32F4xx_HAL_Driver/Src/stm32f4xx_hal_pcd.o
                0x0000000008019f7a                HAL_PCD_Init
 .text.HAL_PCD_Start
                0x000000000801a1c2       0x66 ./Drivers/STM32F4xx_HAL_Driver/Src/stm32f4xx_hal_pcd.o
                0x000000000801a1c2                HAL_PCD_Start
 .text.HAL_PCD_IRQHandler
                0x000000000801a228      0x7be ./Drivers/STM32F4xx_HAL_Driver/Src/stm32f4xx_hal_pcd.o
                0x000000000801a228                HAL_PCD_IRQHandler
 .text.HAL_PCD_SetAddress
                0x000000000801a9e6       0x4a ./Drivers/STM32F4xx_HAL_Driver/Src/stm32f4xx_hal_pcd.o
                0x000000000801a9e6                HAL_PCD_SetAddress
 .text.HAL_PCD_EP_Open
                0x000000000801aa30       0xd0 ./Drivers/STM32F4xx_HAL_Driver/Src/stm32f4xx_hal_pcd.o
                0x000000000801aa30                HAL_PCD_EP_Open
 .text.HAL_PCD_EP_Close
                0x000000000801ab00       0x94 ./Drivers/STM32F4xx_HAL_Driver/Src/stm32f4xx_hal_pcd.o
                0x000000000801ab00                HAL_PCD_EP_Close
 .text.HAL_PCD_EP_Receive
                0x000000000801ab94       0x96 ./Drivers/STM32F4xx_HAL_Driver/Src/stm32f4xx_hal_pcd.o
                0x000000000801ab94                HAL_PCD_EP_Receive
 .text.HAL_PCD_EP_GetRxCount
                0x000000000801ac2a       0x30 ./Drivers/STM32F4xx_HAL_Driver/Src/stm32f4xx_hal_pcd.o
                0x000000000801ac2a                HAL_PCD_EP_GetRxCount
 .text.HAL_PCD_EP_Transmit
                0x000000000801ac5a       0x94 ./Drivers/STM32F4xx_HAL_Driver/Src/stm32f4xx_hal_pcd.o
                0x000000000801ac5a                HAL_PCD_EP_Transmit
 .text.HAL_PCD_EP_SetStall
                0x000000000801acee       0xc8 ./Drivers/STM32F4xx_HAL_Driver/Src/stm32f4xx_hal_pcd.o
                0x000000000801acee                HAL_PCD_EP_SetStall
 .text.HAL_PCD_EP_ClrStall
                0x000000000801adb6       0xac ./Drivers/STM32F4xx_HAL_Driver/Src/stm32f4xx_hal_pcd.o
                0x000000000801adb6                HAL_PCD_EP_ClrStall
 .text.HAL_PCD_EP_Flush
                0x000000000801ae62       0x5a ./Drivers/STM32F4xx_HAL_Driver/Src/stm32f4xx_hal_pcd.o
                0x000000000801ae62                HAL_PCD_EP_Flush
 .text.PCD_WriteEmptyTxFifo
                0x000000000801aebc      0x11a ./Drivers/STM32F4xx_HAL_Driver/Src/stm32f4xx_hal_pcd.o
 *fill*         0x000000000801afd6        0x2 
 .text.PCD_EP_OutXfrComplete_int
                0x000000000801afd8      0x218 ./Drivers/STM32F4xx_HAL_Driver/Src/stm32f4xx_hal_pcd.o
 .text.PCD_EP_OutSetupPacket_int
                0x000000000801b1f0       0x8c ./Drivers/STM32F4xx_HAL_Driver/Src/stm32f4xx_hal_pcd.o
 .text.HAL_PCDEx_SetTxFiFo
                0x000000000801b27c       0x8e ./Drivers/STM32F4xx_HAL_Driver/Src/stm32f4xx_hal_pcd_ex.o
                0x000000000801b27c                HAL_PCDEx_SetTxFiFo
 .text.HAL_PCDEx_SetRxFiFo
                0x000000000801b30a       0x22 ./Drivers/STM32F4xx_HAL_Driver/Src/stm32f4xx_hal_pcd_ex.o
                0x000000000801b30a                HAL_PCDEx_SetRxFiFo
 .text.HAL_PCDEx_ActivateLPM
                0x000000000801b32c       0x48 ./Drivers/STM32F4xx_HAL_Driver/Src/stm32f4xx_hal_pcd_ex.o
                0x000000000801b32c                HAL_PCDEx_ActivateLPM
 .text.HAL_PWREx_EnableOverDrive
                0x000000000801b374       0xa0 ./Drivers/STM32F4xx_HAL_Driver/Src/stm32f4xx_hal_pwr_ex.o
                0x000000000801b374                HAL_PWREx_EnableOverDrive
 .text.HAL_RCC_ClockConfig
                0x000000000801b414      0x1cc ./Drivers/STM32F4xx_HAL_Driver/Src/stm32f4xx_hal_rcc.o
                0x000000000801b414                HAL_RCC_ClockConfig
 .text.HAL_RCC_GetHCLKFreq
                0x000000000801b5e0       0x18 ./Drivers/STM32F4xx_HAL_Driver/Src/stm32f4xx_hal_rcc.o
                0x000000000801b5e0                HAL_RCC_GetHCLKFreq
 .text.HAL_RCCEx_PeriphCLKConfig
                0x000000000801b5f8      0x654 ./Drivers/STM32F4xx_HAL_Driver/Src/stm32f4xx_hal_rcc_ex.o
                0x000000000801b5f8                HAL_RCCEx_PeriphCLKConfig
 .text.HAL_RCC_GetSysClockFreq
                0x000000000801bc4c      0x2b8 ./Drivers/STM32F4xx_HAL_Driver/Src/stm32f4xx_hal_rcc_ex.o
                0x000000000801bc4c                HAL_RCC_GetSysClockFreq
 .text.HAL_RCC_OscConfig
                0x000000000801bf04      0x53c ./Drivers/STM32F4xx_HAL_Driver/Src/stm32f4xx_hal_rcc_ex.o
                0x000000000801bf04                HAL_RCC_OscConfig
 .text.HAL_SPI_Init
                0x000000000801c440      0x112 ./Drivers/STM32F4xx_HAL_Driver/Src/stm32f4xx_hal_spi.o
                0x000000000801c440                HAL_SPI_Init
 .text.HAL_SPI_Transmit
                0x000000000801c552      0x278 ./Drivers/STM32F4xx_HAL_Driver/Src/stm32f4xx_hal_spi.o
                0x000000000801c552                HAL_SPI_Transmit
 .text.HAL_SPI_Receive
                0x000000000801c7ca      0x222 ./Drivers/STM32F4xx_HAL_Driver/Src/stm32f4xx_hal_spi.o
                0x000000000801c7ca                HAL_SPI_Receive
 .text.HAL_SPI_TransmitReceive
                0x000000000801c9ec      0x344 ./Drivers/STM32F4xx_HAL_Driver/Src/stm32f4xx_hal_spi.o
                0x000000000801c9ec                HAL_SPI_TransmitReceive
 .text.HAL_SPI_IRQHandler
                0x000000000801cd30      0x200 ./Drivers/STM32F4xx_HAL_Driver/Src/stm32f4xx_hal_spi.o
                0x000000000801cd30                HAL_SPI_IRQHandler
 .text.HAL_SPI_ErrorCallback
                0x000000000801cf30       0x14 ./Drivers/STM32F4xx_HAL_Driver/Src/stm32f4xx_hal_spi.o
                0x000000000801cf30                HAL_SPI_ErrorCallback
 .text.HAL_SPI_GetState
                0x000000000801cf44       0x1c ./Drivers/STM32F4xx_HAL_Driver/Src/stm32f4xx_hal_spi.o
                0x000000000801cf44                HAL_SPI_GetState
 .text.SPI_DMAAbortOnError
                0x000000000801cf60       0x28 ./Drivers/STM32F4xx_HAL_Driver/Src/stm32f4xx_hal_spi.o
 .text.SPI_WaitFlagStateUntilTimeout
                0x000000000801cf88      0x110 ./Drivers/STM32F4xx_HAL_Driver/Src/stm32f4xx_hal_spi.o
 .text.SPI_EndRxTransaction
                0x000000000801d098       0xca ./Drivers/STM32F4xx_HAL_Driver/Src/stm32f4xx_hal_spi.o
 *fill*         0x000000000801d162        0x2 
 .text.SPI_EndRxTxTransaction
                0x000000000801d164       0x84 ./Drivers/STM32F4xx_HAL_Driver/Src/stm32f4xx_hal_spi.o
 .text.HAL_TIM_Base_Init
                0x000000000801d1e8       0x9e ./Drivers/STM32F4xx_HAL_Driver/Src/stm32f4xx_hal_tim.o
                0x000000000801d1e8                HAL_TIM_Base_Init
 *fill*         0x000000000801d286        0x2 
 .text.HAL_TIM_Base_Start_IT
                0x000000000801d288       0xe0 ./Drivers/STM32F4xx_HAL_Driver/Src/stm32f4xx_hal_tim.o
                0x000000000801d288                HAL_TIM_Base_Start_IT
 .text.HAL_TIM_IRQHandler
                0x000000000801d368      0x210 ./Drivers/STM32F4xx_HAL_Driver/Src/stm32f4xx_hal_tim.o
                0x000000000801d368                HAL_TIM_IRQHandler
 .text.HAL_TIM_OC_ConfigChannel
                0x000000000801d578       0xb8 ./Drivers/STM32F4xx_HAL_Driver/Src/stm32f4xx_hal_tim.o
                0x000000000801d578                HAL_TIM_OC_ConfigChannel
 .text.HAL_TIM_ConfigClockSource
                0x000000000801d630      0x18e ./Drivers/STM32F4xx_HAL_Driver/Src/stm32f4xx_hal_tim.o
                0x000000000801d630                HAL_TIM_ConfigClockSource
 .text.HAL_TIM_OC_DelayElapsedCallback
                0x000000000801d7be       0x14 ./Drivers/STM32F4xx_HAL_Driver/Src/stm32f4xx_hal_tim.o
                0x000000000801d7be                HAL_TIM_OC_DelayElapsedCallback
 .text.HAL_TIM_IC_CaptureCallback
                0x000000000801d7d2       0x14 ./Drivers/STM32F4xx_HAL_Driver/Src/stm32f4xx_hal_tim.o
                0x000000000801d7d2                HAL_TIM_IC_CaptureCallback
 .text.HAL_TIM_PWM_PulseFinishedCallback
                0x000000000801d7e6       0x14 ./Drivers/STM32F4xx_HAL_Driver/Src/stm32f4xx_hal_tim.o
                0x000000000801d7e6                HAL_TIM_PWM_PulseFinishedCallback
 .text.HAL_TIM_TriggerCallback
                0x000000000801d7fa       0x14 ./Drivers/STM32F4xx_HAL_Driver/Src/stm32f4xx_hal_tim.o
                0x000000000801d7fa                HAL_TIM_TriggerCallback
 *fill*         0x000000000801d80e        0x2 
 .text.TIM_Base_SetConfig
                0x000000000801d810      0x140 ./Drivers/STM32F4xx_HAL_Driver/Src/stm32f4xx_hal_tim.o
                0x000000000801d810                TIM_Base_SetConfig
 .text.TIM_OC1_SetConfig
                0x000000000801d950       0xe0 ./Drivers/STM32F4xx_HAL_Driver/Src/stm32f4xx_hal_tim.o
 .text.TIM_OC2_SetConfig
                0x000000000801da30       0xec ./Drivers/STM32F4xx_HAL_Driver/Src/stm32f4xx_hal_tim.o
                0x000000000801da30                TIM_OC2_SetConfig
 .text.TIM_OC3_SetConfig
                0x000000000801db1c       0xe8 ./Drivers/STM32F4xx_HAL_Driver/Src/stm32f4xx_hal_tim.o
 .text.TIM_OC4_SetConfig
                0x000000000801dc04       0xac ./Drivers/STM32F4xx_HAL_Driver/Src/stm32f4xx_hal_tim.o
 .text.TIM_TI1_ConfigInputStage
                0x000000000801dcb0       0x5e ./Drivers/STM32F4xx_HAL_Driver/Src/stm32f4xx_hal_tim.o
 .text.TIM_TI2_ConfigInputStage
                0x000000000801dd0e       0x60 ./Drivers/STM32F4xx_HAL_Driver/Src/stm32f4xx_hal_tim.o
 .text.TIM_ITRx_SetConfig
                0x000000000801dd6e       0x36 ./Drivers/STM32F4xx_HAL_Driver/Src/stm32f4xx_hal_tim.o
 .text.TIM_ETR_SetConfig
                0x000000000801dda4       0x40 ./Drivers/STM32F4xx_HAL_Driver/Src/stm32f4xx_hal_tim.o
                0x000000000801dda4                TIM_ETR_SetConfig
 .text.HAL_TIMEx_MasterConfigSynchronization
                0x000000000801dde4       0xf8 ./Drivers/STM32F4xx_HAL_Driver/Src/stm32f4xx_hal_tim_ex.o
                0x000000000801dde4                HAL_TIMEx_MasterConfigSynchronization
 .text.HAL_TIMEx_CommutCallback
                0x000000000801dedc       0x14 ./Drivers/STM32F4xx_HAL_Driver/Src/stm32f4xx_hal_tim_ex.o
                0x000000000801dedc                HAL_TIMEx_CommutCallback
 .text.HAL_TIMEx_BreakCallback
                0x000000000801def0       0x14 ./Drivers/STM32F4xx_HAL_Driver/Src/stm32f4xx_hal_tim_ex.o
                0x000000000801def0                HAL_TIMEx_BreakCallback
 .text.USB_CoreInit
                0x000000000801df04       0xc2 ./Drivers/STM32F4xx_HAL_Driver/Src/stm32f4xx_ll_usb.o
                0x000000000801df04                USB_CoreInit
 *fill*         0x000000000801dfc6        0x2 
 .text.USB_SetTurnaroundTime
                0x000000000801dfc8      0x144 ./Drivers/STM32F4xx_HAL_Driver/Src/stm32f4xx_ll_usb.o
                0x000000000801dfc8                USB_SetTurnaroundTime
 .text.USB_EnableGlobalInt
                0x000000000801e10c       0x22 ./Drivers/STM32F4xx_HAL_Driver/Src/stm32f4xx_ll_usb.o
                0x000000000801e10c                USB_EnableGlobalInt
 .text.USB_DisableGlobalInt
                0x000000000801e12e       0x22 ./Drivers/STM32F4xx_HAL_Driver/Src/stm32f4xx_ll_usb.o
                0x000000000801e12e                USB_DisableGlobalInt
 .text.USB_SetCurrentMode
                0x000000000801e150       0x98 ./Drivers/STM32F4xx_HAL_Driver/Src/stm32f4xx_ll_usb.o
                0x000000000801e150                USB_SetCurrentMode
 .text.USB_DevInit
                0x000000000801e1e8      0x2bc ./Drivers/STM32F4xx_HAL_Driver/Src/stm32f4xx_ll_usb.o
                0x000000000801e1e8                USB_DevInit
 .text.USB_FlushTxFifo
                0x000000000801e4a4       0x48 ./Drivers/STM32F4xx_HAL_Driver/Src/stm32f4xx_ll_usb.o
                0x000000000801e4a4                USB_FlushTxFifo
 .text.USB_FlushRxFifo
                0x000000000801e4ec       0x40 ./Drivers/STM32F4xx_HAL_Driver/Src/stm32f4xx_ll_usb.o
                0x000000000801e4ec                USB_FlushRxFifo
 .text.USB_SetDevSpeed
                0x000000000801e52c       0x32 ./Drivers/STM32F4xx_HAL_Driver/Src/stm32f4xx_ll_usb.o
                0x000000000801e52c                USB_SetDevSpeed
 .text.USB_GetDevSpeed
                0x000000000801e55e       0x4a ./Drivers/STM32F4xx_HAL_Driver/Src/stm32f4xx_ll_usb.o
                0x000000000801e55e                USB_GetDevSpeed
 .text.USB_ActivateEndpoint
                0x000000000801e5a8      0x10e ./Drivers/STM32F4xx_HAL_Driver/Src/stm32f4xx_ll_usb.o
                0x000000000801e5a8                USB_ActivateEndpoint
 *fill*         0x000000000801e6b6        0x2 
 .text.USB_DeactivateEndpoint
                0x000000000801e6b8      0x1b8 ./Drivers/STM32F4xx_HAL_Driver/Src/stm32f4xx_ll_usb.o
                0x000000000801e6b8                USB_DeactivateEndpoint
 .text.USB_EPStartXfer
                0x000000000801e870      0x488 ./Drivers/STM32F4xx_HAL_Driver/Src/stm32f4xx_ll_usb.o
                0x000000000801e870                USB_EPStartXfer
 .text.USB_EP0StartXfer
                0x000000000801ecf8      0x2a6 ./Drivers/STM32F4xx_HAL_Driver/Src/stm32f4xx_ll_usb.o
                0x000000000801ecf8                USB_EP0StartXfer
 .text.USB_WritePacket
                0x000000000801ef9e       0x7c ./Drivers/STM32F4xx_HAL_Driver/Src/stm32f4xx_ll_usb.o
                0x000000000801ef9e                USB_WritePacket
 .text.USB_ReadPacket
                0x000000000801f01a       0xb0 ./Drivers/STM32F4xx_HAL_Driver/Src/stm32f4xx_ll_usb.o
                0x000000000801f01a                USB_ReadPacket
 .text.USB_EPSetStall
                0x000000000801f0ca       0xdc ./Drivers/STM32F4xx_HAL_Driver/Src/stm32f4xx_ll_usb.o
                0x000000000801f0ca                USB_EPSetStall
 .text.USB_EPClearStall
                0x000000000801f1a6       0xcc ./Drivers/STM32F4xx_HAL_Driver/Src/stm32f4xx_ll_usb.o
                0x000000000801f1a6                USB_EPClearStall
 .text.USB_SetDevAddress
                0x000000000801f272       0x4c ./Drivers/STM32F4xx_HAL_Driver/Src/stm32f4xx_ll_usb.o
                0x000000000801f272                USB_SetDevAddress
 .text.USB_DevConnect
                0x000000000801f2be       0x42 ./Drivers/STM32F4xx_HAL_Driver/Src/stm32f4xx_ll_usb.o
                0x000000000801f2be                USB_DevConnect
 .text.USB_DevDisconnect
                0x000000000801f300       0x42 ./Drivers/STM32F4xx_HAL_Driver/Src/stm32f4xx_ll_usb.o
                0x000000000801f300                USB_DevDisconnect
 .text.USB_ReadInterrupts
                0x000000000801f342       0x26 ./Drivers/STM32F4xx_HAL_Driver/Src/stm32f4xx_ll_usb.o
                0x000000000801f342                USB_ReadInterrupts
 .text.USB_ReadDevAllOutEpInterrupt
                0x000000000801f368       0x34 ./Drivers/STM32F4xx_HAL_Driver/Src/stm32f4xx_ll_usb.o
                0x000000000801f368                USB_ReadDevAllOutEpInterrupt
 .text.USB_ReadDevAllInEpInterrupt
                0x000000000801f39c       0x34 ./Drivers/STM32F4xx_HAL_Driver/Src/stm32f4xx_ll_usb.o
                0x000000000801f39c                USB_ReadDevAllInEpInterrupt
 .text.USB_ReadDevOutEPInterrupt
                0x000000000801f3d0       0x3c ./Drivers/STM32F4xx_HAL_Driver/Src/stm32f4xx_ll_usb.o
                0x000000000801f3d0                USB_ReadDevOutEPInterrupt
 .text.USB_ReadDevInEPInterrupt
                0x000000000801f40c       0x5c ./Drivers/STM32F4xx_HAL_Driver/Src/stm32f4xx_ll_usb.o
                0x000000000801f40c                USB_ReadDevInEPInterrupt
 .text.USB_GetMode
                0x000000000801f468       0x1c ./Drivers/STM32F4xx_HAL_Driver/Src/stm32f4xx_ll_usb.o
                0x000000000801f468                USB_GetMode
 .text.USB_ActivateSetup
                0x000000000801f484       0x46 ./Drivers/STM32F4xx_HAL_Driver/Src/stm32f4xx_ll_usb.o
                0x000000000801f484                USB_ActivateSetup
 *fill*         0x000000000801f4ca        0x2 
 .text.USB_EP0_OutStart
                0x000000000801f4cc       0xbc ./Drivers/STM32F4xx_HAL_Driver/Src/stm32f4xx_ll_usb.o
                0x000000000801f4cc                USB_EP0_OutStart
 .text.USB_CoreReset
                0x000000000801f588       0x64 ./Drivers/STM32F4xx_HAL_Driver/Src/stm32f4xx_ll_usb.o
 .text.USBD_MSC_Init
                0x000000000801f5ec       0x9a ./Middlewares/ST/STM32_USB_Device_Library/Class/MSC/Src/usbd_msc.o
                0x000000000801f5ec                USBD_MSC_Init
 .text.USBD_MSC_DeInit
                0x000000000801f686       0x58 ./Middlewares/ST/STM32_USB_Device_Library/Class/MSC/Src/usbd_msc.o
                0x000000000801f686                USBD_MSC_DeInit
 *fill*         0x000000000801f6de        0x2 
 .text.USBD_MSC_Setup
                0x000000000801f6e0      0x1e4 ./Middlewares/ST/STM32_USB_Device_Library/Class/MSC/Src/usbd_msc.o
                0x000000000801f6e0                USBD_MSC_Setup
 .text.USBD_MSC_DataIn
                0x000000000801f8c4       0x20 ./Middlewares/ST/STM32_USB_Device_Library/Class/MSC/Src/usbd_msc.o
                0x000000000801f8c4                USBD_MSC_DataIn
 .text.USBD_MSC_DataOut
                0x000000000801f8e4       0x20 ./Middlewares/ST/STM32_USB_Device_Library/Class/MSC/Src/usbd_msc.o
                0x000000000801f8e4                USBD_MSC_DataOut
 .text.USBD_MSC_GetHSCfgDesc
                0x000000000801f904       0x20 ./Middlewares/ST/STM32_USB_Device_Library/Class/MSC/Src/usbd_msc.o
                0x000000000801f904                USBD_MSC_GetHSCfgDesc
 .text.USBD_MSC_GetFSCfgDesc
                0x000000000801f924       0x20 ./Middlewares/ST/STM32_USB_Device_Library/Class/MSC/Src/usbd_msc.o
                0x000000000801f924                USBD_MSC_GetFSCfgDesc
 .text.USBD_MSC_GetOtherSpeedCfgDesc
                0x000000000801f944       0x20 ./Middlewares/ST/STM32_USB_Device_Library/Class/MSC/Src/usbd_msc.o
                0x000000000801f944                USBD_MSC_GetOtherSpeedCfgDesc
 .text.USBD_MSC_GetDeviceQualifierDescriptor
                0x000000000801f964       0x20 ./Middlewares/ST/STM32_USB_Device_Library/Class/MSC/Src/usbd_msc.o
                0x000000000801f964                USBD_MSC_GetDeviceQualifierDescriptor
 .text.USBD_MSC_RegisterStorage
                0x000000000801f984       0x2a ./Middlewares/ST/STM32_USB_Device_Library/Class/MSC/Src/usbd_msc.o
                0x000000000801f984                USBD_MSC_RegisterStorage
 .text.MSC_BOT_Init
                0x000000000801f9ae       0x70 ./Middlewares/ST/STM32_USB_Device_Library/Class/MSC/Src/usbd_msc_bot.o
                0x000000000801f9ae                MSC_BOT_Init
 .text.MSC_BOT_Reset
                0x000000000801fa1e       0x4c ./Middlewares/ST/STM32_USB_Device_Library/Class/MSC/Src/usbd_msc_bot.o
                0x000000000801fa1e                MSC_BOT_Reset
 .text.MSC_BOT_DeInit
                0x000000000801fa6a       0x28 ./Middlewares/ST/STM32_USB_Device_Library/Class/MSC/Src/usbd_msc_bot.o
                0x000000000801fa6a                MSC_BOT_DeInit
 .text.MSC_BOT_DataIn
                0x000000000801fa92       0x6c ./Middlewares/ST/STM32_USB_Device_Library/Class/MSC/Src/usbd_msc_bot.o
                0x000000000801fa92                MSC_BOT_DataIn
 .text.MSC_BOT_DataOut
                0x000000000801fafe       0x60 ./Middlewares/ST/STM32_USB_Device_Library/Class/MSC/Src/usbd_msc_bot.o
                0x000000000801fafe                MSC_BOT_DataOut
 *fill*         0x000000000801fb5e        0x2 
 .text.MSC_BOT_CBW_Decode
                0x000000000801fb60      0x118 ./Middlewares/ST/STM32_USB_Device_Library/Class/MSC/Src/usbd_msc_bot.o
 .text.MSC_BOT_SendData
                0x000000000801fc78       0x5e ./Middlewares/ST/STM32_USB_Device_Library/Class/MSC/Src/usbd_msc_bot.o
 *fill*         0x000000000801fcd6        0x2 
 .text.MSC_BOT_SendCSW
                0x000000000801fcd8       0x60 ./Middlewares/ST/STM32_USB_Device_Library/Class/MSC/Src/usbd_msc_bot.o
                0x000000000801fcd8                MSC_BOT_SendCSW
 .text.MSC_BOT_Abort
                0x000000000801fd38       0x64 ./Middlewares/ST/STM32_USB_Device_Library/Class/MSC/Src/usbd_msc_bot.o
 .text.MSC_BOT_CplClrFeature
                0x000000000801fd9c       0x5a ./Middlewares/ST/STM32_USB_Device_Library/Class/MSC/Src/usbd_msc_bot.o
                0x000000000801fd9c                MSC_BOT_CplClrFeature
 *fill*         0x000000000801fdf6        0x2 
 .text.SCSI_ProcessCmd
                0x000000000801fdf8      0x2fc ./Middlewares/ST/STM32_USB_Device_Library/Class/MSC/Src/usbd_msc_scsi.o
                0x000000000801fdf8                SCSI_ProcessCmd
 .text.SCSI_TestUnitReady
                0x00000000080200f4       0xa0 ./Middlewares/ST/STM32_USB_Device_Library/Class/MSC/Src/usbd_msc_scsi.o
 .text.SCSI_Inquiry
                0x0000000008020194       0xe8 ./Middlewares/ST/STM32_USB_Device_Library/Class/MSC/Src/usbd_msc_scsi.o
 .text.SCSI_ReadCapacity10
                0x000000000802027c       0xea ./Middlewares/ST/STM32_USB_Device_Library/Class/MSC/Src/usbd_msc_scsi.o
 .text.SCSI_ReadCapacity16
                0x0000000008020366      0x154 ./Middlewares/ST/STM32_USB_Device_Library/Class/MSC/Src/usbd_msc_scsi.o
 .text.SCSI_ReadFormatCapacity
                0x00000000080204ba       0xe4 ./Middlewares/ST/STM32_USB_Device_Library/Class/MSC/Src/usbd_msc_scsi.o
 *fill*         0x000000000802059e        0x2 
 .text.SCSI_ModeSense6
                0x00000000080205a0       0x58 ./Middlewares/ST/STM32_USB_Device_Library/Class/MSC/Src/usbd_msc_scsi.o
 .text.SCSI_ModeSense10
                0x00000000080205f8       0x58 ./Middlewares/ST/STM32_USB_Device_Library/Class/MSC/Src/usbd_msc_scsi.o
 .text.SCSI_RequestSense
                0x0000000008020650       0xfe ./Middlewares/ST/STM32_USB_Device_Library/Class/MSC/Src/usbd_msc_scsi.o
 .text.SCSI_SenseCode
                0x000000000802074e       0x8e ./Middlewares/ST/STM32_USB_Device_Library/Class/MSC/Src/usbd_msc_scsi.o
                0x000000000802074e                SCSI_SenseCode
 .text.SCSI_StartStopUnit
                0x00000000080207dc       0xa2 ./Middlewares/ST/STM32_USB_Device_Library/Class/MSC/Src/usbd_msc_scsi.o
 .text.SCSI_AllowPreventRemovable
                0x000000000802087e       0x52 ./Middlewares/ST/STM32_USB_Device_Library/Class/MSC/Src/usbd_msc_scsi.o
 .text.SCSI_Read10
                0x00000000080208d0      0x140 ./Middlewares/ST/STM32_USB_Device_Library/Class/MSC/Src/usbd_msc_scsi.o
 .text.SCSI_Read12
                0x0000000008020a10      0x156 ./Middlewares/ST/STM32_USB_Device_Library/Class/MSC/Src/usbd_msc_scsi.o
 .text.SCSI_Write10
                0x0000000008020b66      0x18a ./Middlewares/ST/STM32_USB_Device_Library/Class/MSC/Src/usbd_msc_scsi.o
 .text.SCSI_Write12
                0x0000000008020cf0      0x1aa ./Middlewares/ST/STM32_USB_Device_Library/Class/MSC/Src/usbd_msc_scsi.o
 .text.SCSI_Verify10
                0x0000000008020e9a       0x72 ./Middlewares/ST/STM32_USB_Device_Library/Class/MSC/Src/usbd_msc_scsi.o
 .text.SCSI_CheckAddressRange
                0x0000000008020f0c       0x50 ./Middlewares/ST/STM32_USB_Device_Library/Class/MSC/Src/usbd_msc_scsi.o
 .text.SCSI_ProcessRead
                0x0000000008020f5c       0xf2 ./Middlewares/ST/STM32_USB_Device_Library/Class/MSC/Src/usbd_msc_scsi.o
 .text.SCSI_ProcessWrite
                0x000000000802104e      0x112 ./Middlewares/ST/STM32_USB_Device_Library/Class/MSC/Src/usbd_msc_scsi.o
 .text.SCSI_UpdateBotData
                0x0000000008021160       0x52 ./Middlewares/ST/STM32_USB_Device_Library/Class/MSC/Src/usbd_msc_scsi.o
 .text.USBD_Init
                0x00000000080211b2       0x60 ./Middlewares/ST/STM32_USB_Device_Library/Core/Src/usbd_core.o
                0x00000000080211b2                USBD_Init
 .text.USBD_RegisterClass
                0x0000000008021212       0x4e ./Middlewares/ST/STM32_USB_Device_Library/Core/Src/usbd_core.o
                0x0000000008021212                USBD_RegisterClass
 .text.USBD_Start
                0x0000000008021260       0x18 ./Middlewares/ST/STM32_USB_Device_Library/Core/Src/usbd_core.o
                0x0000000008021260                USBD_Start
 .text.USBD_RunTestMode
                0x0000000008021278       0x16 ./Middlewares/ST/STM32_USB_Device_Library/Core/Src/usbd_core.o
                0x0000000008021278                USBD_RunTestMode
 .text.USBD_SetClassConfig
                0x000000000802128e       0x38 ./Middlewares/ST/STM32_USB_Device_Library/Core/Src/usbd_core.o
                0x000000000802128e                USBD_SetClassConfig
 .text.USBD_ClrClassConfig
                0x00000000080212c6       0x30 ./Middlewares/ST/STM32_USB_Device_Library/Core/Src/usbd_core.o
                0x00000000080212c6                USBD_ClrClassConfig
 .text.USBD_LL_SetupStage
                0x00000000080212f6       0xaa ./Middlewares/ST/STM32_USB_Device_Library/Core/Src/usbd_core.o
                0x00000000080212f6                USBD_LL_SetupStage
 .text.USBD_LL_DataOutStage
                0x00000000080213a0       0xc6 ./Middlewares/ST/STM32_USB_Device_Library/Core/Src/usbd_core.o
                0x00000000080213a0                USBD_LL_DataOutStage
 .text.USBD_LL_DataInStage
                0x0000000008021466      0x12c ./Middlewares/ST/STM32_USB_Device_Library/Core/Src/usbd_core.o
                0x0000000008021466                USBD_LL_DataInStage
 .text.USBD_LL_Reset
                0x0000000008021592       0x9c ./Middlewares/ST/STM32_USB_Device_Library/Core/Src/usbd_core.o
                0x0000000008021592                USBD_LL_Reset
 .text.USBD_LL_SetSpeed
                0x000000000802162e       0x20 ./Middlewares/ST/STM32_USB_Device_Library/Core/Src/usbd_core.o
                0x000000000802162e                USBD_LL_SetSpeed
 .text.USBD_LL_Suspend
                0x000000000802164e       0x2c ./Middlewares/ST/STM32_USB_Device_Library/Core/Src/usbd_core.o
                0x000000000802164e                USBD_LL_Suspend
 .text.USBD_LL_Resume
                0x000000000802167a       0x30 ./Middlewares/ST/STM32_USB_Device_Library/Core/Src/usbd_core.o
                0x000000000802167a                USBD_LL_Resume
 .text.USBD_LL_SOF
                0x00000000080216aa       0x44 ./Middlewares/ST/STM32_USB_Device_Library/Core/Src/usbd_core.o
                0x00000000080216aa                USBD_LL_SOF
 .text.USBD_LL_IsoINIncomplete
                0x00000000080216ee       0x4c ./Middlewares/ST/STM32_USB_Device_Library/Core/Src/usbd_core.o
                0x00000000080216ee                USBD_LL_IsoINIncomplete
 .text.USBD_LL_IsoOUTIncomplete
                0x000000000802173a       0x4c ./Middlewares/ST/STM32_USB_Device_Library/Core/Src/usbd_core.o
                0x000000000802173a                USBD_LL_IsoOUTIncomplete
 .text.USBD_LL_DevConnected
                0x0000000008021786       0x16 ./Middlewares/ST/STM32_USB_Device_Library/Core/Src/usbd_core.o
                0x0000000008021786                USBD_LL_DevConnected
 .text.USBD_LL_DevDisconnected
                0x000000000802179c       0x38 ./Middlewares/ST/STM32_USB_Device_Library/Core/Src/usbd_core.o
                0x000000000802179c                USBD_LL_DevDisconnected
 .text.SWAPBYTE
                0x00000000080217d4       0x3c ./Middlewares/ST/STM32_USB_Device_Library/Core/Src/usbd_ctlreq.o
 .text.USBD_StdDevReq
                0x0000000008021810       0xdc ./Middlewares/ST/STM32_USB_Device_Library/Core/Src/usbd_ctlreq.o
                0x0000000008021810                USBD_StdDevReq
 .text.USBD_StdItfReq
                0x00000000080218ec       0x92 ./Middlewares/ST/STM32_USB_Device_Library/Core/Src/usbd_ctlreq.o
                0x00000000080218ec                USBD_StdItfReq
 .text.USBD_StdEPReq
                0x000000000802197e      0x2c4 ./Middlewares/ST/STM32_USB_Device_Library/Core/Src/usbd_ctlreq.o
                0x000000000802197e                USBD_StdEPReq
 *fill*         0x0000000008021c42        0x2 
 .text.USBD_GetDescriptor
                0x0000000008021c44      0x328 ./Middlewares/ST/STM32_USB_Device_Library/Core/Src/usbd_ctlreq.o
 .text.USBD_SetAddress
                0x0000000008021f6c       0x88 ./Middlewares/ST/STM32_USB_Device_Library/Core/Src/usbd_ctlreq.o
 .text.USBD_SetConfig
                0x0000000008021ff4      0x14c ./Middlewares/ST/STM32_USB_Device_Library/Core/Src/usbd_ctlreq.o
 .text.USBD_GetConfig
                0x0000000008022140       0x6c ./Middlewares/ST/STM32_USB_Device_Library/Core/Src/usbd_ctlreq.o
 .text.USBD_GetStatus
                0x00000000080221ac       0x68 ./Middlewares/ST/STM32_USB_Device_Library/Core/Src/usbd_ctlreq.o
 .text.USBD_SetFeature
                0x0000000008022214       0x28 ./Middlewares/ST/STM32_USB_Device_Library/Core/Src/usbd_ctlreq.o
 .text.USBD_ClrFeature
                0x000000000802223c       0x44 ./Middlewares/ST/STM32_USB_Device_Library/Core/Src/usbd_ctlreq.o
 .text.USBD_ParseSetupRequest
                0x0000000008022280       0x74 ./Middlewares/ST/STM32_USB_Device_Library/Core/Src/usbd_ctlreq.o
                0x0000000008022280                USBD_ParseSetupRequest
 .text.USBD_CtlError
                0x00000000080222f4       0x22 ./Middlewares/ST/STM32_USB_Device_Library/Core/Src/usbd_ctlreq.o
                0x00000000080222f4                USBD_CtlError
 .text.USBD_GetString
                0x0000000008022316       0x8c ./Middlewares/ST/STM32_USB_Device_Library/Core/Src/usbd_ctlreq.o
                0x0000000008022316                USBD_GetString
 .text.USBD_GetLen
                0x00000000080223a2       0x34 ./Middlewares/ST/STM32_USB_Device_Library/Core/Src/usbd_ctlreq.o
 .text.USBD_CtlSendData
                0x00000000080223d6       0x36 ./Middlewares/ST/STM32_USB_Device_Library/Core/Src/usbd_ioreq.o
                0x00000000080223d6                USBD_CtlSendData
 .text.USBD_CtlContinueSendData
                0x000000000802240c       0x22 ./Middlewares/ST/STM32_USB_Device_Library/Core/Src/usbd_ioreq.o
                0x000000000802240c                USBD_CtlContinueSendData
 .text.USBD_CtlContinueRx
                0x000000000802242e       0x22 ./Middlewares/ST/STM32_USB_Device_Library/Core/Src/usbd_ioreq.o
                0x000000000802242e                USBD_CtlContinueRx
 .text.USBD_CtlSendStatus
                0x0000000008022450       0x26 ./Middlewares/ST/STM32_USB_Device_Library/Core/Src/usbd_ioreq.o
                0x0000000008022450                USBD_CtlSendStatus
 .text.USBD_CtlReceiveStatus
                0x0000000008022476       0x26 ./Middlewares/ST/STM32_USB_Device_Library/Core/Src/usbd_ioreq.o
                0x0000000008022476                USBD_CtlReceiveStatus
 .text.MX_USB_DEVICE_Init
                0x000000000802249c       0x60 ./USB_DEVICE/App/usb_device.o
                0x000000000802249c                MX_USB_DEVICE_Init
 .text.USBD_FS_DeviceDescriptor
                0x00000000080224fc       0x24 ./USB_DEVICE/App/usbd_desc.o
                0x00000000080224fc                USBD_FS_DeviceDescriptor
 .text.USBD_FS_LangIDStrDescriptor
                0x0000000008022520       0x24 ./USB_DEVICE/App/usbd_desc.o
                0x0000000008022520                USBD_FS_LangIDStrDescriptor
 .text.USBD_FS_ProductStrDescriptor
                0x0000000008022544       0x3c ./USB_DEVICE/App/usbd_desc.o
                0x0000000008022544                USBD_FS_ProductStrDescriptor
 .text.USBD_FS_ManufacturerStrDescriptor
                0x0000000008022580       0x28 ./USB_DEVICE/App/usbd_desc.o
                0x0000000008022580                USBD_FS_ManufacturerStrDescriptor
 .text.USBD_FS_SerialStrDescriptor
                0x00000000080225a8       0x24 ./USB_DEVICE/App/usbd_desc.o
                0x00000000080225a8                USBD_FS_SerialStrDescriptor
 .text.USBD_FS_ConfigStrDescriptor
                0x00000000080225cc       0x3c ./USB_DEVICE/App/usbd_desc.o
                0x00000000080225cc                USBD_FS_ConfigStrDescriptor
 .text.USBD_FS_InterfaceStrDescriptor
                0x0000000008022608       0x3c ./USB_DEVICE/App/usbd_desc.o
                0x0000000008022608                USBD_FS_InterfaceStrDescriptor
 .text.USBD_FS_USR_BOSDescriptor
                0x0000000008022644       0x24 ./USB_DEVICE/App/usbd_desc.o
                0x0000000008022644                USBD_FS_USR_BOSDescriptor
 .text.Get_SerialNum
                0x0000000008022668       0x58 ./USB_DEVICE/App/usbd_desc.o
 .text.IntToUnicode
                0x00000000080226c0       0x7e ./USB_DEVICE/App/usbd_desc.o
 .text.STORAGE_Init_FS
                0x000000000802273e       0x18 ./USB_DEVICE/App/usbd_storage_if.o
 .text.STORAGE_GetCapacity_FS
                0x0000000008022756       0x2c ./USB_DEVICE/App/usbd_storage_if.o
 .text.STORAGE_IsReady_FS
                0x0000000008022782       0x18 ./USB_DEVICE/App/usbd_storage_if.o
 .text.STORAGE_IsWriteProtected_FS
                0x000000000802279a       0x18 ./USB_DEVICE/App/usbd_storage_if.o
 .text.STORAGE_Read_FS
                0x00000000080227b2       0x2e ./USB_DEVICE/App/usbd_storage_if.o
 .text.STORAGE_Write_FS
                0x00000000080227e0       0x2a ./USB_DEVICE/App/usbd_storage_if.o
 .text.STORAGE_GetMaxLun_FS
                0x000000000802280a       0x10 ./USB_DEVICE/App/usbd_storage_if.o
 *fill*         0x000000000802281a        0x2 
 .text.HAL_PCD_MspInit
                0x000000000802281c       0xec ./USB_DEVICE/Target/usbd_conf.o
                0x000000000802281c                HAL_PCD_MspInit
 .text.HAL_PCD_SetupStageCallback
                0x0000000008022908       0x24 ./USB_DEVICE/Target/usbd_conf.o
                0x0000000008022908                HAL_PCD_SetupStageCallback
 .text.HAL_PCD_DataOutStageCallback
                0x000000000802292c       0x36 ./USB_DEVICE/Target/usbd_conf.o
                0x000000000802292c                HAL_PCD_DataOutStageCallback
 .text.HAL_PCD_DataInStageCallback
                0x0000000008022962       0x34 ./USB_DEVICE/Target/usbd_conf.o
                0x0000000008022962                HAL_PCD_DataInStageCallback
 .text.HAL_PCD_SOFCallback
                0x0000000008022996       0x1c ./USB_DEVICE/Target/usbd_conf.o
                0x0000000008022996                HAL_PCD_SOFCallback
 .text.HAL_PCD_ResetCallback
                0x00000000080229b2       0x50 ./USB_DEVICE/Target/usbd_conf.o
                0x00000000080229b2                HAL_PCD_ResetCallback
 *fill*         0x0000000008022a02        0x2 
 .text.HAL_PCD_SuspendCallback
                0x0000000008022a04       0x4c ./USB_DEVICE/Target/usbd_conf.o
                0x0000000008022a04                HAL_PCD_SuspendCallback
 .text.HAL_PCD_ResumeCallback
                0x0000000008022a50       0x1c ./USB_DEVICE/Target/usbd_conf.o
                0x0000000008022a50                HAL_PCD_ResumeCallback
 .text.HAL_PCD_ISOOUTIncompleteCallback
                0x0000000008022a6c       0x24 ./USB_DEVICE/Target/usbd_conf.o
                0x0000000008022a6c                HAL_PCD_ISOOUTIncompleteCallback
 .text.HAL_PCD_ISOINIncompleteCallback
                0x0000000008022a90       0x24 ./USB_DEVICE/Target/usbd_conf.o
                0x0000000008022a90                HAL_PCD_ISOINIncompleteCallback
 .text.HAL_PCD_ConnectCallback
                0x0000000008022ab4       0x1c ./USB_DEVICE/Target/usbd_conf.o
                0x0000000008022ab4                HAL_PCD_ConnectCallback
 .text.HAL_PCD_DisconnectCallback
                0x0000000008022ad0       0x1c ./USB_DEVICE/Target/usbd_conf.o
                0x0000000008022ad0                HAL_PCD_DisconnectCallback
 .text.USBD_LL_Init
                0x0000000008022aec       0x98 ./USB_DEVICE/Target/usbd_conf.o
                0x0000000008022aec                USBD_LL_Init
 .text.USBD_LL_Start
                0x0000000008022b84       0x36 ./USB_DEVICE/Target/usbd_conf.o
                0x0000000008022b84                USBD_LL_Start
 .text.USBD_LL_OpenEP
                0x0000000008022bba       0x4c ./USB_DEVICE/Target/usbd_conf.o
                0x0000000008022bba                USBD_LL_OpenEP
 .text.USBD_LL_CloseEP
                0x0000000008022c06       0x3e ./USB_DEVICE/Target/usbd_conf.o
                0x0000000008022c06                USBD_LL_CloseEP
 .text.USBD_LL_FlushEP
                0x0000000008022c44       0x3e ./USB_DEVICE/Target/usbd_conf.o
                0x0000000008022c44                USBD_LL_FlushEP
 .text.USBD_LL_StallEP
                0x0000000008022c82       0x3e ./USB_DEVICE/Target/usbd_conf.o
                0x0000000008022c82                USBD_LL_StallEP
 .text.USBD_LL_ClearStallEP
                0x0000000008022cc0       0x3e ./USB_DEVICE/Target/usbd_conf.o
                0x0000000008022cc0                USBD_LL_ClearStallEP
 .text.USBD_LL_IsStallEP
                0x0000000008022cfe       0x58 ./USB_DEVICE/Target/usbd_conf.o
                0x0000000008022cfe                USBD_LL_IsStallEP
 .text.USBD_LL_SetUSBAddress
                0x0000000008022d56       0x3e ./USB_DEVICE/Target/usbd_conf.o
                0x0000000008022d56                USBD_LL_SetUSBAddress
 .text.USBD_LL_Transmit
                0x0000000008022d94       0x42 ./USB_DEVICE/Target/usbd_conf.o
                0x0000000008022d94                USBD_LL_Transmit
 .text.USBD_LL_PrepareReceive
                0x0000000008022dd6       0x42 ./USB_DEVICE/Target/usbd_conf.o
                0x0000000008022dd6                USBD_LL_PrepareReceive
 .text.USBD_LL_GetRxDataSize
                0x0000000008022e18       0x26 ./USB_DEVICE/Target/usbd_conf.o
                0x0000000008022e18                USBD_LL_GetRxDataSize
 *fill*         0x0000000008022e3e        0x2 
 .text.HAL_PCDEx_LPM_Callback
                0x0000000008022e40       0x9c ./USB_DEVICE/Target/usbd_conf.o
                0x0000000008022e40                HAL_PCDEx_LPM_Callback
 .text.USBD_static_malloc
                0x0000000008022edc       0x1c ./USB_DEVICE/Target/usbd_conf.o
                0x0000000008022edc                USBD_static_malloc
 .text.USBD_static_free
                0x0000000008022ef8       0x14 ./USB_DEVICE/Target/usbd_conf.o
                0x0000000008022ef8                USBD_static_free
 .text.USBD_Get_USB_Status
                0x0000000008022f0c       0x58 ./USB_DEVICE/Target/usbd_conf.o
                0x0000000008022f0c                USBD_Get_USB_Status
 .text.__errno  0x0000000008022f64        0xc c:/st/stm32cubeide_1.6.1/stm32cubeide/plugins/com.st.stm32cube.ide.mcu.externaltools.gnu-tools-for-stm32.9-2020-q2-update.win32_2.0.0.202105311346/tools/bin/../lib/gcc/arm-none-eabi/9.3.1/../../../../arm-none-eabi/lib/thumb/v7e-m+fp/hard\libc_nano.a(lib_a-errno.o)
                0x0000000008022f64                __errno
 .text.__libc_init_array
                0x0000000008022f70       0x48 c:/st/stm32cubeide_1.6.1/stm32cubeide/plugins/com.st.stm32cube.ide.mcu.externaltools.gnu-tools-for-stm32.9-2020-q2-update.win32_2.0.0.202105311346/tools/bin/../lib/gcc/arm-none-eabi/9.3.1/../../../../arm-none-eabi/lib/thumb/v7e-m+fp/hard\libc_nano.a(lib_a-init.o)
                0x0000000008022f70                __libc_init_array
 .text.malloc   0x0000000008022fb8       0x10 c:/st/stm32cubeide_1.6.1/stm32cubeide/plugins/com.st.stm32cube.ide.mcu.externaltools.gnu-tools-for-stm32.9-2020-q2-update.win32_2.0.0.202105311346/tools/bin/../lib/gcc/arm-none-eabi/9.3.1/../../../../arm-none-eabi/lib/thumb/v7e-m+fp/hard\libc_nano.a(lib_a-malloc.o)
                0x0000000008022fb8                malloc
 .text.free     0x0000000008022fc8       0x10 c:/st/stm32cubeide_1.6.1/stm32cubeide/plugins/com.st.stm32cube.ide.mcu.externaltools.gnu-tools-for-stm32.9-2020-q2-update.win32_2.0.0.202105311346/tools/bin/../lib/gcc/arm-none-eabi/9.3.1/../../../../arm-none-eabi/lib/thumb/v7e-m+fp/hard\libc_nano.a(lib_a-malloc.o)
                0x0000000008022fc8                free
 .text.memcpy   0x0000000008022fd8       0x1c c:/st/stm32cubeide_1.6.1/stm32cubeide/plugins/com.st.stm32cube.ide.mcu.externaltools.gnu-tools-for-stm32.9-2020-q2-update.win32_2.0.0.202105311346/tools/bin/../lib/gcc/arm-none-eabi/9.3.1/../../../../arm-none-eabi/lib/thumb/v7e-m+fp/hard\libc_nano.a(lib_a-memcpy-stub.o)
                0x0000000008022fd8                memcpy
 .text.memset   0x0000000008022ff4       0x10 c:/st/stm32cubeide_1.6.1/stm32cubeide/plugins/com.st.stm32cube.ide.mcu.externaltools.gnu-tools-for-stm32.9-2020-q2-update.win32_2.0.0.202105311346/tools/bin/../lib/gcc/arm-none-eabi/9.3.1/../../../../arm-none-eabi/lib/thumb/v7e-m+fp/hard\libc_nano.a(lib_a-memset.o)
                0x0000000008022ff4                memset
 .text._free_r  0x0000000008023004       0xa0 c:/st/stm32cubeide_1.6.1/stm32cubeide/plugins/com.st.stm32cube.ide.mcu.externaltools.gnu-tools-for-stm32.9-2020-q2-update.win32_2.0.0.202105311346/tools/bin/../lib/gcc/arm-none-eabi/9.3.1/../../../../arm-none-eabi/lib/thumb/v7e-m+fp/hard\libc_nano.a(lib_a-nano-freer.o)
                0x0000000008023004                _free_r
 .text._malloc_r
                0x00000000080230a4       0xb4 c:/st/stm32cubeide_1.6.1/stm32cubeide/plugins/com.st.stm32cube.ide.mcu.externaltools.gnu-tools-for-stm32.9-2020-q2-update.win32_2.0.0.202105311346/tools/bin/../lib/gcc/arm-none-eabi/9.3.1/../../../../arm-none-eabi/lib/thumb/v7e-m+fp/hard\libc_nano.a(lib_a-nano-mallocr.o)
                0x00000000080230a4                _malloc_r
 .text._sbrk_r  0x0000000008023158       0x20 c:/st/stm32cubeide_1.6.1/stm32cubeide/plugins/com.st.stm32cube.ide.mcu.externaltools.gnu-tools-for-stm32.9-2020-q2-update.win32_2.0.0.202105311346/tools/bin/../lib/gcc/arm-none-eabi/9.3.1/../../../../arm-none-eabi/lib/thumb/v7e-m+fp/hard\libc_nano.a(lib_a-sbrkr.o)
                0x0000000008023158                _sbrk_r
 .text.__malloc_lock
                0x0000000008023178        0xc c:/st/stm32cubeide_1.6.1/stm32cubeide/plugins/com.st.stm32cube.ide.mcu.externaltools.gnu-tools-for-stm32.9-2020-q2-update.win32_2.0.0.202105311346/tools/bin/../lib/gcc/arm-none-eabi/9.3.1/../../../../arm-none-eabi/lib/thumb/v7e-m+fp/hard\libc_nano.a(lib_a-mlock.o)
                0x0000000008023178                __malloc_lock
 .text.__malloc_unlock
                0x0000000008023184        0xc c:/st/stm32cubeide_1.6.1/stm32cubeide/plugins/com.st.stm32cube.ide.mcu.externaltools.gnu-tools-for-stm32.9-2020-q2-update.win32_2.0.0.202105311346/tools/bin/../lib/gcc/arm-none-eabi/9.3.1/../../../../arm-none-eabi/lib/thumb/v7e-m+fp/hard\libc_nano.a(lib_a-mlock.o)
                0x0000000008023184                __malloc_unlock
 .text.__retarget_lock_acquire_recursive
                0x0000000008023190        0x2 c:/st/stm32cubeide_1.6.1/stm32cubeide/plugins/com.st.stm32cube.ide.mcu.externaltools.gnu-tools-for-stm32.9-2020-q2-update.win32_2.0.0.202105311346/tools/bin/../lib/gcc/arm-none-eabi/9.3.1/../../../../arm-none-eabi/lib/thumb/v7e-m+fp/hard\libc_nano.a(lib_a-lock.o)
                0x0000000008023190                __retarget_lock_acquire_recursive
 .text.__retarget_lock_release_recursive
                0x0000000008023192        0x2 c:/st/stm32cubeide_1.6.1/stm32cubeide/plugins/com.st.stm32cube.ide.mcu.externaltools.gnu-tools-for-stm32.9-2020-q2-update.win32_2.0.0.202105311346/tools/bin/../lib/gcc/arm-none-eabi/9.3.1/../../../../arm-none-eabi/lib/thumb/v7e-m+fp/hard\libc_nano.a(lib_a-lock.o)
                0x0000000008023192                __retarget_lock_release_recursive
 *(.glue_7)
 .glue_7        0x0000000008023194        0x0 linker stubs
 *(.glue_7t)
 .glue_7t       0x0000000008023194        0x0 linker stubs
 *(.eh_frame)
 .eh_frame      0x0000000008023194        0x0 c:/st/stm32cubeide_1.6.1/stm32cubeide/plugins/com.st.stm32cube.ide.mcu.externaltools.gnu-tools-for-stm32.9-2020-q2-update.win32_2.0.0.202105311346/tools/bin/../lib/gcc/arm-none-eabi/9.3.1/thumb/v7e-m+fp/hard/crtbegin.o
 *(.init)
 .init          0x0000000008023194        0x4 c:/st/stm32cubeide_1.6.1/stm32cubeide/plugins/com.st.stm32cube.ide.mcu.externaltools.gnu-tools-for-stm32.9-2020-q2-update.win32_2.0.0.202105311346/tools/bin/../lib/gcc/arm-none-eabi/9.3.1/thumb/v7e-m+fp/hard/crti.o
                0x0000000008023194                _init
 .init          0x0000000008023198        0x8 c:/st/stm32cubeide_1.6.1/stm32cubeide/plugins/com.st.stm32cube.ide.mcu.externaltools.gnu-tools-for-stm32.9-2020-q2-update.win32_2.0.0.202105311346/tools/bin/../lib/gcc/arm-none-eabi/9.3.1/thumb/v7e-m+fp/hard/crtn.o
 *(.fini)
 .fini          0x00000000080231a0        0x4 c:/st/stm32cubeide_1.6.1/stm32cubeide/plugins/com.st.stm32cube.ide.mcu.externaltools.gnu-tools-for-stm32.9-2020-q2-update.win32_2.0.0.202105311346/tools/bin/../lib/gcc/arm-none-eabi/9.3.1/thumb/v7e-m+fp/hard/crti.o
                0x00000000080231a0                _fini
 .fini          0x00000000080231a4        0x8 c:/st/stm32cubeide_1.6.1/stm32cubeide/plugins/com.st.stm32cube.ide.mcu.externaltools.gnu-tools-for-stm32.9-2020-q2-update.win32_2.0.0.202105311346/tools/bin/../lib/gcc/arm-none-eabi/9.3.1/thumb/v7e-m+fp/hard/crtn.o
                0x00000000080231ac                . = ALIGN (0x4)
                0x00000000080231ac                _etext = .

.vfp11_veneer   0x00000000080231ac        0x0
 .vfp11_veneer  0x00000000080231ac        0x0 linker stubs

.v4_bx          0x00000000080231ac        0x0
 .v4_bx         0x00000000080231ac        0x0 linker stubs

.iplt           0x00000000080231ac        0x0
 .iplt          0x00000000080231ac        0x0 c:/st/stm32cubeide_1.6.1/stm32cubeide/plugins/com.st.stm32cube.ide.mcu.externaltools.gnu-tools-for-stm32.9-2020-q2-update.win32_2.0.0.202105311346/tools/bin/../lib/gcc/arm-none-eabi/9.3.1/thumb/v7e-m+fp/hard/crtbegin.o

.rodata         0x00000000080001c4     0x21c8
                0x00000000080001c4                . = ALIGN (0x4)
 *(.rodata)
 .rodata        0x00000000080001c4       0x26 ./Core/Src/Draw.o
 *fill*         0x00000000080001ea        0x2 
 .rodata        0x00000000080001ec      0x75c ./Core/Src/File.o
 .rodata        0x0000000008000948       0xac ./Core/Src/Menu.o
 .rodata        0x00000000080009f4       0x8f ./Core/Src/main.o
 *fill*         0x0000000008000a83        0x1 
 .rodata        0x0000000008000a84       0x42 ./USB_DEVICE/App/usbd_desc.o
 *(.rodata*)
 *fill*         0x0000000008000ac6        0x2 
 .rodata.FPSC   0x0000000008000ac8       0x20 ./Core/Src/Bios.o
                0x0000000008000ac8                FPSC
 .rodata.FARR   0x0000000008000ae8       0x20 ./Core/Src/Bios.o
                0x0000000008000ae8                FARR
 .rodata.PSC    0x0000000008000b08       0x28 ./Core/Src/Bios.o
                0x0000000008000b08                PSC
 .rodata.ARR    0x0000000008000b30       0x28 ./Core/Src/Bios.o
                0x0000000008000b30                ARR
 .rodata.DEMO   0x0000000008000b58      0x136 ./Core/Src/Draw.o
                0x0000000008000b58                DEMO
 *fill*         0x0000000008000c8e        0x2 
 .rodata.CHAR8x14
                0x0000000008000c90      0x600 ./Core/Src/Draw.o
                0x0000000008000c90                CHAR8x14
 .rodata.SYMB8x14
                0x0000000008001290      0x200 ./Core/Src/Draw.o
                0x0000000008001290                SYMB8x14
 .rodata.SYMB6x8
                0x0000000008001490      0x234 ./Core/Src/Draw.o
                0x0000000008001490                SYMB6x8
 .rodata.CHAR6x8
                0x00000000080016c4      0x234 ./Core/Src/Draw.o
                0x00000000080016c4                CHAR6x8
 .rodata.SYMB10x14
                0x00000000080018f8       0xa0 ./Core/Src/Draw.o
                0x00000000080018f8                SYMB10x14
 .rodata.CHAR10x14
                0x0000000008001998       0x14 ./Core/Src/Draw.o
                0x0000000008001998                CHAR10x14
 .rodata.Vol_Str
                0x00000000080019ac       0x50 ./Core/Src/File.o
                0x00000000080019ac                Vol_Str
 .rodata.Vol_10X
                0x00000000080019fc       0x50 ./Core/Src/File.o
                0x00000000080019fc                Vol_10X
 .rodata.VScale_Str
                0x0000000008001a4c       0x3c ./Core/Src/File.o
                0x0000000008001a4c                VScale_Str
 .rodata.VScale_Str_10X
                0x0000000008001a88       0x3c ./Core/Src/File.o
                0x0000000008001a88                VScale_Str_10X
 .rodata.TScale_Str
                0x0000000008001ac4       0xa0 ./Core/Src/File.o
                0x0000000008001ac4                TScale_Str
 .rodata.BMP_Color
                0x0000000008001b64       0x20 ./Core/Src/File.o
                0x0000000008001b64                BMP_Color
 .rodata.BmpHead
                0x0000000008001b84       0x36 ./Core/Src/File.o
                0x0000000008001b84                BmpHead
 *fill*         0x0000000008001bba        0x2 
 .rodata.CLK_TAB
                0x0000000008001bbc       0x58 ./Core/Src/File.o
                0x0000000008001bbc                CLK_TAB
 .rodata.A      0x0000000008001c14        0xc ./Core/Src/Menu.o
                0x0000000008001c14                A
 .rodata.C      0x0000000008001c20       0x2a ./Core/Src/Menu.o
                0x0000000008001c20                C
 *fill*         0x0000000008001c4a        0x2 
 .rodata.D      0x0000000008001c4c       0x18 ./Core/Src/Menu.o
                0x0000000008001c4c                D
 .rodata.E      0x0000000008001c64        0xc ./Core/Src/Menu.o
                0x0000000008001c64                E
 .rodata.F      0x0000000008001c70       0x18 ./Core/Src/Menu.o
                0x0000000008001c70                F
 .rodata.I      0x0000000008001c88       0x2a ./Core/Src/Menu.o
                0x0000000008001c88                I
 *fill*         0x0000000008001cb2        0x2 
 .rodata.M      0x0000000008001cb4       0x1e ./Core/Src/Menu.o
                0x0000000008001cb4                M
 *fill*         0x0000000008001cd2        0x2 
 .rodata.N      0x0000000008001cd4        0xc ./Core/Src/Menu.o
                0x0000000008001cd4                N
 .rodata.P      0x0000000008001ce0        0x6 ./Core/Src/Menu.o
                0x0000000008001ce0                P